[0.039s] Invoking command in '/home/xav2000/mower_ws/build/mower_hardware': CMAKE_PREFIX_PATH=${CMAKE_PREFIX_PATH}:/opt/ros/humble /usr/bin/cmake /home/xav2000/mower_ws/src/mower_hardware -DCMAKE_INSTALL_PREFIX=/home/xav2000/mower_ws/install/mower_hardware
[0.873s] -- The C compiler identification is GNU 11.4.0
[1.575s] -- The CXX compiler identification is GNU 11.4.0
[1.617s] -- Detecting C compiler ABI info
[1.939s] -- Detecting C compiler ABI info - done
[1.964s] -- Check for working C compiler: /usr/bin/cc - skipped
[1.965s] -- Detecting C compile features
[1.968s] -- Detecting C compile features - done
[1.982s] -- Detecting CXX compiler ABI info
[2.328s] -- Detecting CXX compiler ABI info - done
[2.353s] -- Check for working CXX compiler: /usr/bin/c++ - skipped
[2.354s] -- Detecting CXX compile features
[2.356s] -- Detecting CXX compile features - done
[2.383s] -- Found ament_cmake: 1.3.14 (/opt/ros/humble/share/ament_cmake/cmake)
[3.068s] -- Found Python3: /usr/bin/python3 (found version "3.10.12") found components: Interpreter 
[3.607s] -- Found ament_lint_auto: 0.12.15 (/opt/ros/humble/share/ament_lint_auto/cmake)
[4.021s] -- Added test 'flake8' to check Python code syntax and style conventions
[4.026s] -- Added test 'lint_cmake' to check CMake code style
[4.030s] -- Added test 'pep257' to check Python code against some of the docstring style conventions in PEP 257
[4.041s] -- Added test 'xmllint' to check XML markup files
[4.050s] -- Configuring done
[4.070s] -- Generating done
[4.078s] -- Build files have been written to: /home/xav2000/mower_ws/build/mower_hardware
[4.092s] Invoked command in '/home/xav2000/mower_ws/build/mower_hardware' returned '0': CMAKE_PREFIX_PATH=${CMAKE_PREFIX_PATH}:/opt/ros/humble /usr/bin/cmake /home/xav2000/mower_ws/src/mower_hardware -DCMAKE_INSTALL_PREFIX=/home/xav2000/mower_ws/install/mower_hardware
[4.101s] Invoking command in '/home/xav2000/mower_ws/build/mower_hardware': CMAKE_PREFIX_PATH=${CMAKE_PREFIX_PATH}:/opt/ros/humble /usr/bin/cmake --build /home/xav2000/mower_ws/build/mower_hardware -- -j4 -l4
[4.235s] Invoked command in '/home/xav2000/mower_ws/build/mower_hardware' returned '0': CMAKE_PREFIX_PATH=${CMAKE_PREFIX_PATH}:/opt/ros/humble /usr/bin/cmake --build /home/xav2000/mower_ws/build/mower_hardware -- -j4 -l4
[4.272s] Invoking command in '/home/xav2000/mower_ws/build/mower_hardware': CMAKE_PREFIX_PATH=${CMAKE_PREFIX_PATH}:/opt/ros/humble /usr/bin/cmake --install /home/xav2000/mower_ws/build/mower_hardware
[4.299s] -- Install configuration: ""
[4.299s] -- Installing: /home/xav2000/mower_ws/install/mower_hardware/share/mower_hardware/config
[4.300s] -- Installing: /home/xav2000/mower_ws/install/mower_hardware/share/mower_hardware/config/centipede_params.yaml
[4.301s] -- Installing: /home/xav2000/mower_ws/install/mower_hardware/lib/mower_hardware/motor_driver_node.py
[4.303s] -- Installing: /home/xav2000/mower_ws/install/mower_hardware/share/ament_index/resource_index/package_run_dependencies/mower_hardware
[4.304s] -- Installing: /home/xav2000/mower_ws/install/mower_hardware/share/ament_index/resource_index/parent_prefix_path/mower_hardware
[4.306s] -- Installing: /home/xav2000/mower_ws/install/mower_hardware/share/mower_hardware/environment/ament_prefix_path.sh
[4.307s] -- Installing: /home/xav2000/mower_ws/install/mower_hardware/share/mower_hardware/environment/ament_prefix_path.dsv
[4.308s] -- Installing: /home/xav2000/mower_ws/install/mower_hardware/share/mower_hardware/environment/path.sh
[4.309s] -- Installing: /home/xav2000/mower_ws/install/mower_hardware/share/mower_hardware/environment/path.dsv
[4.310s] -- Installing: /home/xav2000/mower_ws/install/mower_hardware/share/mower_hardware/local_setup.bash
[4.311s] -- Installing: /home/xav2000/mower_ws/install/mower_hardware/share/mower_hardware/local_setup.sh
[4.312s] -- Installing: /home/xav2000/mower_ws/install/mower_hardware/share/mower_hardware/local_setup.zsh
[4.313s] -- Installing: /home/xav2000/mower_ws/install/mower_hardware/share/mower_hardware/local_setup.dsv
[4.314s] -- Installing: /home/xav2000/mower_ws/install/mower_hardware/share/mower_hardware/package.dsv
[4.316s] -- Installing: /home/xav2000/mower_ws/install/mower_hardware/share/ament_index/resource_index/packages/mower_hardware
[4.317s] -- Installing: /home/xav2000/mower_ws/install/mower_hardware/share/mower_hardware/cmake/mower_hardwareConfig.cmake
[4.318s] -- Installing: /home/xav2000/mower_ws/install/mower_hardware/share/mower_hardware/cmake/mower_hardwareConfig-version.cmake
[4.319s] -- Installing: /home/xav2000/mower_ws/install/mower_hardware/share/mower_hardware/package.xml
[4.325s] Invoked command in '/home/xav2000/mower_ws/build/mower_hardware' returned '0': CMAKE_PREFIX_PATH=${CMAKE_PREFIX_PATH}:/opt/ros/humble /usr/bin/cmake --install /home/xav2000/mower_ws/build/mower_hardware
