[0.054s] Invoking command in '/home/xav2000/mower_ws/build/mower_hardware': CMAKE_PREFIX_PATH=${CMAKE_PREFIX_PATH}:/opt/ros/humble /usr/bin/cmake /home/xav2000/mower_ws/src/mower_hardware -DAMENT_CMAKE_SYMLINK_INSTALL=1 -DCMAKE_INSTALL_PREFIX=/home/xav2000/mower_ws/install/mower_hardware
[0.091s] -- Found ament_cmake: 1.3.14 (/opt/ros/humble/share/ament_cmake/cmake)
[0.663s] -- Override CMake install command with custom implementation using symlinks instead of copying resources
[0.696s] -- Found ament_lint_auto: 0.12.15 (/opt/ros/humble/share/ament_lint_auto/cmake)
[1.036s] -- Added test 'lint_cmake' to check CMake code style
[1.045s] -- Added test 'xmllint' to check XML markup files
[1.050s] -- Configuring done
[1.070s] -- Generating done
[1.090s] -- Build files have been written to: /home/xav2000/mower_ws/build/mower_hardware
[1.092s] Invoked command in '/home/xav2000/mower_ws/build/mower_hardware' returned '0': CMAKE_PREFIX_PATH=${CMAKE_PREFIX_PATH}:/opt/ros/humble /usr/bin/cmake /home/xav2000/mower_ws/src/mower_hardware -DAMENT_CMAKE_SYMLINK_INSTALL=1 -DCMAKE_INSTALL_PREFIX=/home/xav2000/mower_ws/install/mower_hardware
[1.100s] Invoking command in '/home/xav2000/mower_ws/build/mower_hardware': CMAKE_PREFIX_PATH=${CMAKE_PREFIX_PATH}:/opt/ros/humble /usr/bin/cmake --build /home/xav2000/mower_ws/build/mower_hardware -- -j4 -l4
[1.260s] Invoked command in '/home/xav2000/mower_ws/build/mower_hardware' returned '0': CMAKE_PREFIX_PATH=${CMAKE_PREFIX_PATH}:/opt/ros/humble /usr/bin/cmake --build /home/xav2000/mower_ws/build/mower_hardware -- -j4 -l4
[1.270s] Invoking command in '/home/xav2000/mower_ws/build/mower_hardware': CMAKE_PREFIX_PATH=${CMAKE_PREFIX_PATH}:/opt/ros/humble /usr/bin/cmake --install /home/xav2000/mower_ws/build/mower_hardware
[1.295s] -- Install configuration: ""
[1.296s] -- Execute custom install script
[1.298s] -- Symlinking: /home/xav2000/mower_ws/install/mower_hardware/share/mower_hardware/config/centipede_params.yaml
[1.328s] -- Symlinking: /home/xav2000/mower_ws/install/mower_hardware/share/ament_index/resource_index/package_run_dependencies/mower_hardware
[1.358s] -- Symlinking: /home/xav2000/mower_ws/install/mower_hardware/share/ament_index/resource_index/parent_prefix_path/mower_hardware
[1.390s] -- Symlinking: /home/xav2000/mower_ws/install/mower_hardware/share/mower_hardware/environment/ament_prefix_path.sh
[1.420s] -- Symlinking: /home/xav2000/mower_ws/install/mower_hardware/share/mower_hardware/environment/ament_prefix_path.dsv
[1.450s] -- Symlinking: /home/xav2000/mower_ws/install/mower_hardware/share/mower_hardware/environment/path.sh
[1.481s] -- Symlinking: /home/xav2000/mower_ws/install/mower_hardware/share/mower_hardware/environment/path.dsv
[1.511s] -- Symlinking: /home/xav2000/mower_ws/install/mower_hardware/share/mower_hardware/local_setup.bash
[1.541s] -- Symlinking: /home/xav2000/mower_ws/install/mower_hardware/share/mower_hardware/local_setup.sh
[1.571s] -- Symlinking: /home/xav2000/mower_ws/install/mower_hardware/share/mower_hardware/local_setup.zsh
[1.602s] -- Symlinking: /home/xav2000/mower_ws/install/mower_hardware/share/mower_hardware/local_setup.dsv
[1.632s] -- Symlinking: /home/xav2000/mower_ws/install/mower_hardware/share/mower_hardware/package.dsv
[1.661s] -- Symlinking: /home/xav2000/mower_ws/install/mower_hardware/share/ament_index/resource_index/packages/mower_hardware
[1.692s] -- Symlinking: /home/xav2000/mower_ws/install/mower_hardware/share/mower_hardware/cmake/mower_hardwareConfig.cmake
[1.723s] -- Symlinking: /home/xav2000/mower_ws/install/mower_hardware/share/mower_hardware/cmake/mower_hardwareConfig-version.cmake
[1.754s] -- Symlinking: /home/xav2000/mower_ws/install/mower_hardware/share/mower_hardware/package.xml
[1.862s] Invoked command in '/home/xav2000/mower_ws/build/mower_hardware' returned '0': CMAKE_PREFIX_PATH=${CMAKE_PREFIX_PATH}:/opt/ros/humble /usr/bin/cmake --install /home/xav2000/mower_ws/build/mower_hardware
