[0.056s] Invoking command in '/home/xav2000/mower_ws/build/mower_hardware': CMAKE_PREFIX_PATH=${CMAKE_PREFIX_PATH}:/opt/ros/humble /usr/bin/cmake --build /home/xav2000/mower_ws/build/mower_hardware -- -j4 -l4
[0.211s] Invoked command in '/home/xav2000/mower_ws/build/mower_hardware' returned '0': CMAKE_PREFIX_PATH=${CMAKE_PREFIX_PATH}:/opt/ros/humble /usr/bin/cmake --build /home/xav2000/mower_ws/build/mower_hardware -- -j4 -l4
[0.221s] Invoking command in '/home/xav2000/mower_ws/build/mower_hardware': CMAKE_PREFIX_PATH=${CMAKE_PREFIX_PATH}:/opt/ros/humble /usr/bin/cmake --install /home/xav2000/mower_ws/build/mower_hardware
[0.246s] -- Install configuration: ""
[0.248s] -- Execute custom install script
[0.249s] -- Up-to-date symlink: /home/xav2000/mower_ws/install/mower_hardware/share/mower_hardware/config/centipede_params.yaml
[0.251s] -- Up-to-date symlink: /home/xav2000/mower_ws/install/mower_hardware/share/ament_index/resource_index/package_run_dependencies/mower_hardware
[0.252s] -- Up-to-date symlink: /home/xav2000/mower_ws/install/mower_hardware/share/ament_index/resource_index/parent_prefix_path/mower_hardware
[0.253s] -- Up-to-date symlink: /home/xav2000/mower_ws/install/mower_hardware/share/mower_hardware/environment/ament_prefix_path.sh
[0.254s] -- Up-to-date symlink: /home/xav2000/mower_ws/install/mower_hardware/share/mower_hardware/environment/ament_prefix_path.dsv
[0.255s] -- Up-to-date symlink: /home/xav2000/mower_ws/install/mower_hardware/share/mower_hardware/environment/path.sh
[0.256s] -- Up-to-date symlink: /home/xav2000/mower_ws/install/mower_hardware/share/mower_hardware/environment/path.dsv
[0.257s] -- Up-to-date symlink: /home/xav2000/mower_ws/install/mower_hardware/share/mower_hardware/local_setup.bash
[0.258s] -- Up-to-date symlink: /home/xav2000/mower_ws/install/mower_hardware/share/mower_hardware/local_setup.sh
[0.259s] -- Up-to-date symlink: /home/xav2000/mower_ws/install/mower_hardware/share/mower_hardware/local_setup.zsh
[0.260s] -- Up-to-date symlink: /home/xav2000/mower_ws/install/mower_hardware/share/mower_hardware/local_setup.dsv
[0.261s] -- Symlinking: /home/xav2000/mower_ws/install/mower_hardware/share/mower_hardware/package.dsv
[0.293s] -- Up-to-date symlink: /home/xav2000/mower_ws/install/mower_hardware/share/ament_index/resource_index/packages/mower_hardware
[0.293s] -- Up-to-date symlink: /home/xav2000/mower_ws/install/mower_hardware/share/mower_hardware/cmake/mower_hardwareConfig.cmake
[0.294s] -- Up-to-date symlink: /home/xav2000/mower_ws/install/mower_hardware/share/mower_hardware/cmake/mower_hardwareConfig-version.cmake
[0.295s] -- Up-to-date symlink: /home/xav2000/mower_ws/install/mower_hardware/share/mower_hardware/package.xml
[0.371s] Invoked command in '/home/xav2000/mower_ws/build/mower_hardware' returned '0': CMAKE_PREFIX_PATH=${CMAKE_PREFIX_PATH}:/opt/ros/humble /usr/bin/cmake --install /home/xav2000/mower_ws/build/mower_hardware
