[0.451s] DEBUG:colcon:Command line arguments: ['/usr/bin/colcon', 'build', '--packages-select', 'mower_bringup', '--symlink-install']
[0.452s] DEBUG:colcon:Parsed command line arguments: Namespace(log_base=None, log_level=None, verb_name='build', build_base='build', install_base='install', merge_install=False, symlink_install=True, test_result_base=None, continue_on_error=False, executor='parallel', parallel_workers=4, event_handlers=None, ignore_user_meta=False, metas=['./colcon.meta'], base_paths=['.'], packages_ignore=None, packages_ignore_regex=None, paths=None, packages_up_to=None, packages_up_to_regex=None, packages_above=None, packages_above_and_dependencies=None, packages_above_depth=None, packages_select_by_dep=None, packages_skip_by_dep=None, packages_skip_up_to=None, packages_select_build_failed=False, packages_skip_build_finished=False, packages_select_test_failures=False, packages_skip_test_passed=False, packages_select=['mower_bringup'], packages_skip=None, packages_select_regex=None, packages_skip_regex=None, packages_start=None, packages_end=None, allow_overriding=[], cmake_args=None, cmake_target=None, cmake_target_skip_unavailable=False, cmake_clean_cache=False, cmake_clean_first=False, cmake_force_configure=False, ament_cmake_args=None, catkin_cmake_args=None, catkin_skip_building_tests=False, mixin_files=None, mixin=None, verb_parser=<colcon_mixin.mixin.mixin_argument.MixinArgumentDecorator object at 0xffff972a44c0>, verb_extension=<colcon_core.verb.build.BuildVerb object at 0xffff973bd630>, main=<bound method BuildVerb.main of <colcon_core.verb.build.BuildVerb object at 0xffff973bd630>>, mixin_verb=('build',))
[1.177s] Level 1:colcon.colcon_core.package_discovery:discover_packages(colcon_meta) check parameters
[1.177s] Level 1:colcon.colcon_core.package_discovery:discover_packages(recursive) check parameters
[1.178s] Level 1:colcon.colcon_core.package_discovery:discover_packages(ignore) check parameters
[1.178s] Level 1:colcon.colcon_core.package_discovery:discover_packages(path) check parameters
[1.178s] Level 1:colcon.colcon_core.package_discovery:discover_packages(colcon_meta) discover
[1.178s] Level 1:colcon.colcon_core.package_discovery:discover_packages(recursive) discover
[1.178s] INFO:colcon.colcon_core.package_discovery:Crawling recursively for packages in '/home/xav2000/mower_ws'
[1.179s] Level 1:colcon.colcon_core.package_identification:_identify(.) by extensions ['ignore', 'ignore_ament_install']
[1.179s] Level 1:colcon.colcon_core.package_identification:_identify(.) by extension 'ignore'
[1.179s] Level 1:colcon.colcon_core.package_identification:_identify(.) by extension 'ignore_ament_install'
[1.179s] Level 1:colcon.colcon_core.package_identification:_identify(.) by extensions ['colcon_pkg']
[1.180s] Level 1:colcon.colcon_core.package_identification:_identify(.) by extension 'colcon_pkg'
[1.180s] Level 1:colcon.colcon_core.package_identification:_identify(.) by extensions ['colcon_meta']
[1.180s] Level 1:colcon.colcon_core.package_identification:_identify(.) by extension 'colcon_meta'
[1.180s] Level 1:colcon.colcon_core.package_identification:_identify(.) by extensions ['ros']
[1.180s] Level 1:colcon.colcon_core.package_identification:_identify(.) by extension 'ros'
[1.241s] Level 1:colcon.colcon_core.package_identification:_identify(.) by extensions ['cmake', 'python']
[1.241s] Level 1:colcon.colcon_core.package_identification:_identify(.) by extension 'cmake'
[1.241s] Level 1:colcon.colcon_core.package_identification:_identify(.) by extension 'python'
[1.241s] Level 1:colcon.colcon_core.package_identification:_identify(.) by extensions ['python_setup_py']
[1.242s] Level 1:colcon.colcon_core.package_identification:_identify(.) by extension 'python_setup_py'
[1.242s] Level 1:colcon.colcon_core.package_identification:_identify(build) by extensions ['ignore', 'ignore_ament_install']
[1.242s] Level 1:colcon.colcon_core.package_identification:_identify(build) by extension 'ignore'
[1.243s] Level 1:colcon.colcon_core.package_identification:_identify(build) ignored
[1.243s] Level 1:colcon.colcon_core.package_identification:_identify(install) by extensions ['ignore', 'ignore_ament_install']
[1.244s] Level 1:colcon.colcon_core.package_identification:_identify(install) by extension 'ignore'
[1.244s] Level 1:colcon.colcon_core.package_identification:_identify(install) ignored
[1.244s] Level 1:colcon.colcon_core.package_identification:_identify(log) by extensions ['ignore', 'ignore_ament_install']
[1.244s] Level 1:colcon.colcon_core.package_identification:_identify(log) by extension 'ignore'
[1.245s] Level 1:colcon.colcon_core.package_identification:_identify(log) ignored
[1.245s] Level 1:colcon.colcon_core.package_identification:_identify(src) by extensions ['ignore', 'ignore_ament_install']
[1.245s] Level 1:colcon.colcon_core.package_identification:_identify(src) by extension 'ignore'
[1.245s] Level 1:colcon.colcon_core.package_identification:_identify(src) by extension 'ignore_ament_install'
[1.246s] Level 1:colcon.colcon_core.package_identification:_identify(src) by extensions ['colcon_pkg']
[1.246s] Level 1:colcon.colcon_core.package_identification:_identify(src) by extension 'colcon_pkg'
[1.246s] Level 1:colcon.colcon_core.package_identification:_identify(src) by extensions ['colcon_meta']
[1.246s] Level 1:colcon.colcon_core.package_identification:_identify(src) by extension 'colcon_meta'
[1.246s] Level 1:colcon.colcon_core.package_identification:_identify(src) by extensions ['ros']
[1.246s] Level 1:colcon.colcon_core.package_identification:_identify(src) by extension 'ros'
[1.247s] Level 1:colcon.colcon_core.package_identification:_identify(src) by extensions ['cmake', 'python']
[1.247s] Level 1:colcon.colcon_core.package_identification:_identify(src) by extension 'cmake'
[1.247s] Level 1:colcon.colcon_core.package_identification:_identify(src) by extension 'python'
[1.247s] Level 1:colcon.colcon_core.package_identification:_identify(src) by extensions ['python_setup_py']
[1.247s] Level 1:colcon.colcon_core.package_identification:_identify(src) by extension 'python_setup_py'
[1.248s] Level 1:colcon.colcon_core.package_identification:_identify(src/mower_bringup) by extensions ['ignore', 'ignore_ament_install']
[1.249s] Level 1:colcon.colcon_core.package_identification:_identify(src/mower_bringup) by extension 'ignore'
[1.249s] Level 1:colcon.colcon_core.package_identification:_identify(src/mower_bringup) by extension 'ignore_ament_install'
[1.249s] Level 1:colcon.colcon_core.package_identification:_identify(src/mower_bringup) by extensions ['colcon_pkg']
[1.249s] Level 1:colcon.colcon_core.package_identification:_identify(src/mower_bringup) by extension 'colcon_pkg'
[1.249s] Level 1:colcon.colcon_core.package_identification:_identify(src/mower_bringup) by extensions ['colcon_meta']
[1.250s] Level 1:colcon.colcon_core.package_identification:_identify(src/mower_bringup) by extension 'colcon_meta'
[1.250s] Level 1:colcon.colcon_core.package_identification:_identify(src/mower_bringup) by extensions ['ros']
[1.250s] Level 1:colcon.colcon_core.package_identification:_identify(src/mower_bringup) by extension 'ros'
[1.258s] DEBUG:colcon.colcon_core.package_identification:Package 'src/mower_bringup' with type 'ros.ament_cmake' and name 'mower_bringup'
[1.259s] Level 1:colcon.colcon_core.package_identification:_identify(src/mower_hardware) by extensions ['ignore', 'ignore_ament_install']
[1.259s] Level 1:colcon.colcon_core.package_identification:_identify(src/mower_hardware) by extension 'ignore'
[1.259s] Level 1:colcon.colcon_core.package_identification:_identify(src/mower_hardware) by extension 'ignore_ament_install'
[1.259s] Level 1:colcon.colcon_core.package_identification:_identify(src/mower_hardware) by extensions ['colcon_pkg']
[1.259s] Level 1:colcon.colcon_core.package_identification:_identify(src/mower_hardware) by extension 'colcon_pkg'
[1.260s] Level 1:colcon.colcon_core.package_identification:_identify(src/mower_hardware) by extensions ['colcon_meta']
[1.260s] Level 1:colcon.colcon_core.package_identification:_identify(src/mower_hardware) by extension 'colcon_meta'
[1.260s] Level 1:colcon.colcon_core.package_identification:_identify(src/mower_hardware) by extensions ['ros']
[1.260s] Level 1:colcon.colcon_core.package_identification:_identify(src/mower_hardware) by extension 'ros'
[1.262s] DEBUG:colcon.colcon_core.package_identification:Package 'src/mower_hardware' with type 'ros.ament_cmake' and name 'mower_hardware'
[1.262s] Level 1:colcon.colcon_core.package_discovery:discover_packages(recursive) using defaults
[1.262s] Level 1:colcon.colcon_core.package_discovery:discover_packages(ignore) discover
[1.263s] Level 1:colcon.colcon_core.package_discovery:discover_packages(ignore) using defaults
[1.263s] Level 1:colcon.colcon_core.package_discovery:discover_packages(path) discover
[1.263s] Level 1:colcon.colcon_core.package_discovery:discover_packages(path) using defaults
[1.339s] INFO:colcon.colcon_core.package_selection:Skipping not selected package 'mower_hardware' in 'src/mower_hardware'
[1.341s] Level 1:colcon.colcon_core.package_discovery:discover_packages(prefix_path) check parameters
[1.341s] Level 1:colcon.colcon_core.package_discovery:discover_packages(prefix_path) discover
[1.350s] DEBUG:colcon.colcon_installed_package_information.package_discovery:Found 2 installed packages in /home/xav2000/mower_ws/install
[1.358s] DEBUG:colcon.colcon_installed_package_information.package_discovery:Found 253 installed packages in /opt/ros/humble
[1.364s] Level 1:colcon.colcon_core.package_discovery:discover_packages(prefix_path) using defaults
[1.555s] Level 5:colcon.colcon_core.verb:set package 'mower_bringup' build argument 'cmake_args' from command line to 'None'
[1.555s] Level 5:colcon.colcon_core.verb:set package 'mower_bringup' build argument 'cmake_target' from command line to 'None'
[1.555s] Level 5:colcon.colcon_core.verb:set package 'mower_bringup' build argument 'cmake_target_skip_unavailable' from command line to 'False'
[1.555s] Level 5:colcon.colcon_core.verb:set package 'mower_bringup' build argument 'cmake_clean_cache' from command line to 'False'
[1.555s] Level 5:colcon.colcon_core.verb:set package 'mower_bringup' build argument 'cmake_clean_first' from command line to 'False'
[1.555s] Level 5:colcon.colcon_core.verb:set package 'mower_bringup' build argument 'cmake_force_configure' from command line to 'False'
[1.555s] Level 5:colcon.colcon_core.verb:set package 'mower_bringup' build argument 'ament_cmake_args' from command line to 'None'
[1.556s] Level 5:colcon.colcon_core.verb:set package 'mower_bringup' build argument 'catkin_cmake_args' from command line to 'None'
[1.556s] Level 5:colcon.colcon_core.verb:set package 'mower_bringup' build argument 'catkin_skip_building_tests' from command line to 'False'
[1.556s] DEBUG:colcon.colcon_core.verb:Building package 'mower_bringup' with the following arguments: {'ament_cmake_args': None, 'build_base': '/home/xav2000/mower_ws/build/mower_bringup', 'catkin_cmake_args': None, 'catkin_skip_building_tests': False, 'cmake_args': None, 'cmake_clean_cache': False, 'cmake_clean_first': False, 'cmake_force_configure': False, 'cmake_target': None, 'cmake_target_skip_unavailable': False, 'install_base': '/home/xav2000/mower_ws/install/mower_bringup', 'merge_install': False, 'path': '/home/xav2000/mower_ws/src/mower_bringup', 'symlink_install': True, 'test_result_base': None}
[1.556s] INFO:colcon.colcon_core.executor:Executing jobs using 'parallel' executor
[1.559s] DEBUG:colcon.colcon_parallel_executor.executor.parallel:run_until_complete
[1.560s] INFO:colcon.colcon_ros.task.ament_cmake.build:Building ROS package in '/home/xav2000/mower_ws/src/mower_bringup' with build type 'ament_cmake'
[1.561s] INFO:colcon.colcon_cmake.task.cmake.build:Building CMake package in '/home/xav2000/mower_ws/src/mower_bringup'
[1.569s] INFO:colcon.colcon_core.plugin_system:Skipping extension 'colcon_core.shell.bat': Not used on non-Windows systems
[1.570s] INFO:colcon.colcon_core.shell:Skip shell extension 'powershell' for command environment: Not usable outside of PowerShell
[1.570s] DEBUG:colcon.colcon_core.shell:Skip shell extension 'dsv' for command environment
[1.609s] DEBUG:colcon.colcon_core.event_handler.log_command:Invoking command in '/home/xav2000/mower_ws/build/mower_bringup': CMAKE_PREFIX_PATH=${CMAKE_PREFIX_PATH}:/opt/ros/humble /usr/bin/cmake --build /home/xav2000/mower_ws/build/mower_bringup -- -j4 -l4
[2.884s] DEBUG:colcon.colcon_core.event_handler.log_command:Invoked command in '/home/xav2000/mower_ws/build/mower_bringup' returned '0': CMAKE_PREFIX_PATH=${CMAKE_PREFIX_PATH}:/opt/ros/humble /usr/bin/cmake --build /home/xav2000/mower_ws/build/mower_bringup -- -j4 -l4
[2.925s] DEBUG:colcon.colcon_core.event_handler.log_command:Invoking command in '/home/xav2000/mower_ws/build/mower_bringup': CMAKE_PREFIX_PATH=${CMAKE_PREFIX_PATH}:/opt/ros/humble /usr/bin/cmake --install /home/xav2000/mower_ws/build/mower_bringup
[3.073s] Level 1:colcon.colcon_core.environment:create_environment_scripts_only(mower_bringup)
[3.075s] DEBUG:colcon.colcon_core.event_handler.log_command:Invoked command in '/home/xav2000/mower_ws/build/mower_bringup' returned '0': CMAKE_PREFIX_PATH=${CMAKE_PREFIX_PATH}:/opt/ros/humble /usr/bin/cmake --install /home/xav2000/mower_ws/build/mower_bringup
[3.086s] Level 1:colcon.colcon_core.environment:checking '/home/xav2000/mower_ws/install/mower_bringup' for CMake module files
[3.090s] Level 1:colcon.colcon_core.environment:checking '/home/xav2000/mower_ws/install/mower_bringup' for CMake config files
[3.091s] Level 1:colcon.colcon_core.shell:create_environment_hook('mower_bringup', 'cmake_prefix_path')
[3.092s] INFO:colcon.colcon_core.shell:Creating environment hook '/home/xav2000/mower_ws/install/mower_bringup/share/mower_bringup/hook/cmake_prefix_path.ps1'
[3.095s] INFO:colcon.colcon_core.shell:Creating environment descriptor '/home/xav2000/mower_ws/install/mower_bringup/share/mower_bringup/hook/cmake_prefix_path.dsv'
[3.097s] INFO:colcon.colcon_core.shell:Creating environment hook '/home/xav2000/mower_ws/install/mower_bringup/share/mower_bringup/hook/cmake_prefix_path.sh'
[3.101s] Level 1:colcon.colcon_core.environment:checking '/home/xav2000/mower_ws/install/mower_bringup/bin'
[3.102s] Level 1:colcon.colcon_core.environment:checking '/home/xav2000/mower_ws/install/mower_bringup/lib/pkgconfig/mower_bringup.pc'
[3.103s] Level 1:colcon.colcon_core.environment:checking '/home/xav2000/mower_ws/install/mower_bringup/lib/python3.10/site-packages'
[3.104s] Level 1:colcon.colcon_core.environment:checking '/home/xav2000/mower_ws/install/mower_bringup/bin'
[3.105s] INFO:colcon.colcon_core.shell:Creating package script '/home/xav2000/mower_ws/install/mower_bringup/share/mower_bringup/package.ps1'
[3.110s] INFO:colcon.colcon_core.shell:Creating package descriptor '/home/xav2000/mower_ws/install/mower_bringup/share/mower_bringup/package.dsv'
[3.112s] INFO:colcon.colcon_core.shell:Creating package script '/home/xav2000/mower_ws/install/mower_bringup/share/mower_bringup/package.sh'
[3.115s] INFO:colcon.colcon_core.shell:Creating package script '/home/xav2000/mower_ws/install/mower_bringup/share/mower_bringup/package.bash'
[3.119s] INFO:colcon.colcon_core.shell:Creating package script '/home/xav2000/mower_ws/install/mower_bringup/share/mower_bringup/package.zsh'
[3.122s] Level 1:colcon.colcon_core.environment:create_file_with_runtime_dependencies(/home/xav2000/mower_ws/install/mower_bringup/share/colcon-core/packages/mower_bringup)
[3.124s] Level 1:colcon.colcon_core.environment:create_environment_scripts_only(mower_bringup)
[3.125s] Level 1:colcon.colcon_core.environment:checking '/home/xav2000/mower_ws/install/mower_bringup' for CMake module files
[3.128s] Level 1:colcon.colcon_core.environment:checking '/home/xav2000/mower_ws/install/mower_bringup' for CMake config files
[3.129s] Level 1:colcon.colcon_core.shell:create_environment_hook('mower_bringup', 'cmake_prefix_path')
[3.130s] INFO:colcon.colcon_core.shell:Creating environment hook '/home/xav2000/mower_ws/install/mower_bringup/share/mower_bringup/hook/cmake_prefix_path.ps1'
[3.132s] INFO:colcon.colcon_core.shell:Creating environment descriptor '/home/xav2000/mower_ws/install/mower_bringup/share/mower_bringup/hook/cmake_prefix_path.dsv'
[3.134s] INFO:colcon.colcon_core.shell:Creating environment hook '/home/xav2000/mower_ws/install/mower_bringup/share/mower_bringup/hook/cmake_prefix_path.sh'
[3.136s] Level 1:colcon.colcon_core.environment:checking '/home/xav2000/mower_ws/install/mower_bringup/bin'
[3.137s] Level 1:colcon.colcon_core.environment:checking '/home/xav2000/mower_ws/install/mower_bringup/lib/pkgconfig/mower_bringup.pc'
[3.138s] Level 1:colcon.colcon_core.environment:checking '/home/xav2000/mower_ws/install/mower_bringup/lib/python3.10/site-packages'
[3.139s] Level 1:colcon.colcon_core.environment:checking '/home/xav2000/mower_ws/install/mower_bringup/bin'
[3.140s] INFO:colcon.colcon_core.shell:Creating package script '/home/xav2000/mower_ws/install/mower_bringup/share/mower_bringup/package.ps1'
[3.143s] INFO:colcon.colcon_core.shell:Creating package descriptor '/home/xav2000/mower_ws/install/mower_bringup/share/mower_bringup/package.dsv'
[3.145s] INFO:colcon.colcon_core.shell:Creating package script '/home/xav2000/mower_ws/install/mower_bringup/share/mower_bringup/package.sh'
[3.147s] INFO:colcon.colcon_core.shell:Creating package script '/home/xav2000/mower_ws/install/mower_bringup/share/mower_bringup/package.bash'
[3.150s] INFO:colcon.colcon_core.shell:Creating package script '/home/xav2000/mower_ws/install/mower_bringup/share/mower_bringup/package.zsh'
[3.152s] Level 1:colcon.colcon_core.environment:create_file_with_runtime_dependencies(/home/xav2000/mower_ws/install/mower_bringup/share/colcon-core/packages/mower_bringup)
[3.153s] DEBUG:colcon.colcon_parallel_executor.executor.parallel:closing loop
[3.154s] DEBUG:colcon.colcon_parallel_executor.executor.parallel:loop closed
[3.154s] DEBUG:colcon.colcon_parallel_executor.executor.parallel:run_until_complete finished with '0'
[3.155s] DEBUG:colcon.colcon_core.event_reactor:joining thread
[3.157s] DEBUG:colcon.colcon_core.event_reactor:joined thread
[3.158s] INFO:colcon.colcon_core.shell:Creating prefix script '/home/xav2000/mower_ws/install/local_setup.ps1'
[3.162s] INFO:colcon.colcon_core.shell:Creating prefix util module '/home/xav2000/mower_ws/install/_local_setup_util_ps1.py'
[3.168s] INFO:colcon.colcon_core.shell:Creating prefix chain script '/home/xav2000/mower_ws/install/setup.ps1'
[3.173s] INFO:colcon.colcon_core.shell:Creating prefix script '/home/xav2000/mower_ws/install/local_setup.sh'
[3.176s] INFO:colcon.colcon_core.shell:Creating prefix util module '/home/xav2000/mower_ws/install/_local_setup_util_sh.py'
[3.179s] INFO:colcon.colcon_core.shell:Creating prefix chain script '/home/xav2000/mower_ws/install/setup.sh'
[3.184s] INFO:colcon.colcon_core.shell:Creating prefix script '/home/xav2000/mower_ws/install/local_setup.bash'
[3.186s] INFO:colcon.colcon_core.shell:Creating prefix chain script '/home/xav2000/mower_ws/install/setup.bash'
[3.190s] INFO:colcon.colcon_core.shell:Creating prefix script '/home/xav2000/mower_ws/install/local_setup.zsh'
[3.193s] INFO:colcon.colcon_core.shell:Creating prefix chain script '/home/xav2000/mower_ws/install/setup.zsh'
