[0.608s] DEBUG:colcon:Command line arguments: ['/usr/bin/colcon', 'build', '--packages-select', 'mower_bringup']
[0.609s] DEBUG:colcon:Parsed command line arguments: Namespace(log_base=None, log_level=None, verb_name='build', build_base='build', install_base='install', merge_install=False, symlink_install=False, test_result_base=None, continue_on_error=False, executor='parallel', parallel_workers=4, event_handlers=None, ignore_user_meta=False, metas=['./colcon.meta'], base_paths=['.'], packages_ignore=None, packages_ignore_regex=None, paths=None, packages_up_to=None, packages_up_to_regex=None, packages_above=None, packages_above_and_dependencies=None, packages_above_depth=None, packages_select_by_dep=None, packages_skip_by_dep=None, packages_skip_up_to=None, packages_select_build_failed=False, packages_skip_build_finished=False, packages_select_test_failures=False, packages_skip_test_passed=False, packages_select=['mower_bringup'], packages_skip=None, packages_select_regex=None, packages_skip_regex=None, packages_start=None, packages_end=None, allow_overriding=[], cmake_args=None, cmake_target=None, cmake_target_skip_unavailable=False, cmake_clean_cache=False, cmake_clean_first=False, cmake_force_configure=False, ament_cmake_args=None, catkin_cmake_args=None, catkin_skip_building_tests=False, mixin_files=None, mixin=None, verb_parser=<colcon_mixin.mixin.mixin_argument.MixinArgumentDecorator object at 0xffff959c4820>, verb_extension=<colcon_core.verb.build.BuildVerb object at 0xffff95ad5a20>, main=<bound method BuildVerb.main of <colcon_core.verb.build.BuildVerb object at 0xffff95ad5a20>>, mixin_verb=('build',))
[1.546s] Level 1:colcon.colcon_core.package_discovery:discover_packages(colcon_meta) check parameters
[1.547s] Level 1:colcon.colcon_core.package_discovery:discover_packages(recursive) check parameters
[1.547s] Level 1:colcon.colcon_core.package_discovery:discover_packages(ignore) check parameters
[1.547s] Level 1:colcon.colcon_core.package_discovery:discover_packages(path) check parameters
[1.547s] Level 1:colcon.colcon_core.package_discovery:discover_packages(colcon_meta) discover
[1.548s] Level 1:colcon.colcon_core.package_discovery:discover_packages(recursive) discover
[1.548s] INFO:colcon.colcon_core.package_discovery:Crawling recursively for packages in '/home/xav2000/mower_ws'
[1.549s] Level 1:colcon.colcon_core.package_identification:_identify(.) by extensions ['ignore', 'ignore_ament_install']
[1.549s] Level 1:colcon.colcon_core.package_identification:_identify(.) by extension 'ignore'
[1.549s] Level 1:colcon.colcon_core.package_identification:_identify(.) by extension 'ignore_ament_install'
[1.550s] Level 1:colcon.colcon_core.package_identification:_identify(.) by extensions ['colcon_pkg']
[1.550s] Level 1:colcon.colcon_core.package_identification:_identify(.) by extension 'colcon_pkg'
[1.550s] Level 1:colcon.colcon_core.package_identification:_identify(.) by extensions ['colcon_meta']
[1.550s] Level 1:colcon.colcon_core.package_identification:_identify(.) by extension 'colcon_meta'
[1.550s] Level 1:colcon.colcon_core.package_identification:_identify(.) by extensions ['ros']
[1.550s] Level 1:colcon.colcon_core.package_identification:_identify(.) by extension 'ros'
[1.606s] Level 1:colcon.colcon_core.package_identification:_identify(.) by extensions ['cmake', 'python']
[1.606s] Level 1:colcon.colcon_core.package_identification:_identify(.) by extension 'cmake'
[1.607s] Level 1:colcon.colcon_core.package_identification:_identify(.) by extension 'python'
[1.607s] Level 1:colcon.colcon_core.package_identification:_identify(.) by extensions ['python_setup_py']
[1.607s] Level 1:colcon.colcon_core.package_identification:_identify(.) by extension 'python_setup_py'
[1.608s] Level 1:colcon.colcon_core.package_identification:_identify(build) by extensions ['ignore', 'ignore_ament_install']
[1.609s] Level 1:colcon.colcon_core.package_identification:_identify(build) by extension 'ignore'
[1.609s] Level 1:colcon.colcon_core.package_identification:_identify(build) ignored
[1.609s] Level 1:colcon.colcon_core.package_identification:_identify(install) by extensions ['ignore', 'ignore_ament_install']
[1.610s] Level 1:colcon.colcon_core.package_identification:_identify(install) by extension 'ignore'
[1.610s] Level 1:colcon.colcon_core.package_identification:_identify(install) ignored
[1.610s] Level 1:colcon.colcon_core.package_identification:_identify(log) by extensions ['ignore', 'ignore_ament_install']
[1.611s] Level 1:colcon.colcon_core.package_identification:_identify(log) by extension 'ignore'
[1.611s] Level 1:colcon.colcon_core.package_identification:_identify(log) ignored
[1.611s] Level 1:colcon.colcon_core.package_identification:_identify(src) by extensions ['ignore', 'ignore_ament_install']
[1.612s] Level 1:colcon.colcon_core.package_identification:_identify(src) by extension 'ignore'
[1.612s] Level 1:colcon.colcon_core.package_identification:_identify(src) by extension 'ignore_ament_install'
[1.612s] Level 1:colcon.colcon_core.package_identification:_identify(src) by extensions ['colcon_pkg']
[1.612s] Level 1:colcon.colcon_core.package_identification:_identify(src) by extension 'colcon_pkg'
[1.613s] Level 1:colcon.colcon_core.package_identification:_identify(src) by extensions ['colcon_meta']
[1.613s] Level 1:colcon.colcon_core.package_identification:_identify(src) by extension 'colcon_meta'
[1.613s] Level 1:colcon.colcon_core.package_identification:_identify(src) by extensions ['ros']
[1.613s] Level 1:colcon.colcon_core.package_identification:_identify(src) by extension 'ros'
[1.613s] Level 1:colcon.colcon_core.package_identification:_identify(src) by extensions ['cmake', 'python']
[1.614s] Level 1:colcon.colcon_core.package_identification:_identify(src) by extension 'cmake'
[1.614s] Level 1:colcon.colcon_core.package_identification:_identify(src) by extension 'python'
[1.614s] Level 1:colcon.colcon_core.package_identification:_identify(src) by extensions ['python_setup_py']
[1.614s] Level 1:colcon.colcon_core.package_identification:_identify(src) by extension 'python_setup_py'
[1.615s] Level 1:colcon.colcon_core.package_identification:_identify(src/mower_bringup) by extensions ['ignore', 'ignore_ament_install']
[1.615s] Level 1:colcon.colcon_core.package_identification:_identify(src/mower_bringup) by extension 'ignore'
[1.615s] Level 1:colcon.colcon_core.package_identification:_identify(src/mower_bringup) by extension 'ignore_ament_install'
[1.616s] Level 1:colcon.colcon_core.package_identification:_identify(src/mower_bringup) by extensions ['colcon_pkg']
[1.616s] Level 1:colcon.colcon_core.package_identification:_identify(src/mower_bringup) by extension 'colcon_pkg'
[1.616s] Level 1:colcon.colcon_core.package_identification:_identify(src/mower_bringup) by extensions ['colcon_meta']
[1.616s] Level 1:colcon.colcon_core.package_identification:_identify(src/mower_bringup) by extension 'colcon_meta'
[1.616s] Level 1:colcon.colcon_core.package_identification:_identify(src/mower_bringup) by extensions ['ros']
[1.617s] Level 1:colcon.colcon_core.package_identification:_identify(src/mower_bringup) by extension 'ros'
[1.628s] DEBUG:colcon.colcon_core.package_identification:Package 'src/mower_bringup' with type 'ros.ament_cmake' and name 'mower_bringup'
[1.629s] Level 1:colcon.colcon_core.package_identification:_identify(src/mower_hardware) by extensions ['ignore', 'ignore_ament_install']
[1.630s] Level 1:colcon.colcon_core.package_identification:_identify(src/mower_hardware) by extension 'ignore'
[1.631s] Level 1:colcon.colcon_core.package_identification:_identify(src/mower_hardware) by extension 'ignore_ament_install'
[1.631s] Level 1:colcon.colcon_core.package_identification:_identify(src/mower_hardware) by extensions ['colcon_pkg']
[1.631s] Level 1:colcon.colcon_core.package_identification:_identify(src/mower_hardware) by extension 'colcon_pkg'
[1.632s] Level 1:colcon.colcon_core.package_identification:_identify(src/mower_hardware) by extensions ['colcon_meta']
[1.632s] Level 1:colcon.colcon_core.package_identification:_identify(src/mower_hardware) by extension 'colcon_meta'
[1.633s] Level 1:colcon.colcon_core.package_identification:_identify(src/mower_hardware) by extensions ['ros']
[1.633s] Level 1:colcon.colcon_core.package_identification:_identify(src/mower_hardware) by extension 'ros'
[1.635s] DEBUG:colcon.colcon_core.package_identification:Package 'src/mower_hardware' with type 'ros.ament_cmake' and name 'mower_hardware'
[1.636s] Level 1:colcon.colcon_core.package_identification:_identify(src/mower_logic) by extensions ['ignore', 'ignore_ament_install']
[1.636s] Level 1:colcon.colcon_core.package_identification:_identify(src/mower_logic) by extension 'ignore'
[1.637s] Level 1:colcon.colcon_core.package_identification:_identify(src/mower_logic) by extension 'ignore_ament_install'
[1.637s] Level 1:colcon.colcon_core.package_identification:_identify(src/mower_logic) by extensions ['colcon_pkg']
[1.637s] Level 1:colcon.colcon_core.package_identification:_identify(src/mower_logic) by extension 'colcon_pkg'
[1.637s] Level 1:colcon.colcon_core.package_identification:_identify(src/mower_logic) by extensions ['colcon_meta']
[1.637s] Level 1:colcon.colcon_core.package_identification:_identify(src/mower_logic) by extension 'colcon_meta'
[1.638s] Level 1:colcon.colcon_core.package_identification:_identify(src/mower_logic) by extensions ['ros']
[1.638s] Level 1:colcon.colcon_core.package_identification:_identify(src/mower_logic) by extension 'ros'
[1.641s] DEBUG:colcon.colcon_core.package_identification:Package 'src/mower_logic' with type 'ros.ament_python' and name 'mower_logic'
[1.641s] Level 1:colcon.colcon_core.package_discovery:discover_packages(recursive) using defaults
[1.641s] Level 1:colcon.colcon_core.package_discovery:discover_packages(ignore) discover
[1.642s] Level 1:colcon.colcon_core.package_discovery:discover_packages(ignore) using defaults
[1.642s] Level 1:colcon.colcon_core.package_discovery:discover_packages(path) discover
[1.642s] Level 1:colcon.colcon_core.package_discovery:discover_packages(path) using defaults
[1.730s] INFO:colcon.colcon_core.package_selection:Skipping not selected package 'mower_hardware' in 'src/mower_hardware'
[1.730s] INFO:colcon.colcon_core.package_selection:Skipping not selected package 'mower_logic' in 'src/mower_logic'
[1.732s] Level 1:colcon.colcon_core.package_discovery:discover_packages(prefix_path) check parameters
[1.733s] Level 1:colcon.colcon_core.package_discovery:discover_packages(prefix_path) discover
[1.742s] DEBUG:colcon.colcon_installed_package_information.package_discovery:Found 3 installed packages in /home/xav2000/mower_ws/install
[1.751s] DEBUG:colcon.colcon_installed_package_information.package_discovery:Found 259 installed packages in /opt/ros/humble
[1.804s] Level 1:colcon.colcon_core.package_discovery:discover_packages(prefix_path) using defaults
[1.981s] Level 5:colcon.colcon_core.verb:set package 'mower_bringup' build argument 'cmake_args' from command line to 'None'
[1.981s] Level 5:colcon.colcon_core.verb:set package 'mower_bringup' build argument 'cmake_target' from command line to 'None'
[1.981s] Level 5:colcon.colcon_core.verb:set package 'mower_bringup' build argument 'cmake_target_skip_unavailable' from command line to 'False'
[1.981s] Level 5:colcon.colcon_core.verb:set package 'mower_bringup' build argument 'cmake_clean_cache' from command line to 'False'
[1.981s] Level 5:colcon.colcon_core.verb:set package 'mower_bringup' build argument 'cmake_clean_first' from command line to 'False'
[1.982s] Level 5:colcon.colcon_core.verb:set package 'mower_bringup' build argument 'cmake_force_configure' from command line to 'False'
[1.982s] Level 5:colcon.colcon_core.verb:set package 'mower_bringup' build argument 'ament_cmake_args' from command line to 'None'
[1.982s] Level 5:colcon.colcon_core.verb:set package 'mower_bringup' build argument 'catkin_cmake_args' from command line to 'None'
[1.982s] Level 5:colcon.colcon_core.verb:set package 'mower_bringup' build argument 'catkin_skip_building_tests' from command line to 'False'
[1.982s] DEBUG:colcon.colcon_core.verb:Building package 'mower_bringup' with the following arguments: {'ament_cmake_args': None, 'build_base': '/home/xav2000/mower_ws/build/mower_bringup', 'catkin_cmake_args': None, 'catkin_skip_building_tests': False, 'cmake_args': None, 'cmake_clean_cache': False, 'cmake_clean_first': False, 'cmake_force_configure': False, 'cmake_target': None, 'cmake_target_skip_unavailable': False, 'install_base': '/home/xav2000/mower_ws/install/mower_bringup', 'merge_install': False, 'path': '/home/xav2000/mower_ws/src/mower_bringup', 'symlink_install': False, 'test_result_base': None}
[1.983s] INFO:colcon.colcon_core.executor:Executing jobs using 'parallel' executor
[1.986s] DEBUG:colcon.colcon_parallel_executor.executor.parallel:run_until_complete
[1.988s] INFO:colcon.colcon_ros.task.ament_cmake.build:Building ROS package in '/home/xav2000/mower_ws/src/mower_bringup' with build type 'ament_cmake'
[1.989s] INFO:colcon.colcon_cmake.task.cmake.build:Building CMake package in '/home/xav2000/mower_ws/src/mower_bringup'
[2.000s] INFO:colcon.colcon_core.plugin_system:Skipping extension 'colcon_core.shell.bat': Not used on non-Windows systems
[2.001s] INFO:colcon.colcon_core.shell:Skip shell extension 'powershell' for command environment: Not usable outside of PowerShell
[2.002s] DEBUG:colcon.colcon_core.shell:Skip shell extension 'dsv' for command environment
[2.052s] DEBUG:colcon.colcon_core.event_handler.log_command:Invoking command in '/home/xav2000/mower_ws/build/mower_bringup': CMAKE_PREFIX_PATH=${CMAKE_PREFIX_PATH}:/home/xav2000/mower_ws/install/mower_logic:/opt/ros/humble /usr/bin/cmake /home/xav2000/mower_ws/src/mower_bringup -DCMAKE_INSTALL_PREFIX=/home/xav2000/mower_ws/install/mower_bringup
[3.640s] DEBUG:colcon.colcon_core.event_handler.log_command:Invoked command in '/home/xav2000/mower_ws/build/mower_bringup' returned '0': CMAKE_PREFIX_PATH=${CMAKE_PREFIX_PATH}:/home/xav2000/mower_ws/install/mower_logic:/opt/ros/humble /usr/bin/cmake /home/xav2000/mower_ws/src/mower_bringup -DCMAKE_INSTALL_PREFIX=/home/xav2000/mower_ws/install/mower_bringup
[3.649s] DEBUG:colcon.colcon_core.event_handler.log_command:Invoking command in '/home/xav2000/mower_ws/build/mower_bringup': CMAKE_PREFIX_PATH=${CMAKE_PREFIX_PATH}:/home/xav2000/mower_ws/install/mower_logic:/opt/ros/humble /usr/bin/cmake --build /home/xav2000/mower_ws/build/mower_bringup -- -j4 -l4
[3.808s] DEBUG:colcon.colcon_core.event_handler.log_command:Invoked command in '/home/xav2000/mower_ws/build/mower_bringup' returned '0': CMAKE_PREFIX_PATH=${CMAKE_PREFIX_PATH}:/home/xav2000/mower_ws/install/mower_logic:/opt/ros/humble /usr/bin/cmake --build /home/xav2000/mower_ws/build/mower_bringup -- -j4 -l4
[3.851s] DEBUG:colcon.colcon_core.event_handler.log_command:Invoking command in '/home/xav2000/mower_ws/build/mower_bringup': CMAKE_PREFIX_PATH=${CMAKE_PREFIX_PATH}:/home/xav2000/mower_ws/install/mower_logic:/opt/ros/humble /usr/bin/cmake --install /home/xav2000/mower_ws/build/mower_bringup
[3.996s] Level 1:colcon.colcon_core.environment:create_environment_scripts_only(mower_bringup)
[4.009s] DEBUG:colcon.colcon_core.event_handler.log_command:Invoked command in '/home/xav2000/mower_ws/build/mower_bringup' returned '0': CMAKE_PREFIX_PATH=${CMAKE_PREFIX_PATH}:/home/xav2000/mower_ws/install/mower_logic:/opt/ros/humble /usr/bin/cmake --install /home/xav2000/mower_ws/build/mower_bringup
[4.012s] Level 1:colcon.colcon_core.environment:checking '/home/xav2000/mower_ws/install/mower_bringup' for CMake module files
[4.016s] Level 1:colcon.colcon_core.environment:checking '/home/xav2000/mower_ws/install/mower_bringup' for CMake config files
[4.018s] Level 1:colcon.colcon_core.shell:create_environment_hook('mower_bringup', 'cmake_prefix_path')
[4.019s] INFO:colcon.colcon_core.shell:Creating environment hook '/home/xav2000/mower_ws/install/mower_bringup/share/mower_bringup/hook/cmake_prefix_path.ps1'
[4.022s] INFO:colcon.colcon_core.shell:Creating environment descriptor '/home/xav2000/mower_ws/install/mower_bringup/share/mower_bringup/hook/cmake_prefix_path.dsv'
[4.024s] INFO:colcon.colcon_core.shell:Creating environment hook '/home/xav2000/mower_ws/install/mower_bringup/share/mower_bringup/hook/cmake_prefix_path.sh'
[4.029s] Level 1:colcon.colcon_core.environment:checking '/home/xav2000/mower_ws/install/mower_bringup/lib'
[4.030s] Level 1:colcon.colcon_core.environment:checking '/home/xav2000/mower_ws/install/mower_bringup/bin'
[4.031s] Level 1:colcon.colcon_core.environment:checking '/home/xav2000/mower_ws/install/mower_bringup/lib/pkgconfig/mower_bringup.pc'
[4.032s] Level 1:colcon.colcon_core.environment:checking '/home/xav2000/mower_ws/install/mower_bringup/lib/python3.10/site-packages'
[4.034s] Level 1:colcon.colcon_core.environment:checking '/home/xav2000/mower_ws/install/mower_bringup/bin'
[4.036s] INFO:colcon.colcon_core.shell:Creating package script '/home/xav2000/mower_ws/install/mower_bringup/share/mower_bringup/package.ps1'
[4.042s] INFO:colcon.colcon_core.shell:Creating package descriptor '/home/xav2000/mower_ws/install/mower_bringup/share/mower_bringup/package.dsv'
[4.045s] INFO:colcon.colcon_core.shell:Creating package script '/home/xav2000/mower_ws/install/mower_bringup/share/mower_bringup/package.sh'
[4.049s] INFO:colcon.colcon_core.shell:Creating package script '/home/xav2000/mower_ws/install/mower_bringup/share/mower_bringup/package.bash'
[4.053s] INFO:colcon.colcon_core.shell:Creating package script '/home/xav2000/mower_ws/install/mower_bringup/share/mower_bringup/package.zsh'
[4.058s] Level 1:colcon.colcon_core.environment:create_file_with_runtime_dependencies(/home/xav2000/mower_ws/install/mower_bringup/share/colcon-core/packages/mower_bringup)
[4.061s] Level 1:colcon.colcon_core.environment:create_environment_scripts_only(mower_bringup)
[4.062s] Level 1:colcon.colcon_core.environment:checking '/home/xav2000/mower_ws/install/mower_bringup' for CMake module files
[4.065s] Level 1:colcon.colcon_core.environment:checking '/home/xav2000/mower_ws/install/mower_bringup' for CMake config files
[4.067s] Level 1:colcon.colcon_core.shell:create_environment_hook('mower_bringup', 'cmake_prefix_path')
[4.069s] INFO:colcon.colcon_core.shell:Creating environment hook '/home/xav2000/mower_ws/install/mower_bringup/share/mower_bringup/hook/cmake_prefix_path.ps1'
[4.071s] INFO:colcon.colcon_core.shell:Creating environment descriptor '/home/xav2000/mower_ws/install/mower_bringup/share/mower_bringup/hook/cmake_prefix_path.dsv'
[4.073s] INFO:colcon.colcon_core.shell:Creating environment hook '/home/xav2000/mower_ws/install/mower_bringup/share/mower_bringup/hook/cmake_prefix_path.sh'
[4.076s] Level 1:colcon.colcon_core.environment:checking '/home/xav2000/mower_ws/install/mower_bringup/lib'
[4.076s] Level 1:colcon.colcon_core.environment:checking '/home/xav2000/mower_ws/install/mower_bringup/bin'
[4.077s] Level 1:colcon.colcon_core.environment:checking '/home/xav2000/mower_ws/install/mower_bringup/lib/pkgconfig/mower_bringup.pc'
[4.078s] Level 1:colcon.colcon_core.environment:checking '/home/xav2000/mower_ws/install/mower_bringup/lib/python3.10/site-packages'
[4.081s] Level 1:colcon.colcon_core.environment:checking '/home/xav2000/mower_ws/install/mower_bringup/bin'
[4.082s] INFO:colcon.colcon_core.shell:Creating package script '/home/xav2000/mower_ws/install/mower_bringup/share/mower_bringup/package.ps1'
[4.085s] INFO:colcon.colcon_core.shell:Creating package descriptor '/home/xav2000/mower_ws/install/mower_bringup/share/mower_bringup/package.dsv'
[4.088s] INFO:colcon.colcon_core.shell:Creating package script '/home/xav2000/mower_ws/install/mower_bringup/share/mower_bringup/package.sh'
[4.091s] INFO:colcon.colcon_core.shell:Creating package script '/home/xav2000/mower_ws/install/mower_bringup/share/mower_bringup/package.bash'
[4.094s] INFO:colcon.colcon_core.shell:Creating package script '/home/xav2000/mower_ws/install/mower_bringup/share/mower_bringup/package.zsh'
[4.098s] Level 1:colcon.colcon_core.environment:create_file_with_runtime_dependencies(/home/xav2000/mower_ws/install/mower_bringup/share/colcon-core/packages/mower_bringup)
[4.100s] DEBUG:colcon.colcon_parallel_executor.executor.parallel:closing loop
[4.103s] DEBUG:colcon.colcon_parallel_executor.executor.parallel:loop closed
[4.103s] DEBUG:colcon.colcon_parallel_executor.executor.parallel:run_until_complete finished with '0'
[4.104s] DEBUG:colcon.colcon_core.event_reactor:joining thread
[4.107s] DEBUG:colcon.colcon_core.event_reactor:joined thread
[4.108s] INFO:colcon.colcon_core.shell:Creating prefix script '/home/xav2000/mower_ws/install/local_setup.ps1'
[4.112s] INFO:colcon.colcon_core.shell:Creating prefix util module '/home/xav2000/mower_ws/install/_local_setup_util_ps1.py'
[4.118s] INFO:colcon.colcon_core.shell:Creating prefix chain script '/home/xav2000/mower_ws/install/setup.ps1'
[4.126s] INFO:colcon.colcon_core.shell:Creating prefix script '/home/xav2000/mower_ws/install/local_setup.sh'
[4.131s] INFO:colcon.colcon_core.shell:Creating prefix util module '/home/xav2000/mower_ws/install/_local_setup_util_sh.py'
[4.134s] INFO:colcon.colcon_core.shell:Creating prefix chain script '/home/xav2000/mower_ws/install/setup.sh'
[4.140s] INFO:colcon.colcon_core.shell:Creating prefix script '/home/xav2000/mower_ws/install/local_setup.bash'
[4.143s] INFO:colcon.colcon_core.shell:Creating prefix chain script '/home/xav2000/mower_ws/install/setup.bash'
[4.149s] INFO:colcon.colcon_core.shell:Creating prefix script '/home/xav2000/mower_ws/install/local_setup.zsh'
[4.152s] INFO:colcon.colcon_core.shell:Creating prefix chain script '/home/xav2000/mower_ws/install/setup.zsh'
