[0.060s] Invoking command in '/home/xav2000/mower_ws/build/mower_bringup': CMAKE_PREFIX_PATH=${CMAKE_PREFIX_PATH}:/opt/ros/humble /usr/bin/cmake --build /home/xav2000/mower_ws/build/mower_bringup -- -j4 -l4
[0.194s] Invoked command in '/home/xav2000/mower_ws/build/mower_bringup' returned '0': CMAKE_PREFIX_PATH=${CMAKE_PREFIX_PATH}:/opt/ros/humble /usr/bin/cmake --build /home/xav2000/mower_ws/build/mower_bringup -- -j4 -l4
[0.232s] Invoking command in '/home/xav2000/mower_ws/build/mower_bringup': CMAKE_PREFIX_PATH=${CMAKE_PREFIX_PATH}:/opt/ros/humble /usr/bin/cmake --install /home/xav2000/mower_ws/build/mower_bringup
[0.258s] -- Install configuration: ""
[0.260s] -- Execute custom install script
[0.262s] -- Up-to-date symlink: /home/xav2000/mower_ws/install/mower_bringup/share/mower_bringup/launch/gps_rtk.launch.py
[0.263s] -- Up-to-date symlink: /home/xav2000/mower_ws/install/mower_bringup/share/ament_index/resource_index/package_run_dependencies/mower_bringup
[0.265s] -- Up-to-date symlink: /home/xav2000/mower_ws/install/mower_bringup/share/ament_index/resource_index/parent_prefix_path/mower_bringup
[0.266s] -- Up-to-date symlink: /home/xav2000/mower_ws/install/mower_bringup/share/mower_bringup/environment/ament_prefix_path.sh
[0.267s] -- Up-to-date symlink: /home/xav2000/mower_ws/install/mower_bringup/share/mower_bringup/environment/ament_prefix_path.dsv
[0.268s] -- Up-to-date symlink: /home/xav2000/mower_ws/install/mower_bringup/share/mower_bringup/environment/path.sh
[0.269s] -- Up-to-date symlink: /home/xav2000/mower_ws/install/mower_bringup/share/mower_bringup/environment/path.dsv
[0.270s] -- Up-to-date symlink: /home/xav2000/mower_ws/install/mower_bringup/share/mower_bringup/local_setup.bash
[0.271s] -- Up-to-date symlink: /home/xav2000/mower_ws/install/mower_bringup/share/mower_bringup/local_setup.sh
[0.272s] -- Up-to-date symlink: /home/xav2000/mower_ws/install/mower_bringup/share/mower_bringup/local_setup.zsh
[0.273s] -- Up-to-date symlink: /home/xav2000/mower_ws/install/mower_bringup/share/mower_bringup/local_setup.dsv
[0.274s] -- Symlinking: /home/xav2000/mower_ws/install/mower_bringup/share/mower_bringup/package.dsv
[0.305s] -- Up-to-date symlink: /home/xav2000/mower_ws/install/mower_bringup/share/ament_index/resource_index/packages/mower_bringup
[0.306s] -- Up-to-date symlink: /home/xav2000/mower_ws/install/mower_bringup/share/mower_bringup/cmake/mower_bringupConfig.cmake
[0.306s] -- Up-to-date symlink: /home/xav2000/mower_ws/install/mower_bringup/share/mower_bringup/cmake/mower_bringupConfig-version.cmake
[0.307s] -- Up-to-date symlink: /home/xav2000/mower_ws/install/mower_bringup/share/mower_bringup/package.xml
[0.314s] Invoked command in '/home/xav2000/mower_ws/build/mower_bringup' returned '0': CMAKE_PREFIX_PATH=${CMAKE_PREFIX_PATH}:/opt/ros/humble /usr/bin/cmake --install /home/xav2000/mower_ws/build/mower_bringup
