running egg_info
creating ../../build/mower_logic/mower_logic.egg-info
writing ../../build/mower_logic/mower_logic.egg-info/PKG-INFO
writing dependency_links to ../../build/mower_logic/mower_logic.egg-info/dependency_links.txt
writing entry points to ../../build/mower_logic/mower_logic.egg-info/entry_points.txt
writing requirements to ../../build/mower_logic/mower_logic.egg-info/requires.txt
writing top-level names to ../../build/mower_logic/mower_logic.egg-info/top_level.txt
writing manifest file '../../build/mower_logic/mower_logic.egg-info/SOURCES.txt'
reading manifest file '../../build/mower_logic/mower_logic.egg-info/SOURCES.txt'
writing manifest file '../../build/mower_logic/mower_logic.egg-info/SOURCES.txt'
running build
running build_py
creating /home/xav2000/mower_ws/build/mower_logic/build
creating /home/xav2000/mower_ws/build/mower_logic/build/lib
creating /home/xav2000/mower_ws/build/mower_logic/build/lib/mower_logic
copying mower_logic/__init__.py -> /home/xav2000/mower_ws/build/mower_logic/build/lib/mower_logic
copying mower_logic/coverage_planner.py -> /home/xav2000/mower_ws/build/mower_logic/build/lib/mower_logic
copying mower_logic/mission_executor.py -> /home/xav2000/mower_ws/build/mower_logic/build/lib/mower_logic
running install
running install_lib
creating /home/xav2000/mower_ws/install/mower_logic/lib/python3.10/site-packages/mower_logic
copying /home/xav2000/mower_ws/build/mower_logic/build/lib/mower_logic/__init__.py -> /home/xav2000/mower_ws/install/mower_logic/lib/python3.10/site-packages/mower_logic
copying /home/xav2000/mower_ws/build/mower_logic/build/lib/mower_logic/coverage_planner.py -> /home/xav2000/mower_ws/install/mower_logic/lib/python3.10/site-packages/mower_logic
copying /home/xav2000/mower_ws/build/mower_logic/build/lib/mower_logic/mission_executor.py -> /home/xav2000/mower_ws/install/mower_logic/lib/python3.10/site-packages/mower_logic
byte-compiling /home/xav2000/mower_ws/install/mower_logic/lib/python3.10/site-packages/mower_logic/__init__.py to __init__.cpython-310.pyc
byte-compiling /home/xav2000/mower_ws/install/mower_logic/lib/python3.10/site-packages/mower_logic/coverage_planner.py to coverage_planner.cpython-310.pyc
byte-compiling /home/xav2000/mower_ws/install/mower_logic/lib/python3.10/site-packages/mower_logic/mission_executor.py to mission_executor.cpython-310.pyc
running install_data
creating /home/xav2000/mower_ws/install/mower_logic/share/ament_index
creating /home/xav2000/mower_ws/install/mower_logic/share/ament_index/resource_index
creating /home/xav2000/mower_ws/install/mower_logic/share/ament_index/resource_index/packages
copying resource/mower_logic -> /home/xav2000/mower_ws/install/mower_logic/share/ament_index/resource_index/packages
copying package.xml -> /home/xav2000/mower_ws/install/mower_logic/share/mower_logic
running install_egg_info
Copying ../../build/mower_logic/mower_logic.egg-info to /home/xav2000/mower_ws/install/mower_logic/lib/python3.10/site-packages/mower_logic-0.0.1-py3.10.egg-info
running install_scripts
Installing mission_executor script to /home/xav2000/mower_ws/install/mower_logic/bin
writing list of installed files to '/home/xav2000/mower_ws/build/mower_logic/install.log'
