[3.454s] Invoking command in '/home/xav2000/mower_ws/src/mower_logic': PYTHONPATH=/home/xav2000/mower_ws/build/mower_logic/prefix_override:/usr/lib/python3/dist-packages/colcon_core/task/python/colcon_distutils_commands:/home/xav2000/mower_ws/install/mower_logic/lib/python3.10/site-packages:${PYTHONPATH} /usr/bin/python3 -W ignore:setup.py install is deprecated -W ignore:easy_install command is deprecated setup.py egg_info --egg-base ../../build/mower_logic build --build-base /home/xav2000/mower_ws/build/mower_logic/build install --record /home/xav2000/mower_ws/build/mower_logic/install.log --single-version-externally-managed install_data
[4.537s] running egg_info
[4.539s] creating ../../build/mower_logic/mower_logic.egg-info
[4.540s] writing ../../build/mower_logic/mower_logic.egg-info/PKG-INFO
[4.541s] writing dependency_links to ../../build/mower_logic/mower_logic.egg-info/dependency_links.txt
[4.542s] writing entry points to ../../build/mower_logic/mower_logic.egg-info/entry_points.txt
[4.543s] writing requirements to ../../build/mower_logic/mower_logic.egg-info/requires.txt
[4.543s] writing top-level names to ../../build/mower_logic/mower_logic.egg-info/top_level.txt
[4.544s] writing manifest file '../../build/mower_logic/mower_logic.egg-info/SOURCES.txt'
[4.551s] reading manifest file '../../build/mower_logic/mower_logic.egg-info/SOURCES.txt'
[4.555s] writing manifest file '../../build/mower_logic/mower_logic.egg-info/SOURCES.txt'
[4.555s] running build
[4.556s] running build_py
[4.557s] creating /home/xav2000/mower_ws/build/mower_logic/build
[4.557s] creating /home/xav2000/mower_ws/build/mower_logic/build/lib
[4.558s] creating /home/xav2000/mower_ws/build/mower_logic/build/lib/mower_logic
[4.558s] copying mower_logic/__init__.py -> /home/xav2000/mower_ws/build/mower_logic/build/lib/mower_logic
[4.559s] copying mower_logic/coverage_planner.py -> /home/xav2000/mower_ws/build/mower_logic/build/lib/mower_logic
[4.559s] copying mower_logic/mission_executor.py -> /home/xav2000/mower_ws/build/mower_logic/build/lib/mower_logic
[4.561s] running install
[4.562s] running install_lib
[4.565s] creating /home/xav2000/mower_ws/install/mower_logic/lib/python3.10/site-packages/mower_logic
[4.565s] copying /home/xav2000/mower_ws/build/mower_logic/build/lib/mower_logic/__init__.py -> /home/xav2000/mower_ws/install/mower_logic/lib/python3.10/site-packages/mower_logic
[4.566s] copying /home/xav2000/mower_ws/build/mower_logic/build/lib/mower_logic/coverage_planner.py -> /home/xav2000/mower_ws/install/mower_logic/lib/python3.10/site-packages/mower_logic
[4.567s] copying /home/xav2000/mower_ws/build/mower_logic/build/lib/mower_logic/mission_executor.py -> /home/xav2000/mower_ws/install/mower_logic/lib/python3.10/site-packages/mower_logic
[4.569s] byte-compiling /home/xav2000/mower_ws/install/mower_logic/lib/python3.10/site-packages/mower_logic/__init__.py to __init__.cpython-310.pyc
[4.576s] byte-compiling /home/xav2000/mower_ws/install/mower_logic/lib/python3.10/site-packages/mower_logic/coverage_planner.py to coverage_planner.cpython-310.pyc
[4.578s] byte-compiling /home/xav2000/mower_ws/install/mower_logic/lib/python3.10/site-packages/mower_logic/mission_executor.py to mission_executor.cpython-310.pyc
[4.581s] running install_data
[4.582s] creating /home/xav2000/mower_ws/install/mower_logic/share/ament_index
[4.583s] creating /home/xav2000/mower_ws/install/mower_logic/share/ament_index/resource_index
[4.583s] creating /home/xav2000/mower_ws/install/mower_logic/share/ament_index/resource_index/packages
[4.584s] copying resource/mower_logic -> /home/xav2000/mower_ws/install/mower_logic/share/ament_index/resource_index/packages
[4.584s] copying package.xml -> /home/xav2000/mower_ws/install/mower_logic/share/mower_logic
[4.584s] running install_egg_info
[4.593s] Copying ../../build/mower_logic/mower_logic.egg-info to /home/xav2000/mower_ws/install/mower_logic/lib/python3.10/site-packages/mower_logic-0.0.1-py3.10.egg-info
[4.599s] running install_scripts
[4.683s] Installing mission_executor script to /home/xav2000/mower_ws/install/mower_logic/bin
[4.684s] writing list of installed files to '/home/xav2000/mower_ws/build/mower_logic/install.log'
[4.804s] Invoked command in '/home/xav2000/mower_ws/src/mower_logic' returned '0': PYTHONPATH=/home/xav2000/mower_ws/build/mower_logic/prefix_override:/usr/lib/python3/dist-packages/colcon_core/task/python/colcon_distutils_commands:/home/xav2000/mower_ws/install/mower_logic/lib/python3.10/site-packages:${PYTHONPATH} /usr/bin/python3 -W ignore:setup.py install is deprecated -W ignore:easy_install command is deprecated setup.py egg_info --egg-base ../../build/mower_logic build --build-base /home/xav2000/mower_ws/build/mower_logic/build install --record /home/xav2000/mower_ws/build/mower_logic/install.log --single-version-externally-managed install_data
