[0.046s] Invoking command in '/home/xav2000/mower_ws/build/mower_bringup': CMAKE_PREFIX_PATH=${CMAKE_PREFIX_PATH}:/opt/ros/humble /usr/bin/cmake --build /home/xav2000/mower_ws/build/mower_bringup -- -j4 -l4
[0.159s] -- Found ament_cmake: 1.3.14 (/opt/ros/humble/share/ament_cmake/cmake)
[0.718s] -- Override CMake install command with custom implementation using symlinks instead of copying resources
[0.793s] -- Found ament_lint_auto: 0.12.15 (/opt/ros/humble/share/ament_lint_auto/cmake)
[1.134s] -- Added test 'flake8' to check Python code syntax and style conventions
[1.138s] -- Added test 'lint_cmake' to check CMake code style
[1.141s] -- Added test 'pep257' to check Python code against some of the docstring style conventions in PEP 257
[1.154s] -- Added test 'xmllint' to check XML markup files
[1.162s] -- Configuring done
[1.192s] -- Generating done
[1.202s] -- Build files have been written to: /home/xav2000/mower_ws/build/mower_bringup
[1.280s] Invoked command in '/home/xav2000/mower_ws/build/mower_bringup' returned '0': CMAKE_PREFIX_PATH=${CMAKE_PREFIX_PATH}:/opt/ros/humble /usr/bin/cmake --build /home/xav2000/mower_ws/build/mower_bringup -- -j4 -l4
[1.320s] Invoking command in '/home/xav2000/mower_ws/build/mower_bringup': CMAKE_PREFIX_PATH=${CMAKE_PREFIX_PATH}:/opt/ros/humble /usr/bin/cmake --install /home/xav2000/mower_ws/build/mower_bringup
[1.346s] -- Install configuration: ""
[1.347s] -- Execute custom install script
[1.349s] -- Up-to-date symlink: /home/xav2000/mower_ws/install/mower_bringup/share/mower_bringup/launch/gps_rtk.launch.py
[1.350s] -- Up-to-date symlink: /home/xav2000/mower_ws/install/mower_bringup/share/mower_bringup/launch/localization.launch.py
[1.350s] -- Up-to-date symlink: /home/xav2000/mower_ws/install/mower_bringup/share/mower_bringup/launch/navigation.launch.py
[1.352s] -- Up-to-date symlink: /home/xav2000/mower_ws/install/mower_bringup/share/mower_bringup/config/ekf_gps.yaml
[1.352s] -- Up-to-date symlink: /home/xav2000/mower_ws/install/mower_bringup/share/mower_bringup/config/nav2_params.yaml
[1.354s] -- Symlinking: /home/xav2000/mower_ws/install/mower_bringup/lib/mower_bringup/gps_waypoint_follower.py
[1.387s] -- Up-to-date symlink: /home/xav2000/mower_ws/install/mower_bringup/share/ament_index/resource_index/package_run_dependencies/mower_bringup
[1.388s] -- Up-to-date symlink: /home/xav2000/mower_ws/install/mower_bringup/share/ament_index/resource_index/parent_prefix_path/mower_bringup
[1.389s] -- Up-to-date symlink: /home/xav2000/mower_ws/install/mower_bringup/share/mower_bringup/environment/ament_prefix_path.sh
[1.390s] -- Up-to-date symlink: /home/xav2000/mower_ws/install/mower_bringup/share/mower_bringup/environment/ament_prefix_path.dsv
[1.390s] -- Up-to-date symlink: /home/xav2000/mower_ws/install/mower_bringup/share/mower_bringup/environment/path.sh
[1.391s] -- Up-to-date symlink: /home/xav2000/mower_ws/install/mower_bringup/share/mower_bringup/environment/path.dsv
[1.392s] -- Up-to-date symlink: /home/xav2000/mower_ws/install/mower_bringup/share/mower_bringup/local_setup.bash
[1.393s] -- Up-to-date symlink: /home/xav2000/mower_ws/install/mower_bringup/share/mower_bringup/local_setup.sh
[1.394s] -- Up-to-date symlink: /home/xav2000/mower_ws/install/mower_bringup/share/mower_bringup/local_setup.zsh
[1.395s] -- Up-to-date symlink: /home/xav2000/mower_ws/install/mower_bringup/share/mower_bringup/local_setup.dsv
[1.395s] -- Symlinking: /home/xav2000/mower_ws/install/mower_bringup/share/mower_bringup/package.dsv
[1.429s] -- Up-to-date symlink: /home/xav2000/mower_ws/install/mower_bringup/share/ament_index/resource_index/packages/mower_bringup
[1.429s] -- Up-to-date symlink: /home/xav2000/mower_ws/install/mower_bringup/share/mower_bringup/cmake/mower_bringupConfig.cmake
[1.430s] -- Up-to-date symlink: /home/xav2000/mower_ws/install/mower_bringup/share/mower_bringup/cmake/mower_bringupConfig-version.cmake
[1.431s] -- Up-to-date symlink: /home/xav2000/mower_ws/install/mower_bringup/share/mower_bringup/package.xml
[1.437s] Invoked command in '/home/xav2000/mower_ws/build/mower_bringup' returned '0': CMAKE_PREFIX_PATH=${CMAKE_PREFIX_PATH}:/opt/ros/humble /usr/bin/cmake --install /home/xav2000/mower_ws/build/mower_bringup
