[0.643s] DEBUG:colcon:Command line arguments: ['/usr/bin/colcon', 'build']
[0.644s] DEBUG:colcon:Parsed command line arguments: Namespace(log_base=None, log_level=None, verb_name='build', build_base='build', install_base='install', merge_install=False, symlink_install=False, test_result_base=None, continue_on_error=False, executor='parallel', parallel_workers=4, event_handlers=None, ignore_user_meta=False, metas=['./colcon.meta'], base_paths=['.'], packages_ignore=None, packages_ignore_regex=None, paths=None, packages_up_to=None, packages_up_to_regex=None, packages_above=None, packages_above_and_dependencies=None, packages_above_depth=None, packages_select_by_dep=None, packages_skip_by_dep=None, packages_skip_up_to=None, packages_select_build_failed=False, packages_skip_build_finished=False, packages_select_test_failures=False, packages_skip_test_passed=False, packages_select=None, packages_skip=None, packages_select_regex=None, packages_skip_regex=None, packages_start=None, packages_end=None, allow_overriding=[], cmake_args=None, cmake_target=None, cmake_target_skip_unavailable=False, cmake_clean_cache=False, cmake_clean_first=False, cmake_force_configure=False, ament_cmake_args=None, catkin_cmake_args=None, catkin_skip_building_tests=False, mixin_files=None, mixin=None, verb_parser=<colcon_mixin.mixin.mixin_argument.MixinArgumentDecorator object at 0xffffa5097d90>, verb_extension=<colcon_core.verb.build.BuildVerb object at 0xffffa51cd060>, main=<bound method BuildVerb.main of <colcon_core.verb.build.BuildVerb object at 0xffffa51cd060>>, mixin_verb=('build',))
[1.624s] Level 1:colcon.colcon_core.package_discovery:discover_packages(colcon_meta) check parameters
[1.624s] Level 1:colcon.colcon_core.package_discovery:discover_packages(recursive) check parameters
[1.624s] Level 1:colcon.colcon_core.package_discovery:discover_packages(ignore) check parameters
[1.625s] Level 1:colcon.colcon_core.package_discovery:discover_packages(path) check parameters
[1.625s] Level 1:colcon.colcon_core.package_discovery:discover_packages(colcon_meta) discover
[1.625s] Level 1:colcon.colcon_core.package_discovery:discover_packages(recursive) discover
[1.625s] INFO:colcon.colcon_core.package_discovery:Crawling recursively for packages in '/home/xav2000/mower_ws'
[1.626s] Level 1:colcon.colcon_core.package_identification:_identify(.) by extensions ['ignore', 'ignore_ament_install']
[1.626s] Level 1:colcon.colcon_core.package_identification:_identify(.) by extension 'ignore'
[1.627s] Level 1:colcon.colcon_core.package_identification:_identify(.) by extension 'ignore_ament_install'
[1.627s] Level 1:colcon.colcon_core.package_identification:_identify(.) by extensions ['colcon_pkg']
[1.627s] Level 1:colcon.colcon_core.package_identification:_identify(.) by extension 'colcon_pkg'
[1.628s] Level 1:colcon.colcon_core.package_identification:_identify(.) by extensions ['colcon_meta']
[1.628s] Level 1:colcon.colcon_core.package_identification:_identify(.) by extension 'colcon_meta'
[1.628s] Level 1:colcon.colcon_core.package_identification:_identify(.) by extensions ['ros']
[1.628s] Level 1:colcon.colcon_core.package_identification:_identify(.) by extension 'ros'
[1.678s] Level 1:colcon.colcon_core.package_identification:_identify(.) by extensions ['cmake', 'python']
[1.678s] Level 1:colcon.colcon_core.package_identification:_identify(.) by extension 'cmake'
[1.678s] Level 1:colcon.colcon_core.package_identification:_identify(.) by extension 'python'
[1.679s] Level 1:colcon.colcon_core.package_identification:_identify(.) by extensions ['python_setup_py']
[1.679s] Level 1:colcon.colcon_core.package_identification:_identify(.) by extension 'python_setup_py'
[1.679s] Level 1:colcon.colcon_core.package_identification:_identify(build) by extensions ['ignore', 'ignore_ament_install']
[1.680s] Level 1:colcon.colcon_core.package_identification:_identify(build) by extension 'ignore'
[1.680s] Level 1:colcon.colcon_core.package_identification:_identify(build) ignored
[1.680s] Level 1:colcon.colcon_core.package_identification:_identify(install) by extensions ['ignore', 'ignore_ament_install']
[1.681s] Level 1:colcon.colcon_core.package_identification:_identify(install) by extension 'ignore'
[1.681s] Level 1:colcon.colcon_core.package_identification:_identify(install) ignored
[1.681s] Level 1:colcon.colcon_core.package_identification:_identify(log) by extensions ['ignore', 'ignore_ament_install']
[1.681s] Level 1:colcon.colcon_core.package_identification:_identify(log) by extension 'ignore'
[1.682s] Level 1:colcon.colcon_core.package_identification:_identify(log) ignored
[1.682s] Level 1:colcon.colcon_core.package_identification:_identify(src) by extensions ['ignore', 'ignore_ament_install']
[1.682s] Level 1:colcon.colcon_core.package_identification:_identify(src) by extension 'ignore'
[1.682s] Level 1:colcon.colcon_core.package_identification:_identify(src) by extension 'ignore_ament_install'
[1.683s] Level 1:colcon.colcon_core.package_identification:_identify(src) by extensions ['colcon_pkg']
[1.683s] Level 1:colcon.colcon_core.package_identification:_identify(src) by extension 'colcon_pkg'
[1.683s] Level 1:colcon.colcon_core.package_identification:_identify(src) by extensions ['colcon_meta']
[1.683s] Level 1:colcon.colcon_core.package_identification:_identify(src) by extension 'colcon_meta'
[1.683s] Level 1:colcon.colcon_core.package_identification:_identify(src) by extensions ['ros']
[1.683s] Level 1:colcon.colcon_core.package_identification:_identify(src) by extension 'ros'
[1.684s] Level 1:colcon.colcon_core.package_identification:_identify(src) by extensions ['cmake', 'python']
[1.684s] Level 1:colcon.colcon_core.package_identification:_identify(src) by extension 'cmake'
[1.684s] Level 1:colcon.colcon_core.package_identification:_identify(src) by extension 'python'
[1.684s] Level 1:colcon.colcon_core.package_identification:_identify(src) by extensions ['python_setup_py']
[1.684s] Level 1:colcon.colcon_core.package_identification:_identify(src) by extension 'python_setup_py'
[1.685s] Level 1:colcon.colcon_core.package_identification:_identify(src/mower_bringup) by extensions ['ignore', 'ignore_ament_install']
[1.685s] Level 1:colcon.colcon_core.package_identification:_identify(src/mower_bringup) by extension 'ignore'
[1.685s] Level 1:colcon.colcon_core.package_identification:_identify(src/mower_bringup) by extension 'ignore_ament_install'
[1.685s] Level 1:colcon.colcon_core.package_identification:_identify(src/mower_bringup) by extensions ['colcon_pkg']
[1.685s] Level 1:colcon.colcon_core.package_identification:_identify(src/mower_bringup) by extension 'colcon_pkg'
[1.686s] Level 1:colcon.colcon_core.package_identification:_identify(src/mower_bringup) by extensions ['colcon_meta']
[1.686s] Level 1:colcon.colcon_core.package_identification:_identify(src/mower_bringup) by extension 'colcon_meta'
[1.686s] Level 1:colcon.colcon_core.package_identification:_identify(src/mower_bringup) by extensions ['ros']
[1.686s] Level 1:colcon.colcon_core.package_identification:_identify(src/mower_bringup) by extension 'ros'
[1.697s] DEBUG:colcon.colcon_core.package_identification:Package 'src/mower_bringup' with type 'ros.ament_cmake' and name 'mower_bringup'
[1.698s] Level 1:colcon.colcon_core.package_identification:_identify(src/mower_hardware) by extensions ['ignore', 'ignore_ament_install']
[1.698s] Level 1:colcon.colcon_core.package_identification:_identify(src/mower_hardware) by extension 'ignore'
[1.699s] Level 1:colcon.colcon_core.package_identification:_identify(src/mower_hardware) by extension 'ignore_ament_install'
[1.699s] Level 1:colcon.colcon_core.package_identification:_identify(src/mower_hardware) by extensions ['colcon_pkg']
[1.699s] Level 1:colcon.colcon_core.package_identification:_identify(src/mower_hardware) by extension 'colcon_pkg'
[1.699s] Level 1:colcon.colcon_core.package_identification:_identify(src/mower_hardware) by extensions ['colcon_meta']
[1.699s] Level 1:colcon.colcon_core.package_identification:_identify(src/mower_hardware) by extension 'colcon_meta'
[1.700s] Level 1:colcon.colcon_core.package_identification:_identify(src/mower_hardware) by extensions ['ros']
[1.700s] Level 1:colcon.colcon_core.package_identification:_identify(src/mower_hardware) by extension 'ros'
[1.702s] DEBUG:colcon.colcon_core.package_identification:Package 'src/mower_hardware' with type 'ros.ament_cmake' and name 'mower_hardware'
[1.702s] Level 1:colcon.colcon_core.package_discovery:discover_packages(recursive) using defaults
[1.702s] Level 1:colcon.colcon_core.package_discovery:discover_packages(ignore) discover
[1.703s] Level 1:colcon.colcon_core.package_discovery:discover_packages(ignore) using defaults
[1.703s] Level 1:colcon.colcon_core.package_discovery:discover_packages(path) discover
[1.703s] Level 1:colcon.colcon_core.package_discovery:discover_packages(path) using defaults
[1.804s] Level 1:colcon.colcon_core.package_discovery:discover_packages(prefix_path) check parameters
[1.804s] Level 1:colcon.colcon_core.package_discovery:discover_packages(prefix_path) discover
[1.822s] DEBUG:colcon.colcon_installed_package_information.package_discovery:Found 184 installed packages in /opt/ros/humble
[1.827s] Level 1:colcon.colcon_core.package_discovery:discover_packages(prefix_path) using defaults
[1.982s] Level 5:colcon.colcon_core.verb:set package 'mower_bringup' build argument 'cmake_args' from command line to 'None'
[1.982s] Level 5:colcon.colcon_core.verb:set package 'mower_bringup' build argument 'cmake_target' from command line to 'None'
[1.982s] Level 5:colcon.colcon_core.verb:set package 'mower_bringup' build argument 'cmake_target_skip_unavailable' from command line to 'False'
[1.982s] Level 5:colcon.colcon_core.verb:set package 'mower_bringup' build argument 'cmake_clean_cache' from command line to 'False'
[1.982s] Level 5:colcon.colcon_core.verb:set package 'mower_bringup' build argument 'cmake_clean_first' from command line to 'False'
[1.983s] Level 5:colcon.colcon_core.verb:set package 'mower_bringup' build argument 'cmake_force_configure' from command line to 'False'
[1.983s] Level 5:colcon.colcon_core.verb:set package 'mower_bringup' build argument 'ament_cmake_args' from command line to 'None'
[1.983s] Level 5:colcon.colcon_core.verb:set package 'mower_bringup' build argument 'catkin_cmake_args' from command line to 'None'
[1.983s] Level 5:colcon.colcon_core.verb:set package 'mower_bringup' build argument 'catkin_skip_building_tests' from command line to 'False'
[1.983s] DEBUG:colcon.colcon_core.verb:Building package 'mower_bringup' with the following arguments: {'ament_cmake_args': None, 'build_base': '/home/xav2000/mower_ws/build/mower_bringup', 'catkin_cmake_args': None, 'catkin_skip_building_tests': False, 'cmake_args': None, 'cmake_clean_cache': False, 'cmake_clean_first': False, 'cmake_force_configure': False, 'cmake_target': None, 'cmake_target_skip_unavailable': False, 'install_base': '/home/xav2000/mower_ws/install/mower_bringup', 'merge_install': False, 'path': '/home/xav2000/mower_ws/src/mower_bringup', 'symlink_install': False, 'test_result_base': None}
[1.984s] Level 5:colcon.colcon_core.verb:set package 'mower_hardware' build argument 'cmake_args' from command line to 'None'
[1.985s] Level 5:colcon.colcon_core.verb:set package 'mower_hardware' build argument 'cmake_target' from command line to 'None'
[1.985s] Level 5:colcon.colcon_core.verb:set package 'mower_hardware' build argument 'cmake_target_skip_unavailable' from command line to 'False'
[1.985s] Level 5:colcon.colcon_core.verb:set package 'mower_hardware' build argument 'cmake_clean_cache' from command line to 'False'
[1.985s] Level 5:colcon.colcon_core.verb:set package 'mower_hardware' build argument 'cmake_clean_first' from command line to 'False'
[1.985s] Level 5:colcon.colcon_core.verb:set package 'mower_hardware' build argument 'cmake_force_configure' from command line to 'False'
[1.985s] Level 5:colcon.colcon_core.verb:set package 'mower_hardware' build argument 'ament_cmake_args' from command line to 'None'
[1.985s] Level 5:colcon.colcon_core.verb:set package 'mower_hardware' build argument 'catkin_cmake_args' from command line to 'None'
[1.985s] Level 5:colcon.colcon_core.verb:set package 'mower_hardware' build argument 'catkin_skip_building_tests' from command line to 'False'
[1.985s] DEBUG:colcon.colcon_core.verb:Building package 'mower_hardware' with the following arguments: {'ament_cmake_args': None, 'build_base': '/home/xav2000/mower_ws/build/mower_hardware', 'catkin_cmake_args': None, 'catkin_skip_building_tests': False, 'cmake_args': None, 'cmake_clean_cache': False, 'cmake_clean_first': False, 'cmake_force_configure': False, 'cmake_target': None, 'cmake_target_skip_unavailable': False, 'install_base': '/home/xav2000/mower_ws/install/mower_hardware', 'merge_install': False, 'path': '/home/xav2000/mower_ws/src/mower_hardware', 'symlink_install': False, 'test_result_base': None}
[1.986s] INFO:colcon.colcon_core.executor:Executing jobs using 'parallel' executor
[1.989s] DEBUG:colcon.colcon_parallel_executor.executor.parallel:run_until_complete
[1.990s] INFO:colcon.colcon_ros.task.ament_cmake.build:Building ROS package in '/home/xav2000/mower_ws/src/mower_bringup' with build type 'ament_cmake'
[1.990s] INFO:colcon.colcon_cmake.task.cmake.build:Building CMake package in '/home/xav2000/mower_ws/src/mower_bringup'
[2.009s] INFO:colcon.colcon_core.plugin_system:Skipping extension 'colcon_core.shell.bat': Not used on non-Windows systems
[2.010s] INFO:colcon.colcon_core.shell:Skip shell extension 'powershell' for command environment: Not usable outside of PowerShell
[2.010s] DEBUG:colcon.colcon_core.shell:Skip shell extension 'dsv' for command environment
[2.026s] INFO:colcon.colcon_ros.task.ament_cmake.build:Building ROS package in '/home/xav2000/mower_ws/src/mower_hardware' with build type 'ament_cmake'
[2.027s] INFO:colcon.colcon_cmake.task.cmake.build:Building CMake package in '/home/xav2000/mower_ws/src/mower_hardware'
[2.028s] INFO:colcon.colcon_core.shell:Skip shell extension 'powershell' for command environment: Not usable outside of PowerShell
[2.029s] DEBUG:colcon.colcon_core.shell:Skip shell extension 'dsv' for command environment
[2.057s] DEBUG:colcon.colcon_core.event_handler.log_command:Invoking command in '/home/xav2000/mower_ws/build/mower_bringup': CMAKE_PREFIX_PATH=/opt/ros/humble /usr/bin/cmake /home/xav2000/mower_ws/src/mower_bringup -DCMAKE_INSTALL_PREFIX=/home/xav2000/mower_ws/install/mower_bringup
[2.075s] DEBUG:colcon.colcon_core.event_handler.log_command:Invoking command in '/home/xav2000/mower_ws/build/mower_hardware': CMAKE_PREFIX_PATH=/opt/ros/humble /usr/bin/cmake /home/xav2000/mower_ws/src/mower_hardware -DCMAKE_INSTALL_PREFIX=/home/xav2000/mower_ws/install/mower_hardware
[6.739s] DEBUG:colcon.colcon_core.event_handler.log_command:Invoked command in '/home/xav2000/mower_ws/build/mower_hardware' returned '0': CMAKE_PREFIX_PATH=/opt/ros/humble /usr/bin/cmake /home/xav2000/mower_ws/src/mower_hardware -DCMAKE_INSTALL_PREFIX=/home/xav2000/mower_ws/install/mower_hardware
[6.748s] DEBUG:colcon.colcon_core.event_handler.log_command:Invoking command in '/home/xav2000/mower_ws/build/mower_hardware': CMAKE_PREFIX_PATH=/opt/ros/humble /usr/bin/cmake --build /home/xav2000/mower_ws/build/mower_hardware -- -j4 -l4
[6.751s] DEBUG:colcon.colcon_core.event_handler.log_command:Invoked command in '/home/xav2000/mower_ws/build/mower_bringup' returned '0': CMAKE_PREFIX_PATH=/opt/ros/humble /usr/bin/cmake /home/xav2000/mower_ws/src/mower_bringup -DCMAKE_INSTALL_PREFIX=/home/xav2000/mower_ws/install/mower_bringup
[6.761s] DEBUG:colcon.colcon_core.event_handler.log_command:Invoking command in '/home/xav2000/mower_ws/build/mower_bringup': CMAKE_PREFIX_PATH=/opt/ros/humble /usr/bin/cmake --build /home/xav2000/mower_ws/build/mower_bringup -- -j4 -l4
[6.883s] DEBUG:colcon.colcon_core.event_handler.log_command:Invoked command in '/home/xav2000/mower_ws/build/mower_hardware' returned '0': CMAKE_PREFIX_PATH=/opt/ros/humble /usr/bin/cmake --build /home/xav2000/mower_ws/build/mower_hardware -- -j4 -l4
[6.920s] DEBUG:colcon.colcon_core.event_handler.log_command:Invoking command in '/home/xav2000/mower_ws/build/mower_hardware': CMAKE_PREFIX_PATH=/opt/ros/humble /usr/bin/cmake --install /home/xav2000/mower_ws/build/mower_hardware
[6.924s] DEBUG:colcon.colcon_core.event_handler.log_command:Invoked command in '/home/xav2000/mower_ws/build/mower_bringup' returned '0': CMAKE_PREFIX_PATH=/opt/ros/humble /usr/bin/cmake --build /home/xav2000/mower_ws/build/mower_bringup -- -j4 -l4
[6.936s] DEBUG:colcon.colcon_core.event_handler.log_command:Invoking command in '/home/xav2000/mower_ws/build/mower_bringup': CMAKE_PREFIX_PATH=/opt/ros/humble /usr/bin/cmake --install /home/xav2000/mower_ws/build/mower_bringup
[6.972s] Level 1:colcon.colcon_core.environment:create_environment_scripts_only(mower_hardware)
[6.974s] DEBUG:colcon.colcon_core.event_handler.log_command:Invoked command in '/home/xav2000/mower_ws/build/mower_hardware' returned '0': CMAKE_PREFIX_PATH=/opt/ros/humble /usr/bin/cmake --install /home/xav2000/mower_ws/build/mower_hardware
[7.000s] Level 1:colcon.colcon_core.environment:checking '/home/xav2000/mower_ws/install/mower_hardware' for CMake module files
[7.004s] Level 1:colcon.colcon_core.environment:checking '/home/xav2000/mower_ws/install/mower_hardware' for CMake config files
[7.005s] Level 1:colcon.colcon_core.shell:create_environment_hook('mower_hardware', 'cmake_prefix_path')
[7.006s] INFO:colcon.colcon_core.shell:Creating environment hook '/home/xav2000/mower_ws/install/mower_hardware/share/mower_hardware/hook/cmake_prefix_path.ps1'
[7.010s] INFO:colcon.colcon_core.shell:Creating environment descriptor '/home/xav2000/mower_ws/install/mower_hardware/share/mower_hardware/hook/cmake_prefix_path.dsv'
[7.013s] INFO:colcon.colcon_core.shell:Creating environment hook '/home/xav2000/mower_ws/install/mower_hardware/share/mower_hardware/hook/cmake_prefix_path.sh'
[7.017s] Level 1:colcon.colcon_core.environment:checking '/home/xav2000/mower_ws/install/mower_hardware/bin'
[7.017s] Level 1:colcon.colcon_core.environment:checking '/home/xav2000/mower_ws/install/mower_hardware/lib/pkgconfig/mower_hardware.pc'
[7.018s] Level 1:colcon.colcon_core.environment:checking '/home/xav2000/mower_ws/install/mower_hardware/lib/python3.10/site-packages'
[7.020s] Level 1:colcon.colcon_core.environment:checking '/home/xav2000/mower_ws/install/mower_hardware/bin'
[7.021s] INFO:colcon.colcon_core.shell:Creating package script '/home/xav2000/mower_ws/install/mower_hardware/share/mower_hardware/package.ps1'
[7.027s] INFO:colcon.colcon_core.shell:Creating package descriptor '/home/xav2000/mower_ws/install/mower_hardware/share/mower_hardware/package.dsv'
[7.030s] INFO:colcon.colcon_core.shell:Creating package script '/home/xav2000/mower_ws/install/mower_hardware/share/mower_hardware/package.sh'
[7.034s] INFO:colcon.colcon_core.shell:Creating package script '/home/xav2000/mower_ws/install/mower_hardware/share/mower_hardware/package.bash'
[7.039s] INFO:colcon.colcon_core.shell:Creating package script '/home/xav2000/mower_ws/install/mower_hardware/share/mower_hardware/package.zsh'
[7.043s] Level 1:colcon.colcon_core.environment:create_file_with_runtime_dependencies(/home/xav2000/mower_ws/install/mower_hardware/share/colcon-core/packages/mower_hardware)
[7.046s] Level 1:colcon.colcon_core.environment:create_environment_scripts_only(mower_hardware)
[7.047s] Level 1:colcon.colcon_core.environment:checking '/home/xav2000/mower_ws/install/mower_hardware' for CMake module files
[7.050s] Level 1:colcon.colcon_core.environment:checking '/home/xav2000/mower_ws/install/mower_hardware' for CMake config files
[7.051s] Level 1:colcon.colcon_core.shell:create_environment_hook('mower_hardware', 'cmake_prefix_path')
[7.052s] INFO:colcon.colcon_core.shell:Creating environment hook '/home/xav2000/mower_ws/install/mower_hardware/share/mower_hardware/hook/cmake_prefix_path.ps1'
[7.054s] INFO:colcon.colcon_core.shell:Creating environment descriptor '/home/xav2000/mower_ws/install/mower_hardware/share/mower_hardware/hook/cmake_prefix_path.dsv'
[7.056s] INFO:colcon.colcon_core.shell:Creating environment hook '/home/xav2000/mower_ws/install/mower_hardware/share/mower_hardware/hook/cmake_prefix_path.sh'
[7.059s] Level 1:colcon.colcon_core.environment:checking '/home/xav2000/mower_ws/install/mower_hardware/bin'
[7.059s] Level 1:colcon.colcon_core.environment:checking '/home/xav2000/mower_ws/install/mower_hardware/lib/pkgconfig/mower_hardware.pc'
[7.060s] Level 1:colcon.colcon_core.environment:checking '/home/xav2000/mower_ws/install/mower_hardware/lib/python3.10/site-packages'
[7.061s] Level 1:colcon.colcon_core.environment:checking '/home/xav2000/mower_ws/install/mower_hardware/bin'
[7.063s] INFO:colcon.colcon_core.shell:Creating package script '/home/xav2000/mower_ws/install/mower_hardware/share/mower_hardware/package.ps1'
[7.065s] INFO:colcon.colcon_core.shell:Creating package descriptor '/home/xav2000/mower_ws/install/mower_hardware/share/mower_hardware/package.dsv'
[7.068s] INFO:colcon.colcon_core.shell:Creating package script '/home/xav2000/mower_ws/install/mower_hardware/share/mower_hardware/package.sh'
[7.070s] INFO:colcon.colcon_core.shell:Creating package script '/home/xav2000/mower_ws/install/mower_hardware/share/mower_hardware/package.bash'
[7.072s] INFO:colcon.colcon_core.shell:Creating package script '/home/xav2000/mower_ws/install/mower_hardware/share/mower_hardware/package.zsh'
[7.074s] Level 1:colcon.colcon_core.environment:create_file_with_runtime_dependencies(/home/xav2000/mower_ws/install/mower_hardware/share/colcon-core/packages/mower_hardware)
[7.077s] Level 1:colcon.colcon_core.environment:create_environment_scripts_only(mower_bringup)
[7.078s] Level 1:colcon.colcon_core.environment:checking '/home/xav2000/mower_ws/install/mower_bringup' for CMake module files
[7.081s] DEBUG:colcon.colcon_core.event_handler.log_command:Invoked command in '/home/xav2000/mower_ws/build/mower_bringup' returned '0': CMAKE_PREFIX_PATH=/opt/ros/humble /usr/bin/cmake --install /home/xav2000/mower_ws/build/mower_bringup
[7.082s] Level 1:colcon.colcon_core.environment:checking '/home/xav2000/mower_ws/install/mower_bringup' for CMake config files
[7.083s] Level 1:colcon.colcon_core.shell:create_environment_hook('mower_bringup', 'cmake_prefix_path')
[7.083s] INFO:colcon.colcon_core.shell:Creating environment hook '/home/xav2000/mower_ws/install/mower_bringup/share/mower_bringup/hook/cmake_prefix_path.ps1'
[7.085s] INFO:colcon.colcon_core.shell:Creating environment descriptor '/home/xav2000/mower_ws/install/mower_bringup/share/mower_bringup/hook/cmake_prefix_path.dsv'
[7.087s] INFO:colcon.colcon_core.shell:Creating environment hook '/home/xav2000/mower_ws/install/mower_bringup/share/mower_bringup/hook/cmake_prefix_path.sh'
[7.089s] Level 1:colcon.colcon_core.environment:checking '/home/xav2000/mower_ws/install/mower_bringup/bin'
[7.090s] Level 1:colcon.colcon_core.environment:checking '/home/xav2000/mower_ws/install/mower_bringup/lib/pkgconfig/mower_bringup.pc'
[7.091s] Level 1:colcon.colcon_core.environment:checking '/home/xav2000/mower_ws/install/mower_bringup/lib/python3.10/site-packages'
[7.092s] Level 1:colcon.colcon_core.environment:checking '/home/xav2000/mower_ws/install/mower_bringup/bin'
[7.093s] INFO:colcon.colcon_core.shell:Creating package script '/home/xav2000/mower_ws/install/mower_bringup/share/mower_bringup/package.ps1'
[7.096s] INFO:colcon.colcon_core.shell:Creating package descriptor '/home/xav2000/mower_ws/install/mower_bringup/share/mower_bringup/package.dsv'
[7.098s] INFO:colcon.colcon_core.shell:Creating package script '/home/xav2000/mower_ws/install/mower_bringup/share/mower_bringup/package.sh'
[7.100s] INFO:colcon.colcon_core.shell:Creating package script '/home/xav2000/mower_ws/install/mower_bringup/share/mower_bringup/package.bash'
[7.102s] INFO:colcon.colcon_core.shell:Creating package script '/home/xav2000/mower_ws/install/mower_bringup/share/mower_bringup/package.zsh'
[7.103s] Level 1:colcon.colcon_core.environment:create_file_with_runtime_dependencies(/home/xav2000/mower_ws/install/mower_bringup/share/colcon-core/packages/mower_bringup)
[7.105s] Level 1:colcon.colcon_core.environment:create_environment_scripts_only(mower_bringup)
[7.106s] Level 1:colcon.colcon_core.environment:checking '/home/xav2000/mower_ws/install/mower_bringup' for CMake module files
[7.109s] Level 1:colcon.colcon_core.environment:checking '/home/xav2000/mower_ws/install/mower_bringup' for CMake config files
[7.110s] Level 1:colcon.colcon_core.shell:create_environment_hook('mower_bringup', 'cmake_prefix_path')
[7.110s] INFO:colcon.colcon_core.shell:Creating environment hook '/home/xav2000/mower_ws/install/mower_bringup/share/mower_bringup/hook/cmake_prefix_path.ps1'
[7.112s] INFO:colcon.colcon_core.shell:Creating environment descriptor '/home/xav2000/mower_ws/install/mower_bringup/share/mower_bringup/hook/cmake_prefix_path.dsv'
[7.114s] INFO:colcon.colcon_core.shell:Creating environment hook '/home/xav2000/mower_ws/install/mower_bringup/share/mower_bringup/hook/cmake_prefix_path.sh'
[7.116s] Level 1:colcon.colcon_core.environment:checking '/home/xav2000/mower_ws/install/mower_bringup/bin'
[7.117s] Level 1:colcon.colcon_core.environment:checking '/home/xav2000/mower_ws/install/mower_bringup/lib/pkgconfig/mower_bringup.pc'
[7.118s] Level 1:colcon.colcon_core.environment:checking '/home/xav2000/mower_ws/install/mower_bringup/lib/python3.10/site-packages'
[7.119s] Level 1:colcon.colcon_core.environment:checking '/home/xav2000/mower_ws/install/mower_bringup/bin'
[7.120s] INFO:colcon.colcon_core.shell:Creating package script '/home/xav2000/mower_ws/install/mower_bringup/share/mower_bringup/package.ps1'
[7.123s] INFO:colcon.colcon_core.shell:Creating package descriptor '/home/xav2000/mower_ws/install/mower_bringup/share/mower_bringup/package.dsv'
[7.125s] INFO:colcon.colcon_core.shell:Creating package script '/home/xav2000/mower_ws/install/mower_bringup/share/mower_bringup/package.sh'
[7.127s] INFO:colcon.colcon_core.shell:Creating package script '/home/xav2000/mower_ws/install/mower_bringup/share/mower_bringup/package.bash'
[7.129s] INFO:colcon.colcon_core.shell:Creating package script '/home/xav2000/mower_ws/install/mower_bringup/share/mower_bringup/package.zsh'
[7.131s] Level 1:colcon.colcon_core.environment:create_file_with_runtime_dependencies(/home/xav2000/mower_ws/install/mower_bringup/share/colcon-core/packages/mower_bringup)
[7.132s] DEBUG:colcon.colcon_parallel_executor.executor.parallel:closing loop
[7.133s] DEBUG:colcon.colcon_parallel_executor.executor.parallel:loop closed
[7.134s] DEBUG:colcon.colcon_parallel_executor.executor.parallel:run_until_complete finished with '0'
[7.134s] DEBUG:colcon.colcon_core.event_reactor:joining thread
[7.136s] DEBUG:colcon.colcon_core.event_reactor:joined thread
[7.137s] INFO:colcon.colcon_core.shell:Creating prefix script '/home/xav2000/mower_ws/install/local_setup.ps1'
[7.141s] INFO:colcon.colcon_core.shell:Creating prefix util module '/home/xav2000/mower_ws/install/_local_setup_util_ps1.py'
[7.147s] INFO:colcon.colcon_core.shell:Creating prefix chain script '/home/xav2000/mower_ws/install/setup.ps1'
[7.152s] INFO:colcon.colcon_core.shell:Creating prefix script '/home/xav2000/mower_ws/install/local_setup.sh'
[7.155s] INFO:colcon.colcon_core.shell:Creating prefix util module '/home/xav2000/mower_ws/install/_local_setup_util_sh.py'
[7.158s] INFO:colcon.colcon_core.shell:Creating prefix chain script '/home/xav2000/mower_ws/install/setup.sh'
[7.164s] INFO:colcon.colcon_core.shell:Creating prefix script '/home/xav2000/mower_ws/install/local_setup.bash'
[7.166s] INFO:colcon.colcon_core.shell:Creating prefix chain script '/home/xav2000/mower_ws/install/setup.bash'
[7.171s] INFO:colcon.colcon_core.shell:Creating prefix script '/home/xav2000/mower_ws/install/local_setup.zsh'
[7.174s] INFO:colcon.colcon_core.shell:Creating prefix chain script '/home/xav2000/mower_ws/install/setup.zsh'
