[0.450s] DEBUG:colcon:Command line arguments: ['/usr/bin/colcon', 'build', '--packages-select', 'mower_bringup', '--symlink-install']
[0.450s] DEBUG:colcon:Parsed command line arguments: Namespace(log_base=None, log_level=None, verb_name='build', build_base='build', install_base='install', merge_install=False, symlink_install=True, test_result_base=None, continue_on_error=False, executor='parallel', parallel_workers=4, event_handlers=None, ignore_user_meta=False, metas=['./colcon.meta'], base_paths=['.'], packages_ignore=None, packages_ignore_regex=None, paths=None, packages_up_to=None, packages_up_to_regex=None, packages_above=None, packages_above_and_dependencies=None, packages_above_depth=None, packages_select_by_dep=None, packages_skip_by_dep=None, packages_skip_up_to=None, packages_select_build_failed=False, packages_skip_build_finished=False, packages_select_test_failures=False, packages_skip_test_passed=False, packages_select=['mower_bringup'], packages_skip=None, packages_select_regex=None, packages_skip_regex=None, packages_start=None, packages_end=None, allow_overriding=[], cmake_args=None, cmake_target=None, cmake_target_skip_unavailable=False, cmake_clean_cache=False, cmake_clean_first=False, cmake_force_configure=False, ament_cmake_args=None, catkin_cmake_args=None, catkin_skip_building_tests=False, mixin_files=None, mixin=None, verb_parser=<colcon_mixin.mixin.mixin_argument.MixinArgumentDecorator object at 0xffff955f44c0>, verb_extension=<colcon_core.verb.build.BuildVerb object at 0xffff95711630>, main=<bound method BuildVerb.main of <colcon_core.verb.build.BuildVerb object at 0xffff95711630>>, mixin_verb=('build',))
[1.156s] Level 1:colcon.colcon_core.package_discovery:discover_packages(colcon_meta) check parameters
[1.157s] Level 1:colcon.colcon_core.package_discovery:discover_packages(recursive) check parameters
[1.157s] Level 1:colcon.colcon_core.package_discovery:discover_packages(ignore) check parameters
[1.157s] Level 1:colcon.colcon_core.package_discovery:discover_packages(path) check parameters
[1.157s] Level 1:colcon.colcon_core.package_discovery:discover_packages(colcon_meta) discover
[1.158s] Level 1:colcon.colcon_core.package_discovery:discover_packages(recursive) discover
[1.158s] INFO:colcon.colcon_core.package_discovery:Crawling recursively for packages in '/home/xav2000/mower_ws'
[1.158s] Level 1:colcon.colcon_core.package_identification:_identify(.) by extensions ['ignore', 'ignore_ament_install']
[1.159s] Level 1:colcon.colcon_core.package_identification:_identify(.) by extension 'ignore'
[1.159s] Level 1:colcon.colcon_core.package_identification:_identify(.) by extension 'ignore_ament_install'
[1.159s] Level 1:colcon.colcon_core.package_identification:_identify(.) by extensions ['colcon_pkg']
[1.159s] Level 1:colcon.colcon_core.package_identification:_identify(.) by extension 'colcon_pkg'
[1.159s] Level 1:colcon.colcon_core.package_identification:_identify(.) by extensions ['colcon_meta']
[1.159s] Level 1:colcon.colcon_core.package_identification:_identify(.) by extension 'colcon_meta'
[1.160s] Level 1:colcon.colcon_core.package_identification:_identify(.) by extensions ['ros']
[1.160s] Level 1:colcon.colcon_core.package_identification:_identify(.) by extension 'ros'
[1.210s] Level 1:colcon.colcon_core.package_identification:_identify(.) by extensions ['cmake', 'python']
[1.210s] Level 1:colcon.colcon_core.package_identification:_identify(.) by extension 'cmake'
[1.210s] Level 1:colcon.colcon_core.package_identification:_identify(.) by extension 'python'
[1.210s] Level 1:colcon.colcon_core.package_identification:_identify(.) by extensions ['python_setup_py']
[1.210s] Level 1:colcon.colcon_core.package_identification:_identify(.) by extension 'python_setup_py'
[1.211s] Level 1:colcon.colcon_core.package_identification:_identify(build) by extensions ['ignore', 'ignore_ament_install']
[1.211s] Level 1:colcon.colcon_core.package_identification:_identify(build) by extension 'ignore'
[1.211s] Level 1:colcon.colcon_core.package_identification:_identify(build) ignored
[1.212s] Level 1:colcon.colcon_core.package_identification:_identify(install) by extensions ['ignore', 'ignore_ament_install']
[1.212s] Level 1:colcon.colcon_core.package_identification:_identify(install) by extension 'ignore'
[1.213s] Level 1:colcon.colcon_core.package_identification:_identify(install) ignored
[1.213s] Level 1:colcon.colcon_core.package_identification:_identify(log) by extensions ['ignore', 'ignore_ament_install']
[1.213s] Level 1:colcon.colcon_core.package_identification:_identify(log) by extension 'ignore'
[1.214s] Level 1:colcon.colcon_core.package_identification:_identify(log) ignored
[1.214s] Level 1:colcon.colcon_core.package_identification:_identify(src) by extensions ['ignore', 'ignore_ament_install']
[1.214s] Level 1:colcon.colcon_core.package_identification:_identify(src) by extension 'ignore'
[1.214s] Level 1:colcon.colcon_core.package_identification:_identify(src) by extension 'ignore_ament_install'
[1.215s] Level 1:colcon.colcon_core.package_identification:_identify(src) by extensions ['colcon_pkg']
[1.215s] Level 1:colcon.colcon_core.package_identification:_identify(src) by extension 'colcon_pkg'
[1.215s] Level 1:colcon.colcon_core.package_identification:_identify(src) by extensions ['colcon_meta']
[1.215s] Level 1:colcon.colcon_core.package_identification:_identify(src) by extension 'colcon_meta'
[1.215s] Level 1:colcon.colcon_core.package_identification:_identify(src) by extensions ['ros']
[1.215s] Level 1:colcon.colcon_core.package_identification:_identify(src) by extension 'ros'
[1.216s] Level 1:colcon.colcon_core.package_identification:_identify(src) by extensions ['cmake', 'python']
[1.216s] Level 1:colcon.colcon_core.package_identification:_identify(src) by extension 'cmake'
[1.216s] Level 1:colcon.colcon_core.package_identification:_identify(src) by extension 'python'
[1.216s] Level 1:colcon.colcon_core.package_identification:_identify(src) by extensions ['python_setup_py']
[1.216s] Level 1:colcon.colcon_core.package_identification:_identify(src) by extension 'python_setup_py'
[1.217s] Level 1:colcon.colcon_core.package_identification:_identify(src/mower_bringup) by extensions ['ignore', 'ignore_ament_install']
[1.217s] Level 1:colcon.colcon_core.package_identification:_identify(src/mower_bringup) by extension 'ignore'
[1.217s] Level 1:colcon.colcon_core.package_identification:_identify(src/mower_bringup) by extension 'ignore_ament_install'
[1.217s] Level 1:colcon.colcon_core.package_identification:_identify(src/mower_bringup) by extensions ['colcon_pkg']
[1.218s] Level 1:colcon.colcon_core.package_identification:_identify(src/mower_bringup) by extension 'colcon_pkg'
[1.218s] Level 1:colcon.colcon_core.package_identification:_identify(src/mower_bringup) by extensions ['colcon_meta']
[1.218s] Level 1:colcon.colcon_core.package_identification:_identify(src/mower_bringup) by extension 'colcon_meta'
[1.218s] Level 1:colcon.colcon_core.package_identification:_identify(src/mower_bringup) by extensions ['ros']
[1.218s] Level 1:colcon.colcon_core.package_identification:_identify(src/mower_bringup) by extension 'ros'
[1.226s] DEBUG:colcon.colcon_core.package_identification:Package 'src/mower_bringup' with type 'ros.ament_cmake' and name 'mower_bringup'
[1.227s] Level 1:colcon.colcon_core.package_identification:_identify(src/mower_hardware) by extensions ['ignore', 'ignore_ament_install']
[1.227s] Level 1:colcon.colcon_core.package_identification:_identify(src/mower_hardware) by extension 'ignore'
[1.227s] Level 1:colcon.colcon_core.package_identification:_identify(src/mower_hardware) by extension 'ignore_ament_install'
[1.228s] Level 1:colcon.colcon_core.package_identification:_identify(src/mower_hardware) by extensions ['colcon_pkg']
[1.228s] Level 1:colcon.colcon_core.package_identification:_identify(src/mower_hardware) by extension 'colcon_pkg'
[1.228s] Level 1:colcon.colcon_core.package_identification:_identify(src/mower_hardware) by extensions ['colcon_meta']
[1.228s] Level 1:colcon.colcon_core.package_identification:_identify(src/mower_hardware) by extension 'colcon_meta'
[1.228s] Level 1:colcon.colcon_core.package_identification:_identify(src/mower_hardware) by extensions ['ros']
[1.229s] Level 1:colcon.colcon_core.package_identification:_identify(src/mower_hardware) by extension 'ros'
[1.231s] DEBUG:colcon.colcon_core.package_identification:Package 'src/mower_hardware' with type 'ros.ament_cmake' and name 'mower_hardware'
[1.231s] Level 1:colcon.colcon_core.package_discovery:discover_packages(recursive) using defaults
[1.231s] Level 1:colcon.colcon_core.package_discovery:discover_packages(ignore) discover
[1.231s] Level 1:colcon.colcon_core.package_discovery:discover_packages(ignore) using defaults
[1.231s] Level 1:colcon.colcon_core.package_discovery:discover_packages(path) discover
[1.231s] Level 1:colcon.colcon_core.package_discovery:discover_packages(path) using defaults
[1.307s] INFO:colcon.colcon_core.package_selection:Skipping not selected package 'mower_hardware' in 'src/mower_hardware'
[1.309s] Level 1:colcon.colcon_core.package_discovery:discover_packages(prefix_path) check parameters
[1.309s] Level 1:colcon.colcon_core.package_discovery:discover_packages(prefix_path) discover
[1.318s] DEBUG:colcon.colcon_installed_package_information.package_discovery:Found 2 installed packages in /home/xav2000/mower_ws/install
[1.326s] DEBUG:colcon.colcon_installed_package_information.package_discovery:Found 253 installed packages in /opt/ros/humble
[1.332s] Level 1:colcon.colcon_core.package_discovery:discover_packages(prefix_path) using defaults
[1.521s] Level 5:colcon.colcon_core.verb:set package 'mower_bringup' build argument 'cmake_args' from command line to 'None'
[1.522s] Level 5:colcon.colcon_core.verb:set package 'mower_bringup' build argument 'cmake_target' from command line to 'None'
[1.522s] Level 5:colcon.colcon_core.verb:set package 'mower_bringup' build argument 'cmake_target_skip_unavailable' from command line to 'False'
[1.522s] Level 5:colcon.colcon_core.verb:set package 'mower_bringup' build argument 'cmake_clean_cache' from command line to 'False'
[1.522s] Level 5:colcon.colcon_core.verb:set package 'mower_bringup' build argument 'cmake_clean_first' from command line to 'False'
[1.522s] Level 5:colcon.colcon_core.verb:set package 'mower_bringup' build argument 'cmake_force_configure' from command line to 'False'
[1.522s] Level 5:colcon.colcon_core.verb:set package 'mower_bringup' build argument 'ament_cmake_args' from command line to 'None'
[1.522s] Level 5:colcon.colcon_core.verb:set package 'mower_bringup' build argument 'catkin_cmake_args' from command line to 'None'
[1.522s] Level 5:colcon.colcon_core.verb:set package 'mower_bringup' build argument 'catkin_skip_building_tests' from command line to 'False'
[1.522s] DEBUG:colcon.colcon_core.verb:Building package 'mower_bringup' with the following arguments: {'ament_cmake_args': None, 'build_base': '/home/xav2000/mower_ws/build/mower_bringup', 'catkin_cmake_args': None, 'catkin_skip_building_tests': False, 'cmake_args': None, 'cmake_clean_cache': False, 'cmake_clean_first': False, 'cmake_force_configure': False, 'cmake_target': None, 'cmake_target_skip_unavailable': False, 'install_base': '/home/xav2000/mower_ws/install/mower_bringup', 'merge_install': False, 'path': '/home/xav2000/mower_ws/src/mower_bringup', 'symlink_install': True, 'test_result_base': None}
[1.523s] INFO:colcon.colcon_core.executor:Executing jobs using 'parallel' executor
[1.526s] DEBUG:colcon.colcon_parallel_executor.executor.parallel:run_until_complete
[1.527s] INFO:colcon.colcon_ros.task.ament_cmake.build:Building ROS package in '/home/xav2000/mower_ws/src/mower_bringup' with build type 'ament_cmake'
[1.528s] INFO:colcon.colcon_cmake.task.cmake.build:Building CMake package in '/home/xav2000/mower_ws/src/mower_bringup'
[1.536s] INFO:colcon.colcon_core.plugin_system:Skipping extension 'colcon_core.shell.bat': Not used on non-Windows systems
[1.537s] INFO:colcon.colcon_core.shell:Skip shell extension 'powershell' for command environment: Not usable outside of PowerShell
[1.538s] DEBUG:colcon.colcon_core.shell:Skip shell extension 'dsv' for command environment
[1.575s] DEBUG:colcon.colcon_core.event_handler.log_command:Invoking command in '/home/xav2000/mower_ws/build/mower_bringup': CMAKE_PREFIX_PATH=${CMAKE_PREFIX_PATH}:/opt/ros/humble /usr/bin/cmake --build /home/xav2000/mower_ws/build/mower_bringup -- -j4 -l4
[2.809s] DEBUG:colcon.colcon_core.event_handler.log_command:Invoked command in '/home/xav2000/mower_ws/build/mower_bringup' returned '0': CMAKE_PREFIX_PATH=${CMAKE_PREFIX_PATH}:/opt/ros/humble /usr/bin/cmake --build /home/xav2000/mower_ws/build/mower_bringup -- -j4 -l4
[2.850s] DEBUG:colcon.colcon_core.event_handler.log_command:Invoking command in '/home/xav2000/mower_ws/build/mower_bringup': CMAKE_PREFIX_PATH=${CMAKE_PREFIX_PATH}:/opt/ros/humble /usr/bin/cmake --install /home/xav2000/mower_ws/build/mower_bringup
[2.965s] Level 1:colcon.colcon_core.environment:create_environment_scripts_only(mower_bringup)
[2.966s] DEBUG:colcon.colcon_core.event_handler.log_command:Invoked command in '/home/xav2000/mower_ws/build/mower_bringup' returned '0': CMAKE_PREFIX_PATH=${CMAKE_PREFIX_PATH}:/opt/ros/humble /usr/bin/cmake --install /home/xav2000/mower_ws/build/mower_bringup
[2.978s] Level 1:colcon.colcon_core.environment:checking '/home/xav2000/mower_ws/install/mower_bringup' for CMake module files
[2.981s] Level 1:colcon.colcon_core.environment:checking '/home/xav2000/mower_ws/install/mower_bringup' for CMake config files
[2.983s] Level 1:colcon.colcon_core.shell:create_environment_hook('mower_bringup', 'cmake_prefix_path')
[2.984s] INFO:colcon.colcon_core.shell:Creating environment hook '/home/xav2000/mower_ws/install/mower_bringup/share/mower_bringup/hook/cmake_prefix_path.ps1'
[2.987s] INFO:colcon.colcon_core.shell:Creating environment descriptor '/home/xav2000/mower_ws/install/mower_bringup/share/mower_bringup/hook/cmake_prefix_path.dsv'
[2.989s] INFO:colcon.colcon_core.shell:Creating environment hook '/home/xav2000/mower_ws/install/mower_bringup/share/mower_bringup/hook/cmake_prefix_path.sh'
[2.993s] Level 1:colcon.colcon_core.environment:checking '/home/xav2000/mower_ws/install/mower_bringup/lib'
[2.994s] Level 1:colcon.colcon_core.environment:checking '/home/xav2000/mower_ws/install/mower_bringup/bin'
[2.994s] Level 1:colcon.colcon_core.environment:checking '/home/xav2000/mower_ws/install/mower_bringup/lib/pkgconfig/mower_bringup.pc'
[2.995s] Level 1:colcon.colcon_core.environment:checking '/home/xav2000/mower_ws/install/mower_bringup/lib/python3.10/site-packages'
[2.997s] Level 1:colcon.colcon_core.environment:checking '/home/xav2000/mower_ws/install/mower_bringup/bin'
[2.998s] INFO:colcon.colcon_core.shell:Creating package script '/home/xav2000/mower_ws/install/mower_bringup/share/mower_bringup/package.ps1'
[3.002s] INFO:colcon.colcon_core.shell:Creating package descriptor '/home/xav2000/mower_ws/install/mower_bringup/share/mower_bringup/package.dsv'
[3.005s] INFO:colcon.colcon_core.shell:Creating package script '/home/xav2000/mower_ws/install/mower_bringup/share/mower_bringup/package.sh'
[3.008s] INFO:colcon.colcon_core.shell:Creating package script '/home/xav2000/mower_ws/install/mower_bringup/share/mower_bringup/package.bash'
[3.012s] INFO:colcon.colcon_core.shell:Creating package script '/home/xav2000/mower_ws/install/mower_bringup/share/mower_bringup/package.zsh'
[3.015s] Level 1:colcon.colcon_core.environment:create_file_with_runtime_dependencies(/home/xav2000/mower_ws/install/mower_bringup/share/colcon-core/packages/mower_bringup)
[3.017s] Level 1:colcon.colcon_core.environment:create_environment_scripts_only(mower_bringup)
[3.018s] Level 1:colcon.colcon_core.environment:checking '/home/xav2000/mower_ws/install/mower_bringup' for CMake module files
[3.021s] Level 1:colcon.colcon_core.environment:checking '/home/xav2000/mower_ws/install/mower_bringup' for CMake config files
[3.022s] Level 1:colcon.colcon_core.shell:create_environment_hook('mower_bringup', 'cmake_prefix_path')
[3.023s] INFO:colcon.colcon_core.shell:Creating environment hook '/home/xav2000/mower_ws/install/mower_bringup/share/mower_bringup/hook/cmake_prefix_path.ps1'
[3.025s] INFO:colcon.colcon_core.shell:Creating environment descriptor '/home/xav2000/mower_ws/install/mower_bringup/share/mower_bringup/hook/cmake_prefix_path.dsv'
[3.027s] INFO:colcon.colcon_core.shell:Creating environment hook '/home/xav2000/mower_ws/install/mower_bringup/share/mower_bringup/hook/cmake_prefix_path.sh'
[3.030s] Level 1:colcon.colcon_core.environment:checking '/home/xav2000/mower_ws/install/mower_bringup/lib'
[3.030s] Level 1:colcon.colcon_core.environment:checking '/home/xav2000/mower_ws/install/mower_bringup/bin'
[3.030s] Level 1:colcon.colcon_core.environment:checking '/home/xav2000/mower_ws/install/mower_bringup/lib/pkgconfig/mower_bringup.pc'
[3.031s] Level 1:colcon.colcon_core.environment:checking '/home/xav2000/mower_ws/install/mower_bringup/lib/python3.10/site-packages'
[3.033s] Level 1:colcon.colcon_core.environment:checking '/home/xav2000/mower_ws/install/mower_bringup/bin'
[3.034s] INFO:colcon.colcon_core.shell:Creating package script '/home/xav2000/mower_ws/install/mower_bringup/share/mower_bringup/package.ps1'
[3.038s] INFO:colcon.colcon_core.shell:Creating package descriptor '/home/xav2000/mower_ws/install/mower_bringup/share/mower_bringup/package.dsv'
[3.040s] INFO:colcon.colcon_core.shell:Creating package script '/home/xav2000/mower_ws/install/mower_bringup/share/mower_bringup/package.sh'
[3.042s] INFO:colcon.colcon_core.shell:Creating package script '/home/xav2000/mower_ws/install/mower_bringup/share/mower_bringup/package.bash'
[3.044s] INFO:colcon.colcon_core.shell:Creating package script '/home/xav2000/mower_ws/install/mower_bringup/share/mower_bringup/package.zsh'
[3.046s] Level 1:colcon.colcon_core.environment:create_file_with_runtime_dependencies(/home/xav2000/mower_ws/install/mower_bringup/share/colcon-core/packages/mower_bringup)
[3.047s] DEBUG:colcon.colcon_parallel_executor.executor.parallel:closing loop
[3.048s] DEBUG:colcon.colcon_parallel_executor.executor.parallel:loop closed
[3.049s] DEBUG:colcon.colcon_parallel_executor.executor.parallel:run_until_complete finished with '0'
[3.049s] DEBUG:colcon.colcon_core.event_reactor:joining thread
[3.051s] DEBUG:colcon.colcon_core.event_reactor:joined thread
[3.052s] INFO:colcon.colcon_core.shell:Creating prefix script '/home/xav2000/mower_ws/install/local_setup.ps1'
[3.056s] INFO:colcon.colcon_core.shell:Creating prefix util module '/home/xav2000/mower_ws/install/_local_setup_util_ps1.py'
[3.062s] INFO:colcon.colcon_core.shell:Creating prefix chain script '/home/xav2000/mower_ws/install/setup.ps1'
[3.067s] INFO:colcon.colcon_core.shell:Creating prefix script '/home/xav2000/mower_ws/install/local_setup.sh'
[3.070s] INFO:colcon.colcon_core.shell:Creating prefix util module '/home/xav2000/mower_ws/install/_local_setup_util_sh.py'
[3.073s] INFO:colcon.colcon_core.shell:Creating prefix chain script '/home/xav2000/mower_ws/install/setup.sh'
[3.077s] INFO:colcon.colcon_core.shell:Creating prefix script '/home/xav2000/mower_ws/install/local_setup.bash'
[3.080s] INFO:colcon.colcon_core.shell:Creating prefix chain script '/home/xav2000/mower_ws/install/setup.bash'
[3.084s] INFO:colcon.colcon_core.shell:Creating prefix script '/home/xav2000/mower_ws/install/local_setup.zsh'
[3.086s] INFO:colcon.colcon_core.shell:Creating prefix chain script '/home/xav2000/mower_ws/install/setup.zsh'
