[0.065s] Invoking command in '/home/xav2000/mower_ws/build/mower_bringup': CMAKE_PREFIX_PATH=/opt/ros/humble /usr/bin/cmake /home/xav2000/mower_ws/src/mower_bringup -DCMAKE_INSTALL_PREFIX=/home/xav2000/mower_ws/install/mower_bringup
[1.215s] -- The C compiler identification is GNU 11.4.0
[1.942s] -- The CXX compiler identification is GNU 11.4.0
[1.986s] -- Detecting C compiler ABI info
[2.355s] -- Detecting C compiler ABI info - done
[2.381s] -- Check for working C compiler: /usr/bin/cc - skipped
[2.383s] -- Detecting C compile features
[2.385s] -- Detecting C compile features - done
[2.401s] -- Detecting CXX compiler ABI info
[2.761s] -- Detecting CXX compiler ABI info - done
[2.788s] -- Check for working CXX compiler: /usr/bin/c++ - skipped
[2.790s] -- Detecting CXX compile features
[2.791s] -- Detecting CXX compile features - done
[2.825s] -- Found ament_cmake: 1.3.14 (/opt/ros/humble/share/ament_cmake/cmake)
[3.640s] -- Found Python3: /usr/bin/python3 (found version "3.10.12") found components: Interpreter 
[4.218s] -- Found ament_lint_auto: 0.12.15 (/opt/ros/humble/share/ament_lint_auto/cmake)
[4.678s] -- Added test 'lint_cmake' to check CMake code style
[4.688s] -- Added test 'xmllint' to check XML markup files
[4.696s] -- Configuring done
[4.718s] -- Generating done
[4.728s] -- Build files have been written to: /home/xav2000/mower_ws/build/mower_bringup
[4.759s] Invoked command in '/home/xav2000/mower_ws/build/mower_bringup' returned '0': CMAKE_PREFIX_PATH=/opt/ros/humble /usr/bin/cmake /home/xav2000/mower_ws/src/mower_bringup -DCMAKE_INSTALL_PREFIX=/home/xav2000/mower_ws/install/mower_bringup
[4.768s] Invoking command in '/home/xav2000/mower_ws/build/mower_bringup': CMAKE_PREFIX_PATH=/opt/ros/humble /usr/bin/cmake --build /home/xav2000/mower_ws/build/mower_bringup -- -j4 -l4
[4.932s] Invoked command in '/home/xav2000/mower_ws/build/mower_bringup' returned '0': CMAKE_PREFIX_PATH=/opt/ros/humble /usr/bin/cmake --build /home/xav2000/mower_ws/build/mower_bringup -- -j4 -l4
[4.943s] Invoking command in '/home/xav2000/mower_ws/build/mower_bringup': CMAKE_PREFIX_PATH=/opt/ros/humble /usr/bin/cmake --install /home/xav2000/mower_ws/build/mower_bringup
[4.967s] -- Install configuration: ""
[4.968s] -- Installing: /home/xav2000/mower_ws/install/mower_bringup/share/ament_index/resource_index/package_run_dependencies/mower_bringup
[4.969s] -- Installing: /home/xav2000/mower_ws/install/mower_bringup/share/ament_index/resource_index/parent_prefix_path/mower_bringup
[4.971s] -- Installing: /home/xav2000/mower_ws/install/mower_bringup/share/mower_bringup/environment/ament_prefix_path.sh
[4.972s] -- Installing: /home/xav2000/mower_ws/install/mower_bringup/share/mower_bringup/environment/ament_prefix_path.dsv
[4.973s] -- Installing: /home/xav2000/mower_ws/install/mower_bringup/share/mower_bringup/environment/path.sh
[4.974s] -- Installing: /home/xav2000/mower_ws/install/mower_bringup/share/mower_bringup/environment/path.dsv
[4.975s] -- Installing: /home/xav2000/mower_ws/install/mower_bringup/share/mower_bringup/local_setup.bash
[4.976s] -- Installing: /home/xav2000/mower_ws/install/mower_bringup/share/mower_bringup/local_setup.sh
[4.978s] -- Installing: /home/xav2000/mower_ws/install/mower_bringup/share/mower_bringup/local_setup.zsh
[4.981s] -- Installing: /home/xav2000/mower_ws/install/mower_bringup/share/mower_bringup/local_setup.dsv
[4.983s] -- Installing: /home/xav2000/mower_ws/install/mower_bringup/share/mower_bringup/package.dsv
[4.984s] -- Installing: /home/xav2000/mower_ws/install/mower_bringup/share/ament_index/resource_index/packages/mower_bringup
[4.984s] -- Installing: /home/xav2000/mower_ws/install/mower_bringup/share/mower_bringup/cmake/mower_bringupConfig.cmake
[4.985s] -- Installing: /home/xav2000/mower_ws/install/mower_bringup/share/mower_bringup/cmake/mower_bringupConfig-version.cmake
[4.986s] -- Installing: /home/xav2000/mower_ws/install/mower_bringup/share/mower_bringup/package.xml
[5.088s] Invoked command in '/home/xav2000/mower_ws/build/mower_bringup' returned '0': CMAKE_PREFIX_PATH=/opt/ros/humble /usr/bin/cmake --install /home/xav2000/mower_ws/build/mower_bringup
