[0.042s] Invoking command in '/home/xav2000/mower_ws/build/mower_hardware': CMAKE_PREFIX_PATH=${CMAKE_PREFIX_PATH}:/home/xav2000/mower_ws/install/mower_logic:/opt/ros/humble /usr/bin/cmake /home/xav2000/mower_ws/src/mower_hardware -DAMENT_CMAKE_SYMLINK_INSTALL=1 -DCMAKE_INSTALL_PREFIX=/home/xav2000/mower_ws/install/mower_hardware
[0.879s] -- The C compiler identification is GNU 11.4.0
[1.704s] -- The CXX compiler identification is GNU 11.4.0
[1.738s] -- Detecting C compiler ABI info
[2.067s] -- Detecting C compiler ABI info - done
[2.092s] -- Check for working C compiler: /usr/bin/cc - skipped
[2.094s] -- Detecting C compile features
[2.097s] -- Detecting C compile features - done
[2.109s] -- Detecting CXX compiler ABI info
[2.458s] -- Detecting CXX compiler ABI info - done
[2.484s] -- Check for working CXX compiler: /usr/bin/c++ - skipped
[2.485s] -- Detecting CXX compile features
[2.486s] -- Detecting CXX compile features - done
[2.521s] -- Found ament_cmake: 1.3.14 (/opt/ros/humble/share/ament_cmake/cmake)
[3.235s] -- Found Python3: /usr/bin/python3 (found version "3.10.12") found components: Interpreter 
[3.516s] -- Override CMake install command with custom implementation using symlinks instead of copying resources
[3.828s] -- Found ament_lint_auto: 0.12.15 (/opt/ros/humble/share/ament_lint_auto/cmake)
[4.271s] -- Added test 'flake8' to check Python code syntax and style conventions
[4.275s] -- Added test 'lint_cmake' to check CMake code style
[4.279s] -- Added test 'pep257' to check Python code against some of the docstring style conventions in PEP 257
[4.289s] -- Added test 'xmllint' to check XML markup files
[4.297s] -- Configuring done
[4.316s] -- Generating done
[4.323s] -- Build files have been written to: /home/xav2000/mower_ws/build/mower_hardware
[4.340s] Invoked command in '/home/xav2000/mower_ws/build/mower_hardware' returned '0': CMAKE_PREFIX_PATH=${CMAKE_PREFIX_PATH}:/home/xav2000/mower_ws/install/mower_logic:/opt/ros/humble /usr/bin/cmake /home/xav2000/mower_ws/src/mower_hardware -DAMENT_CMAKE_SYMLINK_INSTALL=1 -DCMAKE_INSTALL_PREFIX=/home/xav2000/mower_ws/install/mower_hardware
[4.349s] Invoking command in '/home/xav2000/mower_ws/build/mower_hardware': CMAKE_PREFIX_PATH=${CMAKE_PREFIX_PATH}:/home/xav2000/mower_ws/install/mower_logic:/opt/ros/humble /usr/bin/cmake --build /home/xav2000/mower_ws/build/mower_hardware -- -j4 -l4
[4.489s] Invoked command in '/home/xav2000/mower_ws/build/mower_hardware' returned '0': CMAKE_PREFIX_PATH=${CMAKE_PREFIX_PATH}:/home/xav2000/mower_ws/install/mower_logic:/opt/ros/humble /usr/bin/cmake --build /home/xav2000/mower_ws/build/mower_hardware -- -j4 -l4
[4.528s] Invoking command in '/home/xav2000/mower_ws/build/mower_hardware': CMAKE_PREFIX_PATH=${CMAKE_PREFIX_PATH}:/home/xav2000/mower_ws/install/mower_logic:/opt/ros/humble /usr/bin/cmake --install /home/xav2000/mower_ws/build/mower_hardware
[4.556s] -- Install configuration: ""
[4.558s] -- Execute custom install script
[4.560s] -- Symlinking: /home/xav2000/mower_ws/install/mower_hardware/share/mower_hardware/config/centipede_params.yaml
[4.591s] -- Symlinking: /home/xav2000/mower_ws/install/mower_hardware/lib/mower_hardware/motor_driver_node.py
[4.621s] -- Symlinking: /home/xav2000/mower_ws/install/mower_hardware/share/ament_index/resource_index/package_run_dependencies/mower_hardware
[4.653s] -- Symlinking: /home/xav2000/mower_ws/install/mower_hardware/share/ament_index/resource_index/parent_prefix_path/mower_hardware
[4.686s] -- Symlinking: /home/xav2000/mower_ws/install/mower_hardware/share/mower_hardware/environment/ament_prefix_path.sh
[4.716s] -- Symlinking: /home/xav2000/mower_ws/install/mower_hardware/share/mower_hardware/environment/ament_prefix_path.dsv
[4.748s] -- Symlinking: /home/xav2000/mower_ws/install/mower_hardware/share/mower_hardware/environment/path.sh
[4.781s] -- Symlinking: /home/xav2000/mower_ws/install/mower_hardware/share/mower_hardware/environment/path.dsv
[4.810s] -- Symlinking: /home/xav2000/mower_ws/install/mower_hardware/share/mower_hardware/local_setup.bash
[4.841s] -- Symlinking: /home/xav2000/mower_ws/install/mower_hardware/share/mower_hardware/local_setup.sh
[4.871s] -- Symlinking: /home/xav2000/mower_ws/install/mower_hardware/share/mower_hardware/local_setup.zsh
[4.902s] -- Symlinking: /home/xav2000/mower_ws/install/mower_hardware/share/mower_hardware/local_setup.dsv
[4.932s] -- Symlinking: /home/xav2000/mower_ws/install/mower_hardware/share/mower_hardware/package.dsv
[4.963s] -- Symlinking: /home/xav2000/mower_ws/install/mower_hardware/share/ament_index/resource_index/packages/mower_hardware
[4.994s] -- Symlinking: /home/xav2000/mower_ws/install/mower_hardware/share/mower_hardware/cmake/mower_hardwareConfig.cmake
[5.024s] -- Symlinking: /home/xav2000/mower_ws/install/mower_hardware/share/mower_hardware/cmake/mower_hardwareConfig-version.cmake
[5.054s] -- Symlinking: /home/xav2000/mower_ws/install/mower_hardware/share/mower_hardware/package.xml
[5.089s] Invoked command in '/home/xav2000/mower_ws/build/mower_hardware' returned '0': CMAKE_PREFIX_PATH=${CMAKE_PREFIX_PATH}:/home/xav2000/mower_ws/install/mower_logic:/opt/ros/humble /usr/bin/cmake --install /home/xav2000/mower_ws/build/mower_hardware
