[0.453s] DEBUG:colcon:Command line arguments: ['/usr/bin/colcon', 'build', '--packages-select', 'mower_hardware', '--symlink-install']
[0.453s] DEBUG:colcon:Parsed command line arguments: Namespace(log_base=None, log_level=None, verb_name='build', build_base='build', install_base='install', merge_install=False, symlink_install=True, test_result_base=None, continue_on_error=False, executor='parallel', parallel_workers=4, event_handlers=None, ignore_user_meta=False, metas=['./colcon.meta'], base_paths=['.'], packages_ignore=None, packages_ignore_regex=None, paths=None, packages_up_to=None, packages_up_to_regex=None, packages_above=None, packages_above_and_dependencies=None, packages_above_depth=None, packages_select_by_dep=None, packages_skip_by_dep=None, packages_skip_up_to=None, packages_select_build_failed=False, packages_skip_build_finished=False, packages_select_test_failures=False, packages_skip_test_passed=False, packages_select=['mower_hardware'], packages_skip=None, packages_select_regex=None, packages_skip_regex=None, packages_start=None, packages_end=None, allow_overriding=[], cmake_args=None, cmake_target=None, cmake_target_skip_unavailable=False, cmake_clean_cache=False, cmake_clean_first=False, cmake_force_configure=False, ament_cmake_args=None, catkin_cmake_args=None, catkin_skip_building_tests=False, mixin_files=None, mixin=None, verb_parser=<colcon_mixin.mixin.mixin_argument.MixinArgumentDecorator object at 0xffffa3b80850>, verb_extension=<colcon_core.verb.build.BuildVerb object at 0xffffa3c95a50>, main=<bound method BuildVerb.main of <colcon_core.verb.build.BuildVerb object at 0xffffa3c95a50>>, mixin_verb=('build',))
[1.185s] Level 1:colcon.colcon_core.package_discovery:discover_packages(colcon_meta) check parameters
[1.185s] Level 1:colcon.colcon_core.package_discovery:discover_packages(recursive) check parameters
[1.185s] Level 1:colcon.colcon_core.package_discovery:discover_packages(ignore) check parameters
[1.185s] Level 1:colcon.colcon_core.package_discovery:discover_packages(path) check parameters
[1.185s] Level 1:colcon.colcon_core.package_discovery:discover_packages(colcon_meta) discover
[1.186s] Level 1:colcon.colcon_core.package_discovery:discover_packages(recursive) discover
[1.186s] INFO:colcon.colcon_core.package_discovery:Crawling recursively for packages in '/home/xav2000/mower_ws'
[1.186s] Level 1:colcon.colcon_core.package_identification:_identify(.) by extensions ['ignore', 'ignore_ament_install']
[1.187s] Level 1:colcon.colcon_core.package_identification:_identify(.) by extension 'ignore'
[1.187s] Level 1:colcon.colcon_core.package_identification:_identify(.) by extension 'ignore_ament_install'
[1.187s] Level 1:colcon.colcon_core.package_identification:_identify(.) by extensions ['colcon_pkg']
[1.187s] Level 1:colcon.colcon_core.package_identification:_identify(.) by extension 'colcon_pkg'
[1.187s] Level 1:colcon.colcon_core.package_identification:_identify(.) by extensions ['colcon_meta']
[1.188s] Level 1:colcon.colcon_core.package_identification:_identify(.) by extension 'colcon_meta'
[1.188s] Level 1:colcon.colcon_core.package_identification:_identify(.) by extensions ['ros']
[1.188s] Level 1:colcon.colcon_core.package_identification:_identify(.) by extension 'ros'
[1.235s] Level 1:colcon.colcon_core.package_identification:_identify(.) by extensions ['cmake', 'python']
[1.235s] Level 1:colcon.colcon_core.package_identification:_identify(.) by extension 'cmake'
[1.235s] Level 1:colcon.colcon_core.package_identification:_identify(.) by extension 'python'
[1.235s] Level 1:colcon.colcon_core.package_identification:_identify(.) by extensions ['python_setup_py']
[1.235s] Level 1:colcon.colcon_core.package_identification:_identify(.) by extension 'python_setup_py'
[1.236s] Level 1:colcon.colcon_core.package_identification:_identify(build) by extensions ['ignore', 'ignore_ament_install']
[1.236s] Level 1:colcon.colcon_core.package_identification:_identify(build) by extension 'ignore'
[1.236s] Level 1:colcon.colcon_core.package_identification:_identify(build) ignored
[1.237s] Level 1:colcon.colcon_core.package_identification:_identify(install) by extensions ['ignore', 'ignore_ament_install']
[1.237s] Level 1:colcon.colcon_core.package_identification:_identify(install) by extension 'ignore'
[1.238s] Level 1:colcon.colcon_core.package_identification:_identify(install) ignored
[1.238s] Level 1:colcon.colcon_core.package_identification:_identify(log) by extensions ['ignore', 'ignore_ament_install']
[1.239s] Level 1:colcon.colcon_core.package_identification:_identify(log) by extension 'ignore'
[1.239s] Level 1:colcon.colcon_core.package_identification:_identify(log) ignored
[1.239s] Level 1:colcon.colcon_core.package_identification:_identify(src) by extensions ['ignore', 'ignore_ament_install']
[1.239s] Level 1:colcon.colcon_core.package_identification:_identify(src) by extension 'ignore'
[1.240s] Level 1:colcon.colcon_core.package_identification:_identify(src) by extension 'ignore_ament_install'
[1.240s] Level 1:colcon.colcon_core.package_identification:_identify(src) by extensions ['colcon_pkg']
[1.240s] Level 1:colcon.colcon_core.package_identification:_identify(src) by extension 'colcon_pkg'
[1.240s] Level 1:colcon.colcon_core.package_identification:_identify(src) by extensions ['colcon_meta']
[1.240s] Level 1:colcon.colcon_core.package_identification:_identify(src) by extension 'colcon_meta'
[1.240s] Level 1:colcon.colcon_core.package_identification:_identify(src) by extensions ['ros']
[1.241s] Level 1:colcon.colcon_core.package_identification:_identify(src) by extension 'ros'
[1.241s] Level 1:colcon.colcon_core.package_identification:_identify(src) by extensions ['cmake', 'python']
[1.241s] Level 1:colcon.colcon_core.package_identification:_identify(src) by extension 'cmake'
[1.241s] Level 1:colcon.colcon_core.package_identification:_identify(src) by extension 'python'
[1.241s] Level 1:colcon.colcon_core.package_identification:_identify(src) by extensions ['python_setup_py']
[1.241s] Level 1:colcon.colcon_core.package_identification:_identify(src) by extension 'python_setup_py'
[1.242s] Level 1:colcon.colcon_core.package_identification:_identify(src/mower_bringup) by extensions ['ignore', 'ignore_ament_install']
[1.242s] Level 1:colcon.colcon_core.package_identification:_identify(src/mower_bringup) by extension 'ignore'
[1.242s] Level 1:colcon.colcon_core.package_identification:_identify(src/mower_bringup) by extension 'ignore_ament_install'
[1.243s] Level 1:colcon.colcon_core.package_identification:_identify(src/mower_bringup) by extensions ['colcon_pkg']
[1.243s] Level 1:colcon.colcon_core.package_identification:_identify(src/mower_bringup) by extension 'colcon_pkg'
[1.243s] Level 1:colcon.colcon_core.package_identification:_identify(src/mower_bringup) by extensions ['colcon_meta']
[1.243s] Level 1:colcon.colcon_core.package_identification:_identify(src/mower_bringup) by extension 'colcon_meta'
[1.243s] Level 1:colcon.colcon_core.package_identification:_identify(src/mower_bringup) by extensions ['ros']
[1.243s] Level 1:colcon.colcon_core.package_identification:_identify(src/mower_bringup) by extension 'ros'
[1.252s] DEBUG:colcon.colcon_core.package_identification:Package 'src/mower_bringup' with type 'ros.ament_cmake' and name 'mower_bringup'
[1.253s] Level 1:colcon.colcon_core.package_identification:_identify(src/mower_hardware) by extensions ['ignore', 'ignore_ament_install']
[1.253s] Level 1:colcon.colcon_core.package_identification:_identify(src/mower_hardware) by extension 'ignore'
[1.253s] Level 1:colcon.colcon_core.package_identification:_identify(src/mower_hardware) by extension 'ignore_ament_install'
[1.253s] Level 1:colcon.colcon_core.package_identification:_identify(src/mower_hardware) by extensions ['colcon_pkg']
[1.254s] Level 1:colcon.colcon_core.package_identification:_identify(src/mower_hardware) by extension 'colcon_pkg'
[1.254s] Level 1:colcon.colcon_core.package_identification:_identify(src/mower_hardware) by extensions ['colcon_meta']
[1.254s] Level 1:colcon.colcon_core.package_identification:_identify(src/mower_hardware) by extension 'colcon_meta'
[1.254s] Level 1:colcon.colcon_core.package_identification:_identify(src/mower_hardware) by extensions ['ros']
[1.254s] Level 1:colcon.colcon_core.package_identification:_identify(src/mower_hardware) by extension 'ros'
[1.256s] DEBUG:colcon.colcon_core.package_identification:Package 'src/mower_hardware' with type 'ros.ament_cmake' and name 'mower_hardware'
[1.257s] Level 1:colcon.colcon_core.package_identification:_identify(web_ui) by extensions ['ignore', 'ignore_ament_install']
[1.257s] Level 1:colcon.colcon_core.package_identification:_identify(web_ui) by extension 'ignore'
[1.257s] Level 1:colcon.colcon_core.package_identification:_identify(web_ui) by extension 'ignore_ament_install'
[1.258s] Level 1:colcon.colcon_core.package_identification:_identify(web_ui) by extensions ['colcon_pkg']
[1.258s] Level 1:colcon.colcon_core.package_identification:_identify(web_ui) by extension 'colcon_pkg'
[1.258s] Level 1:colcon.colcon_core.package_identification:_identify(web_ui) by extensions ['colcon_meta']
[1.258s] Level 1:colcon.colcon_core.package_identification:_identify(web_ui) by extension 'colcon_meta'
[1.258s] Level 1:colcon.colcon_core.package_identification:_identify(web_ui) by extensions ['ros']
[1.258s] Level 1:colcon.colcon_core.package_identification:_identify(web_ui) by extension 'ros'
[1.259s] Level 1:colcon.colcon_core.package_identification:_identify(web_ui) by extensions ['cmake', 'python']
[1.259s] Level 1:colcon.colcon_core.package_identification:_identify(web_ui) by extension 'cmake'
[1.259s] Level 1:colcon.colcon_core.package_identification:_identify(web_ui) by extension 'python'
[1.259s] Level 1:colcon.colcon_core.package_identification:_identify(web_ui) by extensions ['python_setup_py']
[1.259s] Level 1:colcon.colcon_core.package_identification:_identify(web_ui) by extension 'python_setup_py'
[1.259s] Level 1:colcon.colcon_core.package_discovery:discover_packages(recursive) using defaults
[1.260s] Level 1:colcon.colcon_core.package_discovery:discover_packages(ignore) discover
[1.260s] Level 1:colcon.colcon_core.package_discovery:discover_packages(ignore) using defaults
[1.260s] Level 1:colcon.colcon_core.package_discovery:discover_packages(path) discover
[1.260s] Level 1:colcon.colcon_core.package_discovery:discover_packages(path) using defaults
[1.336s] INFO:colcon.colcon_core.package_selection:Skipping not selected package 'mower_bringup' in 'src/mower_bringup'
[1.337s] Level 1:colcon.colcon_core.package_discovery:discover_packages(prefix_path) check parameters
[1.338s] Level 1:colcon.colcon_core.package_discovery:discover_packages(prefix_path) discover
[1.342s] WARNING:colcon.colcon_ros.prefix_path.ament:The path '/home/xav2000/mower_ws/install/mower_hardware' in the environment variable AMENT_PREFIX_PATH doesn't exist
[1.343s] WARNING:colcon.colcon_ros.prefix_path.catkin:The path '/home/xav2000/mower_ws/install/mower_hardware' in the environment variable CMAKE_PREFIX_PATH doesn't exist
[1.348s] DEBUG:colcon.colcon_installed_package_information.package_discovery:Found 2 installed packages in /home/xav2000/mower_ws/install
[1.356s] DEBUG:colcon.colcon_installed_package_information.package_discovery:Found 259 installed packages in /opt/ros/humble
[1.401s] Level 1:colcon.colcon_core.package_discovery:discover_packages(prefix_path) using defaults
[1.552s] Level 5:colcon.colcon_core.verb:set package 'mower_hardware' build argument 'cmake_args' from command line to 'None'
[1.552s] Level 5:colcon.colcon_core.verb:set package 'mower_hardware' build argument 'cmake_target' from command line to 'None'
[1.552s] Level 5:colcon.colcon_core.verb:set package 'mower_hardware' build argument 'cmake_target_skip_unavailable' from command line to 'False'
[1.553s] Level 5:colcon.colcon_core.verb:set package 'mower_hardware' build argument 'cmake_clean_cache' from command line to 'False'
[1.553s] Level 5:colcon.colcon_core.verb:set package 'mower_hardware' build argument 'cmake_clean_first' from command line to 'False'
[1.553s] Level 5:colcon.colcon_core.verb:set package 'mower_hardware' build argument 'cmake_force_configure' from command line to 'False'
[1.553s] Level 5:colcon.colcon_core.verb:set package 'mower_hardware' build argument 'ament_cmake_args' from command line to 'None'
[1.553s] Level 5:colcon.colcon_core.verb:set package 'mower_hardware' build argument 'catkin_cmake_args' from command line to 'None'
[1.553s] Level 5:colcon.colcon_core.verb:set package 'mower_hardware' build argument 'catkin_skip_building_tests' from command line to 'False'
[1.553s] DEBUG:colcon.colcon_core.verb:Building package 'mower_hardware' with the following arguments: {'ament_cmake_args': None, 'build_base': '/home/xav2000/mower_ws/build/mower_hardware', 'catkin_cmake_args': None, 'catkin_skip_building_tests': False, 'cmake_args': None, 'cmake_clean_cache': False, 'cmake_clean_first': False, 'cmake_force_configure': False, 'cmake_target': None, 'cmake_target_skip_unavailable': False, 'install_base': '/home/xav2000/mower_ws/install/mower_hardware', 'merge_install': False, 'path': '/home/xav2000/mower_ws/src/mower_hardware', 'symlink_install': True, 'test_result_base': None}
[1.554s] INFO:colcon.colcon_core.executor:Executing jobs using 'parallel' executor
[1.557s] DEBUG:colcon.colcon_parallel_executor.executor.parallel:run_until_complete
[1.558s] INFO:colcon.colcon_ros.task.ament_cmake.build:Building ROS package in '/home/xav2000/mower_ws/src/mower_hardware' with build type 'ament_cmake'
[1.559s] INFO:colcon.colcon_cmake.task.cmake.build:Building CMake package in '/home/xav2000/mower_ws/src/mower_hardware'
[1.568s] INFO:colcon.colcon_core.plugin_system:Skipping extension 'colcon_core.shell.bat': Not used on non-Windows systems
[1.569s] INFO:colcon.colcon_core.shell:Skip shell extension 'powershell' for command environment: Not usable outside of PowerShell
[1.569s] DEBUG:colcon.colcon_core.shell:Skip shell extension 'dsv' for command environment
[1.602s] DEBUG:colcon.colcon_core.event_handler.log_command:Invoking command in '/home/xav2000/mower_ws/build/mower_hardware': CMAKE_PREFIX_PATH=${CMAKE_PREFIX_PATH}:/home/xav2000/mower_ws/install/mower_logic:/opt/ros/humble /usr/bin/cmake /home/xav2000/mower_ws/src/mower_hardware -DAMENT_CMAKE_SYMLINK_INSTALL=1 -DCMAKE_INSTALL_PREFIX=/home/xav2000/mower_ws/install/mower_hardware
[5.900s] DEBUG:colcon.colcon_core.event_handler.log_command:Invoked command in '/home/xav2000/mower_ws/build/mower_hardware' returned '0': CMAKE_PREFIX_PATH=${CMAKE_PREFIX_PATH}:/home/xav2000/mower_ws/install/mower_logic:/opt/ros/humble /usr/bin/cmake /home/xav2000/mower_ws/src/mower_hardware -DAMENT_CMAKE_SYMLINK_INSTALL=1 -DCMAKE_INSTALL_PREFIX=/home/xav2000/mower_ws/install/mower_hardware
[5.909s] DEBUG:colcon.colcon_core.event_handler.log_command:Invoking command in '/home/xav2000/mower_ws/build/mower_hardware': CMAKE_PREFIX_PATH=${CMAKE_PREFIX_PATH}:/home/xav2000/mower_ws/install/mower_logic:/opt/ros/humble /usr/bin/cmake --build /home/xav2000/mower_ws/build/mower_hardware -- -j4 -l4
[6.048s] DEBUG:colcon.colcon_core.event_handler.log_command:Invoked command in '/home/xav2000/mower_ws/build/mower_hardware' returned '0': CMAKE_PREFIX_PATH=${CMAKE_PREFIX_PATH}:/home/xav2000/mower_ws/install/mower_logic:/opt/ros/humble /usr/bin/cmake --build /home/xav2000/mower_ws/build/mower_hardware -- -j4 -l4
[6.088s] DEBUG:colcon.colcon_core.event_handler.log_command:Invoking command in '/home/xav2000/mower_ws/build/mower_hardware': CMAKE_PREFIX_PATH=${CMAKE_PREFIX_PATH}:/home/xav2000/mower_ws/install/mower_logic:/opt/ros/humble /usr/bin/cmake --install /home/xav2000/mower_ws/build/mower_hardware
[6.646s] Level 1:colcon.colcon_core.environment:create_environment_scripts_only(mower_hardware)
[6.648s] DEBUG:colcon.colcon_core.event_handler.log_command:Invoked command in '/home/xav2000/mower_ws/build/mower_hardware' returned '0': CMAKE_PREFIX_PATH=${CMAKE_PREFIX_PATH}:/home/xav2000/mower_ws/install/mower_logic:/opt/ros/humble /usr/bin/cmake --install /home/xav2000/mower_ws/build/mower_hardware
[6.660s] Level 1:colcon.colcon_core.environment:checking '/home/xav2000/mower_ws/install/mower_hardware' for CMake module files
[6.662s] Level 1:colcon.colcon_core.environment:checking '/home/xav2000/mower_ws/install/mower_hardware' for CMake config files
[6.664s] Level 1:colcon.colcon_core.shell:create_environment_hook('mower_hardware', 'cmake_prefix_path')
[6.665s] INFO:colcon.colcon_core.shell:Creating environment hook '/home/xav2000/mower_ws/install/mower_hardware/share/mower_hardware/hook/cmake_prefix_path.ps1'
[6.668s] INFO:colcon.colcon_core.shell:Creating environment descriptor '/home/xav2000/mower_ws/install/mower_hardware/share/mower_hardware/hook/cmake_prefix_path.dsv'
[6.670s] INFO:colcon.colcon_core.shell:Creating environment hook '/home/xav2000/mower_ws/install/mower_hardware/share/mower_hardware/hook/cmake_prefix_path.sh'
[6.673s] Level 1:colcon.colcon_core.environment:checking '/home/xav2000/mower_ws/install/mower_hardware/lib'
[6.674s] Level 1:colcon.colcon_core.environment:checking '/home/xav2000/mower_ws/install/mower_hardware/bin'
[6.674s] Level 1:colcon.colcon_core.environment:checking '/home/xav2000/mower_ws/install/mower_hardware/lib/pkgconfig/mower_hardware.pc'
[6.675s] Level 1:colcon.colcon_core.environment:checking '/home/xav2000/mower_ws/install/mower_hardware/lib/python3.10/site-packages'
[6.676s] Level 1:colcon.colcon_core.environment:checking '/home/xav2000/mower_ws/install/mower_hardware/bin'
[6.677s] INFO:colcon.colcon_core.shell:Creating package script '/home/xav2000/mower_ws/install/mower_hardware/share/mower_hardware/package.ps1'
[6.682s] INFO:colcon.colcon_core.shell:Creating package descriptor '/home/xav2000/mower_ws/install/mower_hardware/share/mower_hardware/package.dsv'
[6.684s] INFO:colcon.colcon_core.shell:Creating package script '/home/xav2000/mower_ws/install/mower_hardware/share/mower_hardware/package.sh'
[6.687s] INFO:colcon.colcon_core.shell:Creating package script '/home/xav2000/mower_ws/install/mower_hardware/share/mower_hardware/package.bash'
[6.691s] INFO:colcon.colcon_core.shell:Creating package script '/home/xav2000/mower_ws/install/mower_hardware/share/mower_hardware/package.zsh'
[6.693s] Level 1:colcon.colcon_core.environment:create_file_with_runtime_dependencies(/home/xav2000/mower_ws/install/mower_hardware/share/colcon-core/packages/mower_hardware)
[6.696s] Level 1:colcon.colcon_core.environment:create_environment_scripts_only(mower_hardware)
[6.697s] Level 1:colcon.colcon_core.environment:checking '/home/xav2000/mower_ws/install/mower_hardware' for CMake module files
[6.700s] Level 1:colcon.colcon_core.environment:checking '/home/xav2000/mower_ws/install/mower_hardware' for CMake config files
[6.701s] Level 1:colcon.colcon_core.shell:create_environment_hook('mower_hardware', 'cmake_prefix_path')
[6.702s] INFO:colcon.colcon_core.shell:Creating environment hook '/home/xav2000/mower_ws/install/mower_hardware/share/mower_hardware/hook/cmake_prefix_path.ps1'
[6.704s] INFO:colcon.colcon_core.shell:Creating environment descriptor '/home/xav2000/mower_ws/install/mower_hardware/share/mower_hardware/hook/cmake_prefix_path.dsv'
[6.707s] INFO:colcon.colcon_core.shell:Creating environment hook '/home/xav2000/mower_ws/install/mower_hardware/share/mower_hardware/hook/cmake_prefix_path.sh'
[6.710s] Level 1:colcon.colcon_core.environment:checking '/home/xav2000/mower_ws/install/mower_hardware/lib'
[6.710s] Level 1:colcon.colcon_core.environment:checking '/home/xav2000/mower_ws/install/mower_hardware/bin'
[6.710s] Level 1:colcon.colcon_core.environment:checking '/home/xav2000/mower_ws/install/mower_hardware/lib/pkgconfig/mower_hardware.pc'
[6.711s] Level 1:colcon.colcon_core.environment:checking '/home/xav2000/mower_ws/install/mower_hardware/lib/python3.10/site-packages'
[6.713s] Level 1:colcon.colcon_core.environment:checking '/home/xav2000/mower_ws/install/mower_hardware/bin'
[6.714s] INFO:colcon.colcon_core.shell:Creating package script '/home/xav2000/mower_ws/install/mower_hardware/share/mower_hardware/package.ps1'
[6.717s] INFO:colcon.colcon_core.shell:Creating package descriptor '/home/xav2000/mower_ws/install/mower_hardware/share/mower_hardware/package.dsv'
[6.719s] INFO:colcon.colcon_core.shell:Creating package script '/home/xav2000/mower_ws/install/mower_hardware/share/mower_hardware/package.sh'
[6.722s] INFO:colcon.colcon_core.shell:Creating package script '/home/xav2000/mower_ws/install/mower_hardware/share/mower_hardware/package.bash'
[6.724s] INFO:colcon.colcon_core.shell:Creating package script '/home/xav2000/mower_ws/install/mower_hardware/share/mower_hardware/package.zsh'
[6.726s] Level 1:colcon.colcon_core.environment:create_file_with_runtime_dependencies(/home/xav2000/mower_ws/install/mower_hardware/share/colcon-core/packages/mower_hardware)
[6.727s] DEBUG:colcon.colcon_parallel_executor.executor.parallel:closing loop
[6.728s] DEBUG:colcon.colcon_parallel_executor.executor.parallel:loop closed
[6.729s] DEBUG:colcon.colcon_parallel_executor.executor.parallel:run_until_complete finished with '0'
[6.729s] DEBUG:colcon.colcon_core.event_reactor:joining thread
[6.730s] DEBUG:colcon.colcon_core.event_reactor:joined thread
[6.732s] INFO:colcon.colcon_core.shell:Creating prefix script '/home/xav2000/mower_ws/install/local_setup.ps1'
[6.735s] INFO:colcon.colcon_core.shell:Creating prefix util module '/home/xav2000/mower_ws/install/_local_setup_util_ps1.py'
[6.741s] INFO:colcon.colcon_core.shell:Creating prefix chain script '/home/xav2000/mower_ws/install/setup.ps1'
[6.747s] INFO:colcon.colcon_core.shell:Creating prefix script '/home/xav2000/mower_ws/install/local_setup.sh'
[6.750s] INFO:colcon.colcon_core.shell:Creating prefix util module '/home/xav2000/mower_ws/install/_local_setup_util_sh.py'
[6.753s] INFO:colcon.colcon_core.shell:Creating prefix chain script '/home/xav2000/mower_ws/install/setup.sh'
[6.758s] INFO:colcon.colcon_core.shell:Creating prefix script '/home/xav2000/mower_ws/install/local_setup.bash'
[6.761s] INFO:colcon.colcon_core.shell:Creating prefix chain script '/home/xav2000/mower_ws/install/setup.bash'
[6.766s] INFO:colcon.colcon_core.shell:Creating prefix script '/home/xav2000/mower_ws/install/local_setup.zsh'
[6.768s] INFO:colcon.colcon_core.shell:Creating prefix chain script '/home/xav2000/mower_ws/install/setup.zsh'
