-- Found ament_cmake: 1.3.14 (/opt/ros/humble/share/ament_cmake/cmake)
-- Override CMake install command with custom implementation using symlinks instead of copying resources
-- Found ament_lint_auto: 0.12.15 (/opt/ros/humble/share/ament_lint_auto/cmake)
-- Added test 'flake8' to check Python code syntax and style conventions
-- Added test 'lint_cmake' to check CMake code style
-- Added test 'pep257' to check Python code against some of the docstring style conventions in PEP 257
-- Added test 'xmllint' to check XML markup files
-- Configuring done
-- Generating done
-- Build files have been written to: /home/xav2000/mower_ws/build/mower_hardware
-- Install configuration: ""
-- Execute custom install script
-- Symlinking: /home/xav2000/mower_ws/install/mower_hardware/share/mower_hardware/config/centipede_params.yaml
-- Symlinking: /home/xav2000/mower_ws/install/mower_hardware/lib/mower_hardware/motor_driver_node.py
-- Symlinking: /home/xav2000/mower_ws/install/mower_hardware/share/ament_index/resource_index/package_run_dependencies/mower_hardware
-- Symlinking: /home/xav2000/mower_ws/install/mower_hardware/share/ament_index/resource_index/parent_prefix_path/mower_hardware
-- Symlinking: /home/xav2000/mower_ws/install/mower_hardware/share/mower_hardware/environment/ament_prefix_path.sh
-- Symlinking: /home/xav2000/mower_ws/install/mower_hardware/share/mower_hardware/environment/ament_prefix_path.dsv
-- Symlinking: /home/xav2000/mower_ws/install/mower_hardware/share/mower_hardware/environment/path.sh
-- Symlinking: /home/xav2000/mower_ws/install/mower_hardware/share/mower_hardware/environment/path.dsv
-- Symlinking: /home/xav2000/mower_ws/install/mower_hardware/share/mower_hardware/local_setup.bash
-- Symlinking: /home/xav2000/mower_ws/install/mower_hardware/share/mower_hardware/local_setup.sh
-- Symlinking: /home/xav2000/mower_ws/install/mower_hardware/share/mower_hardware/local_setup.zsh
-- Symlinking: /home/xav2000/mower_ws/install/mower_hardware/share/mower_hardware/local_setup.dsv
-- Symlinking: /home/xav2000/mower_ws/install/mower_hardware/share/mower_hardware/package.dsv
-- Symlinking: /home/xav2000/mower_ws/install/mower_hardware/share/ament_index/resource_index/packages/mower_hardware
-- Symlinking: /home/xav2000/mower_ws/install/mower_hardware/share/mower_hardware/cmake/mower_hardwareConfig.cmake
-- Symlinking: /home/xav2000/mower_ws/install/mower_hardware/share/mower_hardware/cmake/mower_hardwareConfig-version.cmake
-- Symlinking: /home/xav2000/mower_ws/install/mower_hardware/share/mower_hardware/package.xml
