[0.078s] Invoking command in '/home/xav2000/mower_ws/build/mower_hardware': CMAKE_PREFIX_PATH=${CMAKE_PREFIX_PATH}:/home/xav2000/mower_ws/install/mower_logic:/opt/ros/humble /usr/bin/cmake /home/xav2000/mower_ws/src/mower_hardware -DAMENT_CMAKE_SYMLINK_INSTALL=1 -DCMAKE_INSTALL_PREFIX=/home/xav2000/mower_ws/install/mower_hardware
[0.347s] -- Found ament_cmake: 1.3.14 (/opt/ros/humble/share/ament_cmake/cmake)
[0.932s] -- Override CMake install command with custom implementation using symlinks instead of copying resources
[1.043s] -- Found ament_lint_auto: 0.12.15 (/opt/ros/humble/share/ament_lint_auto/cmake)
[1.435s] -- Added test 'flake8' to check Python code syntax and style conventions
[1.439s] -- Added test 'lint_cmake' to check CMake code style
[1.442s] -- Added test 'pep257' to check Python code against some of the docstring style conventions in PEP 257
[1.453s] -- Added test 'xmllint' to check XML markup files
[1.462s] -- Configuring done
[1.544s] -- Generating done
[1.576s] -- Build files have been written to: /home/xav2000/mower_ws/build/mower_hardware
[1.604s] Invoked command in '/home/xav2000/mower_ws/build/mower_hardware' returned '0': CMAKE_PREFIX_PATH=${CMAKE_PREFIX_PATH}:/home/xav2000/mower_ws/install/mower_logic:/opt/ros/humble /usr/bin/cmake /home/xav2000/mower_ws/src/mower_hardware -DAMENT_CMAKE_SYMLINK_INSTALL=1 -DCMAKE_INSTALL_PREFIX=/home/xav2000/mower_ws/install/mower_hardware
[1.616s] Invoking command in '/home/xav2000/mower_ws/build/mower_hardware': CMAKE_PREFIX_PATH=${CMAKE_PREFIX_PATH}:/home/xav2000/mower_ws/install/mower_logic:/opt/ros/humble /usr/bin/cmake --build /home/xav2000/mower_ws/build/mower_hardware -- -j4 -l4
[1.765s] Invoked command in '/home/xav2000/mower_ws/build/mower_hardware' returned '0': CMAKE_PREFIX_PATH=${CMAKE_PREFIX_PATH}:/home/xav2000/mower_ws/install/mower_logic:/opt/ros/humble /usr/bin/cmake --build /home/xav2000/mower_ws/build/mower_hardware -- -j4 -l4
[1.805s] Invoking command in '/home/xav2000/mower_ws/build/mower_hardware': CMAKE_PREFIX_PATH=${CMAKE_PREFIX_PATH}:/home/xav2000/mower_ws/install/mower_logic:/opt/ros/humble /usr/bin/cmake --install /home/xav2000/mower_ws/build/mower_hardware
[1.830s] -- Install configuration: ""
[1.831s] -- Execute custom install script
[1.832s] -- Symlinking: /home/xav2000/mower_ws/install/mower_hardware/share/mower_hardware/config/centipede_params.yaml
[1.862s] -- Symlinking: /home/xav2000/mower_ws/install/mower_hardware/lib/mower_hardware/motor_driver_node.py
[1.892s] -- Symlinking: /home/xav2000/mower_ws/install/mower_hardware/share/ament_index/resource_index/package_run_dependencies/mower_hardware
[1.923s] -- Symlinking: /home/xav2000/mower_ws/install/mower_hardware/share/ament_index/resource_index/parent_prefix_path/mower_hardware
[1.955s] -- Symlinking: /home/xav2000/mower_ws/install/mower_hardware/share/mower_hardware/environment/ament_prefix_path.sh
[1.986s] -- Symlinking: /home/xav2000/mower_ws/install/mower_hardware/share/mower_hardware/environment/ament_prefix_path.dsv
[2.017s] -- Symlinking: /home/xav2000/mower_ws/install/mower_hardware/share/mower_hardware/environment/path.sh
[2.048s] -- Symlinking: /home/xav2000/mower_ws/install/mower_hardware/share/mower_hardware/environment/path.dsv
[2.081s] -- Symlinking: /home/xav2000/mower_ws/install/mower_hardware/share/mower_hardware/local_setup.bash
[2.111s] -- Symlinking: /home/xav2000/mower_ws/install/mower_hardware/share/mower_hardware/local_setup.sh
[2.142s] -- Symlinking: /home/xav2000/mower_ws/install/mower_hardware/share/mower_hardware/local_setup.zsh
[2.172s] -- Symlinking: /home/xav2000/mower_ws/install/mower_hardware/share/mower_hardware/local_setup.dsv
[2.202s] -- Symlinking: /home/xav2000/mower_ws/install/mower_hardware/share/mower_hardware/package.dsv
[2.234s] -- Symlinking: /home/xav2000/mower_ws/install/mower_hardware/share/ament_index/resource_index/packages/mower_hardware
[2.266s] -- Symlinking: /home/xav2000/mower_ws/install/mower_hardware/share/mower_hardware/cmake/mower_hardwareConfig.cmake
[2.297s] -- Symlinking: /home/xav2000/mower_ws/install/mower_hardware/share/mower_hardware/cmake/mower_hardwareConfig-version.cmake
[2.328s] -- Symlinking: /home/xav2000/mower_ws/install/mower_hardware/share/mower_hardware/package.xml
[2.364s] Invoked command in '/home/xav2000/mower_ws/build/mower_hardware' returned '0': CMAKE_PREFIX_PATH=${CMAKE_PREFIX_PATH}:/home/xav2000/mower_ws/install/mower_logic:/opt/ros/humble /usr/bin/cmake --install /home/xav2000/mower_ws/build/mower_hardware
