[0.844s] DEBUG:colcon:Command line arguments: ['/usr/bin/colcon', 'build', '--packages-select', 'mower_logic']
[0.844s] DEBUG:colcon:Parsed command line arguments: Namespace(log_base=None, log_level=None, verb_name='build', build_base='build', install_base='install', merge_install=False, symlink_install=False, test_result_base=None, continue_on_error=False, executor='parallel', parallel_workers=4, event_handlers=None, ignore_user_meta=False, metas=['./colcon.meta'], base_paths=['.'], packages_ignore=None, packages_ignore_regex=None, paths=None, packages_up_to=None, packages_up_to_regex=None, packages_above=None, packages_above_and_dependencies=None, packages_above_depth=None, packages_select_by_dep=None, packages_skip_by_dep=None, packages_skip_up_to=None, packages_select_build_failed=False, packages_skip_build_finished=False, packages_select_test_failures=False, packages_skip_test_passed=False, packages_select=['mower_logic'], packages_skip=None, packages_select_regex=None, packages_skip_regex=None, packages_start=None, packages_end=None, allow_overriding=[], cmake_args=None, cmake_target=None, cmake_target_skip_unavailable=False, cmake_clean_cache=False, cmake_clean_first=False, cmake_force_configure=False, ament_cmake_args=None, catkin_cmake_args=None, catkin_skip_building_tests=False, mixin_files=None, mixin=None, verb_parser=<colcon_mixin.mixin.mixin_argument.MixinArgumentDecorator object at 0xffff8c8f4550>, verb_extension=<colcon_core.verb.build.BuildVerb object at 0xffff8ca0d750>, main=<bound method BuildVerb.main of <colcon_core.verb.build.BuildVerb object at 0xffff8ca0d750>>, mixin_verb=('build',))
[1.799s] Level 1:colcon.colcon_core.package_discovery:discover_packages(colcon_meta) check parameters
[1.800s] Level 1:colcon.colcon_core.package_discovery:discover_packages(recursive) check parameters
[1.801s] Level 1:colcon.colcon_core.package_discovery:discover_packages(ignore) check parameters
[1.801s] Level 1:colcon.colcon_core.package_discovery:discover_packages(path) check parameters
[1.801s] Level 1:colcon.colcon_core.package_discovery:discover_packages(colcon_meta) discover
[1.801s] Level 1:colcon.colcon_core.package_discovery:discover_packages(recursive) discover
[1.801s] INFO:colcon.colcon_core.package_discovery:Crawling recursively for packages in '/home/xav2000/mower_ws'
[1.802s] Level 1:colcon.colcon_core.package_identification:_identify(.) by extensions ['ignore', 'ignore_ament_install']
[1.803s] Level 1:colcon.colcon_core.package_identification:_identify(.) by extension 'ignore'
[1.803s] Level 1:colcon.colcon_core.package_identification:_identify(.) by extension 'ignore_ament_install'
[1.803s] Level 1:colcon.colcon_core.package_identification:_identify(.) by extensions ['colcon_pkg']
[1.804s] Level 1:colcon.colcon_core.package_identification:_identify(.) by extension 'colcon_pkg'
[1.804s] Level 1:colcon.colcon_core.package_identification:_identify(.) by extensions ['colcon_meta']
[1.804s] Level 1:colcon.colcon_core.package_identification:_identify(.) by extension 'colcon_meta'
[1.804s] Level 1:colcon.colcon_core.package_identification:_identify(.) by extensions ['ros']
[1.804s] Level 1:colcon.colcon_core.package_identification:_identify(.) by extension 'ros'
[1.876s] Level 1:colcon.colcon_core.package_identification:_identify(.) by extensions ['cmake', 'python']
[1.877s] Level 1:colcon.colcon_core.package_identification:_identify(.) by extension 'cmake'
[1.877s] Level 1:colcon.colcon_core.package_identification:_identify(.) by extension 'python'
[1.877s] Level 1:colcon.colcon_core.package_identification:_identify(.) by extensions ['python_setup_py']
[1.877s] Level 1:colcon.colcon_core.package_identification:_identify(.) by extension 'python_setup_py'
[1.878s] Level 1:colcon.colcon_core.package_identification:_identify(build) by extensions ['ignore', 'ignore_ament_install']
[1.878s] Level 1:colcon.colcon_core.package_identification:_identify(build) by extension 'ignore'
[1.878s] Level 1:colcon.colcon_core.package_identification:_identify(build) ignored
[1.879s] Level 1:colcon.colcon_core.package_identification:_identify(install) by extensions ['ignore', 'ignore_ament_install']
[1.880s] Level 1:colcon.colcon_core.package_identification:_identify(install) by extension 'ignore'
[1.880s] Level 1:colcon.colcon_core.package_identification:_identify(install) ignored
[1.880s] Level 1:colcon.colcon_core.package_identification:_identify(log) by extensions ['ignore', 'ignore_ament_install']
[1.881s] Level 1:colcon.colcon_core.package_identification:_identify(log) by extension 'ignore'
[1.881s] Level 1:colcon.colcon_core.package_identification:_identify(log) ignored
[1.881s] Level 1:colcon.colcon_core.package_identification:_identify(src) by extensions ['ignore', 'ignore_ament_install']
[1.881s] Level 1:colcon.colcon_core.package_identification:_identify(src) by extension 'ignore'
[1.882s] Level 1:colcon.colcon_core.package_identification:_identify(src) by extension 'ignore_ament_install'
[1.882s] Level 1:colcon.colcon_core.package_identification:_identify(src) by extensions ['colcon_pkg']
[1.882s] Level 1:colcon.colcon_core.package_identification:_identify(src) by extension 'colcon_pkg'
[1.882s] Level 1:colcon.colcon_core.package_identification:_identify(src) by extensions ['colcon_meta']
[1.882s] Level 1:colcon.colcon_core.package_identification:_identify(src) by extension 'colcon_meta'
[1.883s] Level 1:colcon.colcon_core.package_identification:_identify(src) by extensions ['ros']
[1.883s] Level 1:colcon.colcon_core.package_identification:_identify(src) by extension 'ros'
[1.883s] Level 1:colcon.colcon_core.package_identification:_identify(src) by extensions ['cmake', 'python']
[1.883s] Level 1:colcon.colcon_core.package_identification:_identify(src) by extension 'cmake'
[1.883s] Level 1:colcon.colcon_core.package_identification:_identify(src) by extension 'python'
[1.883s] Level 1:colcon.colcon_core.package_identification:_identify(src) by extensions ['python_setup_py']
[1.884s] Level 1:colcon.colcon_core.package_identification:_identify(src) by extension 'python_setup_py'
[1.884s] Level 1:colcon.colcon_core.package_identification:_identify(src/mower_bringup) by extensions ['ignore', 'ignore_ament_install']
[1.884s] Level 1:colcon.colcon_core.package_identification:_identify(src/mower_bringup) by extension 'ignore'
[1.884s] Level 1:colcon.colcon_core.package_identification:_identify(src/mower_bringup) by extension 'ignore_ament_install'
[1.885s] Level 1:colcon.colcon_core.package_identification:_identify(src/mower_bringup) by extensions ['colcon_pkg']
[1.885s] Level 1:colcon.colcon_core.package_identification:_identify(src/mower_bringup) by extension 'colcon_pkg'
[1.885s] Level 1:colcon.colcon_core.package_identification:_identify(src/mower_bringup) by extensions ['colcon_meta']
[1.885s] Level 1:colcon.colcon_core.package_identification:_identify(src/mower_bringup) by extension 'colcon_meta'
[1.885s] Level 1:colcon.colcon_core.package_identification:_identify(src/mower_bringup) by extensions ['ros']
[1.885s] Level 1:colcon.colcon_core.package_identification:_identify(src/mower_bringup) by extension 'ros'
[1.900s] DEBUG:colcon.colcon_core.package_identification:Package 'src/mower_bringup' with type 'ros.ament_cmake' and name 'mower_bringup'
[1.901s] Level 1:colcon.colcon_core.package_identification:_identify(src/mower_hardware) by extensions ['ignore', 'ignore_ament_install']
[1.902s] Level 1:colcon.colcon_core.package_identification:_identify(src/mower_hardware) by extension 'ignore'
[1.902s] Level 1:colcon.colcon_core.package_identification:_identify(src/mower_hardware) by extension 'ignore_ament_install'
[1.902s] Level 1:colcon.colcon_core.package_identification:_identify(src/mower_hardware) by extensions ['colcon_pkg']
[1.902s] Level 1:colcon.colcon_core.package_identification:_identify(src/mower_hardware) by extension 'colcon_pkg'
[1.902s] Level 1:colcon.colcon_core.package_identification:_identify(src/mower_hardware) by extensions ['colcon_meta']
[1.903s] Level 1:colcon.colcon_core.package_identification:_identify(src/mower_hardware) by extension 'colcon_meta'
[1.903s] Level 1:colcon.colcon_core.package_identification:_identify(src/mower_hardware) by extensions ['ros']
[1.903s] Level 1:colcon.colcon_core.package_identification:_identify(src/mower_hardware) by extension 'ros'
[1.906s] DEBUG:colcon.colcon_core.package_identification:Package 'src/mower_hardware' with type 'ros.ament_cmake' and name 'mower_hardware'
[1.907s] Level 1:colcon.colcon_core.package_identification:_identify(src/mower_logic) by extensions ['ignore', 'ignore_ament_install']
[1.907s] Level 1:colcon.colcon_core.package_identification:_identify(src/mower_logic) by extension 'ignore'
[1.907s] Level 1:colcon.colcon_core.package_identification:_identify(src/mower_logic) by extension 'ignore_ament_install'
[1.908s] Level 1:colcon.colcon_core.package_identification:_identify(src/mower_logic) by extensions ['colcon_pkg']
[1.908s] Level 1:colcon.colcon_core.package_identification:_identify(src/mower_logic) by extension 'colcon_pkg'
[1.908s] Level 1:colcon.colcon_core.package_identification:_identify(src/mower_logic) by extensions ['colcon_meta']
[1.908s] Level 1:colcon.colcon_core.package_identification:_identify(src/mower_logic) by extension 'colcon_meta'
[1.909s] Level 1:colcon.colcon_core.package_identification:_identify(src/mower_logic) by extensions ['ros']
[1.909s] Level 1:colcon.colcon_core.package_identification:_identify(src/mower_logic) by extension 'ros'
[1.909s] Level 1:colcon.colcon_core.package_identification:_identify(src/mower_logic) by extensions ['cmake', 'python']
[1.909s] Level 1:colcon.colcon_core.package_identification:_identify(src/mower_logic) by extension 'cmake'
[1.910s] Level 1:colcon.colcon_core.package_identification:_identify(src/mower_logic) by extension 'python'
[1.910s] Level 1:colcon.colcon_core.package_identification:_identify(src/mower_logic) by extensions ['python_setup_py']
[1.910s] Level 1:colcon.colcon_core.package_identification:_identify(src/mower_logic) by extension 'python_setup_py'
[1.911s] Level 1:colcon.colcon_core.package_identification:_identify(src/mower_logic/config) by extensions ['ignore', 'ignore_ament_install']
[1.911s] Level 1:colcon.colcon_core.package_identification:_identify(src/mower_logic/config) by extension 'ignore'
[1.911s] Level 1:colcon.colcon_core.package_identification:_identify(src/mower_logic/config) by extension 'ignore_ament_install'
[1.911s] Level 1:colcon.colcon_core.package_identification:_identify(src/mower_logic/config) by extensions ['colcon_pkg']
[1.912s] Level 1:colcon.colcon_core.package_identification:_identify(src/mower_logic/config) by extension 'colcon_pkg'
[1.912s] Level 1:colcon.colcon_core.package_identification:_identify(src/mower_logic/config) by extensions ['colcon_meta']
[1.913s] Level 1:colcon.colcon_core.package_identification:_identify(src/mower_logic/config) by extension 'colcon_meta'
[1.913s] Level 1:colcon.colcon_core.package_identification:_identify(src/mower_logic/config) by extensions ['ros']
[1.913s] Level 1:colcon.colcon_core.package_identification:_identify(src/mower_logic/config) by extension 'ros'
[1.913s] Level 1:colcon.colcon_core.package_identification:_identify(src/mower_logic/config) by extensions ['cmake', 'python']
[1.914s] Level 1:colcon.colcon_core.package_identification:_identify(src/mower_logic/config) by extension 'cmake'
[1.914s] Level 1:colcon.colcon_core.package_identification:_identify(src/mower_logic/config) by extension 'python'
[1.914s] Level 1:colcon.colcon_core.package_identification:_identify(src/mower_logic/config) by extensions ['python_setup_py']
[1.914s] Level 1:colcon.colcon_core.package_identification:_identify(src/mower_logic/config) by extension 'python_setup_py'
[1.915s] Level 1:colcon.colcon_core.package_identification:_identify(src/mower_logic/mower_logic) by extensions ['ignore', 'ignore_ament_install']
[1.915s] Level 1:colcon.colcon_core.package_identification:_identify(src/mower_logic/mower_logic) by extension 'ignore'
[1.915s] Level 1:colcon.colcon_core.package_identification:_identify(src/mower_logic/mower_logic) by extension 'ignore_ament_install'
[1.916s] Level 1:colcon.colcon_core.package_identification:_identify(src/mower_logic/mower_logic) by extensions ['colcon_pkg']
[1.916s] Level 1:colcon.colcon_core.package_identification:_identify(src/mower_logic/mower_logic) by extension 'colcon_pkg'
[1.916s] Level 1:colcon.colcon_core.package_identification:_identify(src/mower_logic/mower_logic) by extensions ['colcon_meta']
[1.916s] Level 1:colcon.colcon_core.package_identification:_identify(src/mower_logic/mower_logic) by extension 'colcon_meta'
[1.916s] Level 1:colcon.colcon_core.package_identification:_identify(src/mower_logic/mower_logic) by extensions ['ros']
[1.916s] Level 1:colcon.colcon_core.package_identification:_identify(src/mower_logic/mower_logic) by extension 'ros'
[1.917s] Level 1:colcon.colcon_core.package_identification:_identify(src/mower_logic/mower_logic) by extensions ['cmake', 'python']
[1.917s] Level 1:colcon.colcon_core.package_identification:_identify(src/mower_logic/mower_logic) by extension 'cmake'
[1.917s] Level 1:colcon.colcon_core.package_identification:_identify(src/mower_logic/mower_logic) by extension 'python'
[1.917s] Level 1:colcon.colcon_core.package_identification:_identify(src/mower_logic/mower_logic) by extensions ['python_setup_py']
[1.917s] Level 1:colcon.colcon_core.package_identification:_identify(src/mower_logic/mower_logic) by extension 'python_setup_py'
[1.918s] Level 1:colcon.colcon_core.package_identification:_identify(src/mower_logic/resource) by extensions ['ignore', 'ignore_ament_install']
[1.918s] Level 1:colcon.colcon_core.package_identification:_identify(src/mower_logic/resource) by extension 'ignore'
[1.918s] Level 1:colcon.colcon_core.package_identification:_identify(src/mower_logic/resource) by extension 'ignore_ament_install'
[1.919s] Level 1:colcon.colcon_core.package_identification:_identify(src/mower_logic/resource) by extensions ['colcon_pkg']
[1.919s] Level 1:colcon.colcon_core.package_identification:_identify(src/mower_logic/resource) by extension 'colcon_pkg'
[1.919s] Level 1:colcon.colcon_core.package_identification:_identify(src/mower_logic/resource) by extensions ['colcon_meta']
[1.919s] Level 1:colcon.colcon_core.package_identification:_identify(src/mower_logic/resource) by extension 'colcon_meta'
[1.920s] Level 1:colcon.colcon_core.package_identification:_identify(src/mower_logic/resource) by extensions ['ros']
[1.920s] Level 1:colcon.colcon_core.package_identification:_identify(src/mower_logic/resource) by extension 'ros'
[1.920s] Level 1:colcon.colcon_core.package_identification:_identify(src/mower_logic/resource) by extensions ['cmake', 'python']
[1.921s] Level 1:colcon.colcon_core.package_identification:_identify(src/mower_logic/resource) by extension 'cmake'
[1.921s] Level 1:colcon.colcon_core.package_identification:_identify(src/mower_logic/resource) by extension 'python'
[1.922s] Level 1:colcon.colcon_core.package_identification:_identify(src/mower_logic/resource) by extensions ['python_setup_py']
[1.922s] Level 1:colcon.colcon_core.package_identification:_identify(src/mower_logic/resource) by extension 'python_setup_py'
[1.922s] Level 1:colcon.colcon_core.package_discovery:discover_packages(recursive) using defaults
[1.922s] Level 1:colcon.colcon_core.package_discovery:discover_packages(ignore) discover
[1.923s] Level 1:colcon.colcon_core.package_discovery:discover_packages(ignore) using defaults
[1.923s] Level 1:colcon.colcon_core.package_discovery:discover_packages(path) discover
[1.923s] Level 1:colcon.colcon_core.package_discovery:discover_packages(path) using defaults
[1.924s] WARNING:colcon.colcon_core.package_selection:ignoring unknown package 'mower_logic' in --packages-select
[2.029s] INFO:colcon.colcon_core.package_selection:Skipping not selected package 'mower_bringup' in 'src/mower_bringup'
[2.030s] INFO:colcon.colcon_core.package_selection:Skipping not selected package 'mower_hardware' in 'src/mower_hardware'
[2.033s] Level 1:colcon.colcon_core.package_discovery:discover_packages(prefix_path) check parameters
[2.033s] Level 1:colcon.colcon_core.package_discovery:discover_packages(prefix_path) discover
[2.050s] DEBUG:colcon.colcon_installed_package_information.package_discovery:Found 2 installed packages in /home/xav2000/mower_ws/install
[2.061s] DEBUG:colcon.colcon_installed_package_information.package_discovery:Found 259 installed packages in /opt/ros/humble
[2.109s] Level 1:colcon.colcon_core.package_discovery:discover_packages(prefix_path) using defaults
[2.284s] INFO:colcon.colcon_core.executor:Executing jobs using 'parallel' executor
[2.288s] DEBUG:colcon.colcon_parallel_executor.executor.parallel:run_until_complete
[2.289s] DEBUG:colcon.colcon_parallel_executor.executor.parallel:closing loop
[2.290s] DEBUG:colcon.colcon_parallel_executor.executor.parallel:loop closed
[2.290s] DEBUG:colcon.colcon_parallel_executor.executor.parallel:run_until_complete finished with '0'
[2.290s] DEBUG:colcon.colcon_core.event_reactor:joining thread
[2.291s] DEBUG:colcon.colcon_core.event_reactor:joined thread
[2.318s] INFO:colcon.colcon_core.plugin_system:Skipping extension 'colcon_core.shell.bat': Not used on non-Windows systems
[2.319s] INFO:colcon.colcon_core.shell:Creating prefix script '/home/xav2000/mower_ws/install/local_setup.ps1'
[2.328s] INFO:colcon.colcon_core.shell:Creating prefix util module '/home/xav2000/mower_ws/install/_local_setup_util_ps1.py'
[2.335s] INFO:colcon.colcon_core.shell:Creating prefix chain script '/home/xav2000/mower_ws/install/setup.ps1'
[2.341s] INFO:colcon.colcon_core.shell:Creating prefix script '/home/xav2000/mower_ws/install/local_setup.sh'
[2.345s] INFO:colcon.colcon_core.shell:Creating prefix util module '/home/xav2000/mower_ws/install/_local_setup_util_sh.py'
[2.347s] INFO:colcon.colcon_core.shell:Creating prefix chain script '/home/xav2000/mower_ws/install/setup.sh'
[2.356s] INFO:colcon.colcon_core.shell:Creating prefix script '/home/xav2000/mower_ws/install/local_setup.bash'
[2.360s] INFO:colcon.colcon_core.shell:Creating prefix chain script '/home/xav2000/mower_ws/install/setup.bash'
[2.366s] INFO:colcon.colcon_core.shell:Creating prefix script '/home/xav2000/mower_ws/install/local_setup.zsh'
[2.375s] INFO:colcon.colcon_core.shell:Creating prefix chain script '/home/xav2000/mower_ws/install/setup.zsh'
