[0.048s] Invoking command in '/home/xav2000/mower_ws/build/mower_hardware': CMAKE_PREFIX_PATH=/opt/ros/humble /usr/bin/cmake /home/xav2000/mower_ws/src/mower_hardware -DCMAKE_INSTALL_PREFIX=/home/xav2000/mower_ws/install/mower_hardware
[1.180s] -- The C compiler identification is GNU 11.4.0
[1.906s] -- The CXX compiler identification is GNU 11.4.0
[1.951s] -- Detecting C compiler ABI info
[2.320s] -- Detecting C compiler ABI info - done
[2.346s] -- Check for working C compiler: /usr/bin/cc - skipped
[2.348s] -- Detecting C compile features
[2.351s] -- Detecting C compile features - done
[2.365s] -- Detecting CXX compiler ABI info
[2.725s] -- Detecting CXX compiler ABI info - done
[2.754s] -- Check for working CXX compiler: /usr/bin/c++ - skipped
[2.755s] -- Detecting CXX compile features
[2.756s] -- Detecting CXX compile features - done
[2.789s] -- Found ament_cmake: 1.3.14 (/opt/ros/humble/share/ament_cmake/cmake)
[3.606s] -- Found Python3: /usr/bin/python3 (found version "3.10.12") found components: Interpreter 
[4.182s] -- Found ament_lint_auto: 0.12.15 (/opt/ros/humble/share/ament_lint_auto/cmake)
[4.643s] -- Added test 'lint_cmake' to check CMake code style
[4.652s] -- Added test 'xmllint' to check XML markup files
[4.662s] -- Configuring done
[4.683s] -- Generating done
[4.692s] -- Build files have been written to: /home/xav2000/mower_ws/build/mower_hardware
[4.711s] Invoked command in '/home/xav2000/mower_ws/build/mower_hardware' returned '0': CMAKE_PREFIX_PATH=/opt/ros/humble /usr/bin/cmake /home/xav2000/mower_ws/src/mower_hardware -DCMAKE_INSTALL_PREFIX=/home/xav2000/mower_ws/install/mower_hardware
[4.721s] Invoking command in '/home/xav2000/mower_ws/build/mower_hardware': CMAKE_PREFIX_PATH=/opt/ros/humble /usr/bin/cmake --build /home/xav2000/mower_ws/build/mower_hardware -- -j4 -l4
[4.855s] Invoked command in '/home/xav2000/mower_ws/build/mower_hardware' returned '0': CMAKE_PREFIX_PATH=/opt/ros/humble /usr/bin/cmake --build /home/xav2000/mower_ws/build/mower_hardware -- -j4 -l4
[4.892s] Invoking command in '/home/xav2000/mower_ws/build/mower_hardware': CMAKE_PREFIX_PATH=/opt/ros/humble /usr/bin/cmake --install /home/xav2000/mower_ws/build/mower_hardware
[4.918s] -- Install configuration: ""
[4.920s] -- Installing: /home/xav2000/mower_ws/install/mower_hardware/share/ament_index/resource_index/package_run_dependencies/mower_hardware
[4.922s] -- Installing: /home/xav2000/mower_ws/install/mower_hardware/share/ament_index/resource_index/parent_prefix_path/mower_hardware
[4.924s] -- Installing: /home/xav2000/mower_ws/install/mower_hardware/share/mower_hardware/environment/ament_prefix_path.sh
[4.925s] -- Installing: /home/xav2000/mower_ws/install/mower_hardware/share/mower_hardware/environment/ament_prefix_path.dsv
[4.927s] -- Installing: /home/xav2000/mower_ws/install/mower_hardware/share/mower_hardware/environment/path.sh
[4.928s] -- Installing: /home/xav2000/mower_ws/install/mower_hardware/share/mower_hardware/environment/path.dsv
[4.929s] -- Installing: /home/xav2000/mower_ws/install/mower_hardware/share/mower_hardware/local_setup.bash
[4.930s] -- Installing: /home/xav2000/mower_ws/install/mower_hardware/share/mower_hardware/local_setup.sh
[4.932s] -- Installing: /home/xav2000/mower_ws/install/mower_hardware/share/mower_hardware/local_setup.zsh
[4.933s] -- Installing: /home/xav2000/mower_ws/install/mower_hardware/share/mower_hardware/local_setup.dsv
[4.934s] -- Installing: /home/xav2000/mower_ws/install/mower_hardware/share/mower_hardware/package.dsv
[4.935s] -- Installing: /home/xav2000/mower_ws/install/mower_hardware/share/ament_index/resource_index/packages/mower_hardware
[4.936s] -- Installing: /home/xav2000/mower_ws/install/mower_hardware/share/mower_hardware/cmake/mower_hardwareConfig.cmake
[4.937s] -- Installing: /home/xav2000/mower_ws/install/mower_hardware/share/mower_hardware/cmake/mower_hardwareConfig-version.cmake
[4.939s] -- Installing: /home/xav2000/mower_ws/install/mower_hardware/share/mower_hardware/package.xml
[4.947s] Invoked command in '/home/xav2000/mower_ws/build/mower_hardware' returned '0': CMAKE_PREFIX_PATH=/opt/ros/humble /usr/bin/cmake --install /home/xav2000/mower_ws/build/mower_hardware
