-- Install configuration: ""
-- Execute custom install script
-- Up-to-date symlink: /home/xav2000/mower_ws/install/mower_bringup/share/mower_bringup/launch/gps_rtk.launch.py
-- Up-to-date symlink: /home/xav2000/mower_ws/install/mower_bringup/share/mower_bringup/launch/localization.launch.py
-- Symlinking: /home/xav2000/mower_ws/install/mower_bringup/share/mower_bringup/launch/navigation.launch.py
-- Up-to-date symlink: /home/xav2000/mower_ws/install/mower_bringup/share/mower_bringup/config/ekf_gps.yaml
-- Symlinking: /home/xav2000/mower_ws/install/mower_bringup/share/mower_bringup/config/nav2_params.yaml
-- Up-to-date symlink: /home/xav2000/mower_ws/install/mower_bringup/share/ament_index/resource_index/package_run_dependencies/mower_bringup
-- Up-to-date symlink: /home/xav2000/mower_ws/install/mower_bringup/share/ament_index/resource_index/parent_prefix_path/mower_bringup
-- Up-to-date symlink: /home/xav2000/mower_ws/install/mower_bringup/share/mower_bringup/environment/ament_prefix_path.sh
-- Up-to-date symlink: /home/xav2000/mower_ws/install/mower_bringup/share/mower_bringup/environment/ament_prefix_path.dsv
-- Up-to-date symlink: /home/xav2000/mower_ws/install/mower_bringup/share/mower_bringup/environment/path.sh
-- Up-to-date symlink: /home/xav2000/mower_ws/install/mower_bringup/share/mower_bringup/environment/path.dsv
-- Up-to-date symlink: /home/xav2000/mower_ws/install/mower_bringup/share/mower_bringup/local_setup.bash
-- Up-to-date symlink: /home/xav2000/mower_ws/install/mower_bringup/share/mower_bringup/local_setup.sh
-- Up-to-date symlink: /home/xav2000/mower_ws/install/mower_bringup/share/mower_bringup/local_setup.zsh
-- Up-to-date symlink: /home/xav2000/mower_ws/install/mower_bringup/share/mower_bringup/local_setup.dsv
-- Symlinking: /home/xav2000/mower_ws/install/mower_bringup/share/mower_bringup/package.dsv
-- Up-to-date symlink: /home/xav2000/mower_ws/install/mower_bringup/share/ament_index/resource_index/packages/mower_bringup
-- Up-to-date symlink: /home/xav2000/mower_ws/install/mower_bringup/share/mower_bringup/cmake/mower_bringupConfig.cmake
-- Up-to-date symlink: /home/xav2000/mower_ws/install/mower_bringup/share/mower_bringup/cmake/mower_bringupConfig-version.cmake
-- Up-to-date symlink: /home/xav2000/mower_ws/install/mower_bringup/share/mower_bringup/package.xml
