[0.058s] Invoking command in '/home/xav2000/mower_ws/build/mower_bringup': CMAKE_PREFIX_PATH=${CMAKE_PREFIX_PATH}:/opt/ros/humble /usr/bin/cmake /home/xav2000/mower_ws/src/mower_bringup -DAMENT_CMAKE_SYMLINK_INSTALL=1 -DCMAKE_INSTALL_PREFIX=/home/xav2000/mower_ws/install/mower_bringup
[0.103s] -- Found ament_cmake: 1.3.14 (/opt/ros/humble/share/ament_cmake/cmake)
[0.667s] -- Override CMake install command with custom implementation using symlinks instead of copying resources
[0.711s] -- Found ament_lint_auto: 0.12.15 (/opt/ros/humble/share/ament_lint_auto/cmake)
[1.048s] -- Added test 'flake8' to check Python code syntax and style conventions
[1.051s] -- Added test 'lint_cmake' to check CMake code style
[1.053s] -- Added test 'pep257' to check Python code against some of the docstring style conventions in PEP 257
[1.060s] -- Added test 'xmllint' to check XML markup files
[1.066s] -- Configuring done
[1.084s] -- Generating done
[1.092s] -- Build files have been written to: /home/xav2000/mower_ws/build/mower_bringup
[1.101s] Invoked command in '/home/xav2000/mower_ws/build/mower_bringup' returned '0': CMAKE_PREFIX_PATH=${CMAKE_PREFIX_PATH}:/opt/ros/humble /usr/bin/cmake /home/xav2000/mower_ws/src/mower_bringup -DAMENT_CMAKE_SYMLINK_INSTALL=1 -DCMAKE_INSTALL_PREFIX=/home/xav2000/mower_ws/install/mower_bringup
[1.111s] Invoking command in '/home/xav2000/mower_ws/build/mower_bringup': CMAKE_PREFIX_PATH=${CMAKE_PREFIX_PATH}:/opt/ros/humble /usr/bin/cmake --build /home/xav2000/mower_ws/build/mower_bringup -- -j4 -l4
[1.243s] Invoked command in '/home/xav2000/mower_ws/build/mower_bringup' returned '0': CMAKE_PREFIX_PATH=${CMAKE_PREFIX_PATH}:/opt/ros/humble /usr/bin/cmake --build /home/xav2000/mower_ws/build/mower_bringup -- -j4 -l4
[1.279s] Invoking command in '/home/xav2000/mower_ws/build/mower_bringup': CMAKE_PREFIX_PATH=${CMAKE_PREFIX_PATH}:/opt/ros/humble /usr/bin/cmake --install /home/xav2000/mower_ws/build/mower_bringup
[1.307s] -- Install configuration: ""
[1.309s] -- Execute custom install script
[1.311s] -- Symlinking: /home/xav2000/mower_ws/install/mower_bringup/share/mower_bringup/launch/gps_rtk.launch.py
[1.341s] -- Symlinking: /home/xav2000/mower_ws/install/mower_bringup/share/ament_index/resource_index/package_run_dependencies/mower_bringup
[1.372s] -- Symlinking: /home/xav2000/mower_ws/install/mower_bringup/share/ament_index/resource_index/parent_prefix_path/mower_bringup
[1.402s] -- Symlinking: /home/xav2000/mower_ws/install/mower_bringup/share/mower_bringup/environment/ament_prefix_path.sh
[1.432s] -- Symlinking: /home/xav2000/mower_ws/install/mower_bringup/share/mower_bringup/environment/ament_prefix_path.dsv
[1.463s] -- Symlinking: /home/xav2000/mower_ws/install/mower_bringup/share/mower_bringup/environment/path.sh
[1.494s] -- Symlinking: /home/xav2000/mower_ws/install/mower_bringup/share/mower_bringup/environment/path.dsv
[1.525s] -- Symlinking: /home/xav2000/mower_ws/install/mower_bringup/share/mower_bringup/local_setup.bash
[1.555s] -- Symlinking: /home/xav2000/mower_ws/install/mower_bringup/share/mower_bringup/local_setup.sh
[1.585s] -- Symlinking: /home/xav2000/mower_ws/install/mower_bringup/share/mower_bringup/local_setup.zsh
[1.616s] -- Symlinking: /home/xav2000/mower_ws/install/mower_bringup/share/mower_bringup/local_setup.dsv
[1.647s] -- Symlinking: /home/xav2000/mower_ws/install/mower_bringup/share/mower_bringup/package.dsv
[1.677s] -- Symlinking: /home/xav2000/mower_ws/install/mower_bringup/share/ament_index/resource_index/packages/mower_bringup
[1.708s] -- Symlinking: /home/xav2000/mower_ws/install/mower_bringup/share/mower_bringup/cmake/mower_bringupConfig.cmake
[1.739s] -- Symlinking: /home/xav2000/mower_ws/install/mower_bringup/share/mower_bringup/cmake/mower_bringupConfig-version.cmake
[1.769s] -- Symlinking: /home/xav2000/mower_ws/install/mower_bringup/share/mower_bringup/package.xml
[1.806s] Invoked command in '/home/xav2000/mower_ws/build/mower_bringup' returned '0': CMAKE_PREFIX_PATH=${CMAKE_PREFIX_PATH}:/opt/ros/humble /usr/bin/cmake --install /home/xav2000/mower_ws/build/mower_bringup
