[0.061s] Invoking command in '/home/xav2000/mower_ws/build/mower_bringup': CMAKE_PREFIX_PATH=${CMAKE_PREFIX_PATH}:/home/xav2000/mower_ws/install/mower_logic:/opt/ros/humble /usr/bin/cmake /home/xav2000/mower_ws/src/mower_bringup -DCMAKE_INSTALL_PREFIX=/home/xav2000/mower_ws/install/mower_bringup
[0.329s] -- Found ament_cmake: 1.3.14 (/opt/ros/humble/share/ament_cmake/cmake)
[0.989s] -- Override CMake install command with custom implementation using symlinks instead of copying resources
[1.096s] -- Found ament_lint_auto: 0.12.15 (/opt/ros/humble/share/ament_lint_auto/cmake)
[1.536s] -- Added test 'flake8' to check Python code syntax and style conventions
[1.542s] -- Added test 'lint_cmake' to check CMake code style
[1.545s] -- Added test 'pep257' to check Python code against some of the docstring style conventions in PEP 257
[1.559s] -- Added test 'xmllint' to check XML markup files
[1.571s] -- Configuring done
[1.609s] -- Generating done
[1.628s] -- Build files have been written to: /home/xav2000/mower_ws/build/mower_bringup
[1.649s] Invoked command in '/home/xav2000/mower_ws/build/mower_bringup' returned '0': CMAKE_PREFIX_PATH=${CMAKE_PREFIX_PATH}:/home/xav2000/mower_ws/install/mower_logic:/opt/ros/humble /usr/bin/cmake /home/xav2000/mower_ws/src/mower_bringup -DCMAKE_INSTALL_PREFIX=/home/xav2000/mower_ws/install/mower_bringup
[1.658s] Invoking command in '/home/xav2000/mower_ws/build/mower_bringup': CMAKE_PREFIX_PATH=${CMAKE_PREFIX_PATH}:/home/xav2000/mower_ws/install/mower_logic:/opt/ros/humble /usr/bin/cmake --build /home/xav2000/mower_ws/build/mower_bringup -- -j4 -l4
[1.818s] Invoked command in '/home/xav2000/mower_ws/build/mower_bringup' returned '0': CMAKE_PREFIX_PATH=${CMAKE_PREFIX_PATH}:/home/xav2000/mower_ws/install/mower_logic:/opt/ros/humble /usr/bin/cmake --build /home/xav2000/mower_ws/build/mower_bringup -- -j4 -l4
[1.860s] Invoking command in '/home/xav2000/mower_ws/build/mower_bringup': CMAKE_PREFIX_PATH=${CMAKE_PREFIX_PATH}:/home/xav2000/mower_ws/install/mower_logic:/opt/ros/humble /usr/bin/cmake --install /home/xav2000/mower_ws/build/mower_bringup
[1.888s] -- Install configuration: ""
[1.890s] -- Execute custom install script
[1.893s] -- Symlinking: /home/xav2000/mower_ws/install/mower_bringup/share/mower_bringup/launch/dual_ekf_navsat.launch.py
[1.934s] -- Up-to-date symlink: /home/xav2000/mower_ws/install/mower_bringup/share/mower_bringup/launch/gps_rtk.launch.py
[1.935s] -- Up-to-date symlink: /home/xav2000/mower_ws/install/mower_bringup/share/mower_bringup/launch/localization.launch.py
[1.936s] -- Up-to-date symlink: /home/xav2000/mower_ws/install/mower_bringup/share/mower_bringup/launch/navigation.launch.py
[1.937s] -- Up-to-date symlink: /home/xav2000/mower_ws/install/mower_bringup/share/mower_bringup/config/ekf_gps.yaml
[1.938s] -- Up-to-date symlink: /home/xav2000/mower_ws/install/mower_bringup/share/mower_bringup/config/nav2_params.yaml
[1.942s] -- Up-to-date symlink: /home/xav2000/mower_ws/install/mower_bringup/lib/mower_bringup/gps_waypoint_follower.py
[1.944s] -- Up-to-date symlink: /home/xav2000/mower_ws/install/mower_bringup/share/ament_index/resource_index/package_run_dependencies/mower_bringup
[1.947s] -- Up-to-date symlink: /home/xav2000/mower_ws/install/mower_bringup/share/ament_index/resource_index/parent_prefix_path/mower_bringup
[1.949s] -- Up-to-date symlink: /home/xav2000/mower_ws/install/mower_bringup/share/mower_bringup/environment/ament_prefix_path.sh
[1.950s] -- Up-to-date symlink: /home/xav2000/mower_ws/install/mower_bringup/share/mower_bringup/environment/ament_prefix_path.dsv
[1.951s] -- Up-to-date symlink: /home/xav2000/mower_ws/install/mower_bringup/share/mower_bringup/environment/path.sh
[1.952s] -- Up-to-date symlink: /home/xav2000/mower_ws/install/mower_bringup/share/mower_bringup/environment/path.dsv
[1.953s] -- Up-to-date symlink: /home/xav2000/mower_ws/install/mower_bringup/share/mower_bringup/local_setup.bash
[1.954s] -- Up-to-date symlink: /home/xav2000/mower_ws/install/mower_bringup/share/mower_bringup/local_setup.sh
[1.955s] -- Up-to-date symlink: /home/xav2000/mower_ws/install/mower_bringup/share/mower_bringup/local_setup.zsh
[1.956s] -- Up-to-date symlink: /home/xav2000/mower_ws/install/mower_bringup/share/mower_bringup/local_setup.dsv
[1.957s] -- Symlinking: /home/xav2000/mower_ws/install/mower_bringup/share/mower_bringup/package.dsv
[1.995s] -- Up-to-date symlink: /home/xav2000/mower_ws/install/mower_bringup/share/ament_index/resource_index/packages/mower_bringup
[1.997s] -- Up-to-date symlink: /home/xav2000/mower_ws/install/mower_bringup/share/mower_bringup/cmake/mower_bringupConfig.cmake
[1.997s] -- Up-to-date symlink: /home/xav2000/mower_ws/install/mower_bringup/share/mower_bringup/cmake/mower_bringupConfig-version.cmake
[1.999s] -- Up-to-date symlink: /home/xav2000/mower_ws/install/mower_bringup/share/mower_bringup/package.xml
[2.019s] Invoked command in '/home/xav2000/mower_ws/build/mower_bringup' returned '0': CMAKE_PREFIX_PATH=${CMAKE_PREFIX_PATH}:/home/xav2000/mower_ws/install/mower_logic:/opt/ros/humble /usr/bin/cmake --install /home/xav2000/mower_ws/build/mower_bringup
